
 Start         Length     Name                   Class
 0001:00000000 0006577CH .text                   CODE
 0002:00000000 00006EF0H .data                   DATA
 0002:00006EF0 00034DF5H .bss                    BSS


Detailed map of segments

 0001:00000000 000056FF C=CODE     S=.text    G=(none)   M=System   ACBP=A9
 0001:00005700 00000140 C=CODE     S=.text    G=(none)   M=SysInit  ACBP=A9
 0001:00005840 00000038 C=CODE     S=.text    G=(none)   M=Types    ACBP=A9
 0001:00005878 00000770 C=CODE     S=.text    G=(none)   M=Windows  ACBP=A9
 0001:00005FE8 00000038 C=CODE     S=.text    G=(none)   M=Messages ACBP=A9
 0001:00006020 000000A0 C=CODE     S=.text    G=(none)   M=MMSystem ACBP=A9
 0001:000060C0 00001EC6 C=CODE     S=.text    G=(none)   M=VC       ACBP=A9
 0001:00007F88 00000DC4 C=CODE     S=.text    G=(none)   M=uMenu    ACBP=A9
 0001:00008D4C 00000404 C=CODE     S=.text    G=(none)   M=utils_text ACBP=A9
 0001:00009150 000013CC C=CODE     S=.text    G=(none)   M=TF       ACBP=A9
 0001:0000A51C 00000628 C=CODE     S=.text    G=(none)   M=uRussiaOblasts ACBP=A9
 0001:0000AB44 0000033F C=CODE     S=.text    G=(none)   M=uCommctrl ACBP=A9
 0001:0000AE84 00000120 C=CODE     S=.text    G=(none)   M=utils_file ACBP=A9
 0001:0000AFA4 00000098 C=CODE     S=.text    G=(none)   M=utils_math ACBP=A9
 0001:0000B03C 000017C0 C=CODE     S=.text    G=(none)   M=LogGrid  ACBP=A9
 0001:0000C7FC 00001784 C=CODE     S=.text    G=(none)   M=uCTYDAT  ACBP=A9
 0001:0000DF80 00001580 C=CODE     S=.text    G=(none)   M=uCallSignRoutines ACBP=A9
 0001:0000F500 000000D0 C=CODE     S=.text    G=(none)   M=winsock2 ACBP=A9
 0001:0000F5D0 000000DC C=CODE     S=.text    G=(none)   M=utils_net ACBP=A9
 0001:0000F6AC 00000344 C=CODE     S=.text    G=(none)   M=uSSL     ACBP=A9
 0001:0000F9F0 00000078 C=CODE     S=.text    G=(none)   M=WinSvc   ACBP=A9
 0001:0000FA68 000001C4 C=CODE     S=.text    G=(none)   M=uGradient ACBP=A9
 0001:0000FC2C 00000038 C=CODE     S=.text    G=(none)   M=HtmlHelp ACBP=A9
 0001:0000FC64 000008B0 C=CODE     S=.text    G=(none)   M=uTotal   ACBP=A9
 0001:00010514 000000A8 C=CODE     S=.text    G=(none)   M=uCRC32   ACBP=A9
 0001:000105BC 0000007C C=CODE     S=.text    G=(none)   M=uMissingMults ACBP=A9
 0001:00010638 00002450 C=CODE     S=.text    G=(none)   M=uRadioPolling ACBP=A9
 0001:00012A88 000002D8 C=CODE     S=.text    G=(none)   M=uCT1BOH  ACBP=A9
 0001:00012D60 00007B40 C=CODE     S=.text    G=(none)   M=MainUnit ACBP=A9
 0001:0001A8A0 00000458 C=CODE     S=.text    G=(none)   M=uLogSearch ACBP=A9
 0001:0001ACF8 00000338 C=CODE     S=.text    G=(none)   M=uBeacons ACBP=A9
 0001:0001B030 00000748 C=CODE     S=.text    G=(none)   M=uSynTime ACBP=A9
 0001:0001B778 00000038 C=CODE     S=.text    G=(none)   M=uReminder ACBP=A9
 0001:0001B7B0 000003D0 C=CODE     S=.text    G=(none)   M=uDupesheet ACBP=A9
 0001:0001BB80 000002E8 C=CODE     S=.text    G=(none)   M=uSendSpot ACBP=A9
 0001:0001BE68 00000428 C=CODE     S=.text    G=(none)   M=uSendKeyboard ACBP=A9
 0001:0001C290 0000148C C=CODE     S=.text    G=(none)   M=uOption  ACBP=A9
 0001:0001D71C 000001E0 C=CODE     S=.text    G=(none)   M=uRadio12 ACBP=A9
 0001:0001D8FC 00000474 C=CODE     S=.text    G=(none)   M=uFileView ACBP=A9
 0001:0001DD70 000002B4 C=CODE     S=.text    G=(none)   M=uAutoCQ  ACBP=A9
 0001:0001E024 000006E0 C=CODE     S=.text    G=(none)   M=uCAT     ACBP=A9
 0001:0001E704 000001CC C=CODE     S=.text    G=(none)   M=uWinManager ACBP=A9
 0001:0001E8D0 00000C54 C=CODE     S=.text    G=(none)   M=uQTCR    ACBP=A9
 0001:0001F524 000004D8 C=CODE     S=.text    G=(none)   M=LPT      ACBP=A9
 0001:0001F9FC 000001BC C=CODE     S=.text    G=(none)   M=uMessages ACBP=A9
 0001:0001FBB8 000004EC C=CODE     S=.text    G=(none)   M=uGetServerLog ACBP=A9
 0001:000200A4 00000198 C=CODE     S=.text    G=(none)   M=uLogEdit ACBP=A9
 0001:0002023C 00002F78 C=CODE     S=.text    G=(none)   M=uCFG     ACBP=A9
 0001:000231B4 0000056C C=CODE     S=.text    G=(none)   M=uFunctionKeys ACBP=A9
 0001:00023720 00000A58 C=CODE     S=.text    G=(none)   M=uBandmap ACBP=A9
 0001:00024178 000003DC C=CODE     S=.text    G=(none)   M=uRemMults ACBP=A9
 0001:00024554 00000C1C C=CODE     S=.text    G=(none)   M=uProcessCommand ACBP=A9
 0001:00025170 00001058 C=CODE     S=.text    G=(none)   M=LOGSUBS2 ACBP=A9
 0001:000261C8 00000BE4 C=CODE     S=.text    G=(none)   M=uEditQSO ACBP=A9
 0001:00026DAC 000007F4 C=CODE     S=.text    G=(none)   M=uAltP    ACBP=A9
 0001:000275A0 0000123C C=CODE     S=.text    G=(none)   M=LOGSUBS1 ACBP=A9
 0001:000287DC 00000F28 C=CODE     S=.text    G=(none)   M=LogCfg   ACBP=A9
 0001:00029704 00000780 C=CODE     S=.text    G=(none)   M=uEditMessage ACBP=A9
 0001:00029E84 000002F8 C=CODE     S=.text    G=(none)   M=CFGDEF   ACBP=A9
 0001:0002A17C 000011CC C=CODE     S=.text    G=(none)   M=uNet     ACBP=A9
 0001:0002B348 000002F8 C=CODE     S=.text    G=(none)   M=CFGCMD   ACBP=A9
 0001:0002B640 000003E8 C=CODE     S=.text    G=(none)   M=LOGWAE   ACBP=A9
 0001:0002BA28 00000B54 C=CODE     S=.text    G=(none)   M=uQTCS    ACBP=A9
 0001:0002C57C 000001D8 C=CODE     S=.text    G=(none)   M=uDialogs ACBP=A9
 0001:0002C754 000032FC C=CODE     S=.text    G=(none)   M=FCONTEST ACBP=A9
 0001:0002FA50 00000268 C=CODE     S=.text    G=(none)   M=uIntercom ACBP=A9
 0001:0002FCB8 00000488 C=CODE     S=.text    G=(none)   M=uLogCompare ACBP=A9
 0001:00030140 00001428 C=CODE     S=.text    G=(none)   M=uTelnet  ACBP=A9
 0001:00031568 00000038 C=CODE     S=.text    G=(none)   M=uCheckLatestVersion ACBP=A9
 0001:000315A0 00000038 C=CODE     S=.text    G=(none)   M=uQuickEdit ACBP=A9
 0001:000315D8 00000384 C=CODE     S=.text    G=(none)   M=uBMCF    ACBP=A9
 0001:0003195C 000004F4 C=CODE     S=.text    G=(none)   M=uStations ACBP=A9
 0001:00031E50 00000118 C=CODE     S=.text    G=(none)   M=uMessagesList ACBP=A9
 0001:00031F68 00000264 C=CODE     S=.text    G=(none)   M=uAltD    ACBP=A9
 0001:000321CC 0000086C C=CODE     S=.text    G=(none)   M=uGetScores ACBP=A9
 0001:00032A38 000008EC C=CODE     S=.text    G=(none)   M=uMP3Recorder ACBP=A9
 0001:00033324 00000A20 C=CODE     S=.text    G=(none)   M=uSpots   ACBP=A9
 0001:00033D44 00000038 C=CODE     S=.text    G=(none)   M=LogPack  ACBP=A9
 0001:00033D7C 00000D14 C=CODE     S=.text    G=(none)   M=LOGSend  ACBP=A9
 0001:00034A90 00000200 C=CODE     S=.text    G=(none)   M=uMaster  ACBP=A9
 0001:00034C90 000004F0 C=CODE     S=.text    G=(none)   M=uCbrSum  ACBP=A9
 0001:00035180 0000531C C=CODE     S=.text    G=(none)   M=PostUnit ACBP=A9
 0001:0003A49C 00002D84 C=CODE     S=.text    G=(none)   M=LogEdit  ACBP=A9
 0001:0003D220 00009EFD C=CODE     S=.text    G=(none)   M=LogStuff ACBP=A9
 0001:00047120 00000890 C=CODE     S=.text    G=(none)   M=LogCW    ACBP=A9
 0001:000479B0 00000664 C=CODE     S=.text    G=(none)   M=LOGDVP   ACBP=A9
 0001:00048014 00000038 C=CODE     S=.text    G=(none)   M=uMMTTY   ACBP=A9
 0001:0004804C 00000060 C=CODE     S=.text    G=(none)   M=uMixW    ACBP=A9
 0001:000480AC 00001967 C=CODE     S=.text    G=(none)   M=LogDupe  ACBP=A9
 0001:00049A14 00002F9F C=CODE     S=.text    G=(none)   M=LogWind  ACBP=A9
 0001:0004C9B4 00000038 C=CODE     S=.text    G=(none)   M=LogNet   ACBP=A9
 0001:0004C9EC 00002190 C=CODE     S=.text    G=(none)   M=LogK1EA  ACBP=A9
 0001:0004EB7C 000006D4 C=CODE     S=.text    G=(none)   M=uIO      ACBP=A9
 0001:0004F250 00000228 C=CODE     S=.text    G=(none)   M=BeepUnit ACBP=A9
 0001:0004F478 00000570 C=CODE     S=.text    G=(none)   M=uErmak   ACBP=A9
 0001:0004F9E8 000001E4 C=CODE     S=.text    G=(none)   M=uInputQuery ACBP=A9
 0001:0004FBCC 00000A14 C=CODE     S=.text    G=(none)   M=LogDom   ACBP=A9
 0001:000505E0 0000045A C=CODE     S=.text    G=(none)   M=uMults   ACBP=A9
 0001:00050A3C 000007B6 C=CODE     S=.text    G=(none)   M=uCallsigns ACBP=A9
 0001:000511F4 00001654 C=CODE     S=.text    G=(none)   M=LogSCP   ACBP=A9
 0001:00052848 000007B0 C=CODE     S=.text    G=(none)   M=uWinKey  ACBP=A9
 0001:00052FF8 000016A3 C=CODE     S=.text    G=(none)   M=LogRadio ACBP=A9
 0001:0005469C 000006A8 C=CODE     S=.text    G=(none)   M=ZoneCont ACBP=A9
 0001:00054D44 000014CC C=CODE     S=.text    G=(none)   M=Tree     ACBP=A9
 0001:00056210 00001D08 C=CODE     S=.text    G=(none)   M=uNewContest ACBP=A9
 0001:00057F18 00000308 C=CODE     S=.text    G=(none)   M=SysConst ACBP=A9
 0001:00058220 00005E34 C=CODE     S=.text    G=(none)   M=SysUtils ACBP=A9
 0001:0005E054 000007FB C=CODE     S=.text    G=(none)   M=VarUtils ACBP=A9
 0001:0005E850 0000280E C=CODE     S=.text    G=(none)   M=Variants ACBP=A9
 0001:00061060 00000098 C=CODE     S=.text    G=(none)   M=RTLConsts ACBP=A9
 0001:000610F8 00000084 C=CODE     S=.text    G=(none)   M=TypInfo  ACBP=A9
 0001:0006117C 00000038 C=CODE     S=.text    G=(none)   M=ActiveX  ACBP=A9
 0001:000611B4 00003466 C=CODE     S=.text    G=(none)   M=Classes  ACBP=A9
 0001:0006461C 00000038 C=CODE     S=.text    G=(none)   M=WinInet  ACBP=A9
 0001:00064654 00000038 C=CODE     S=.text    G=(none)   M=EncdDecd ACBP=A9
 0001:0006468C 00000038 C=CODE     S=.text    G=(none)   M=uInet    ACBP=A9
 0001:000646C4 00000038 C=CODE     S=.text    G=(none)   M=uProfiler ACBP=A9
 0001:000646FC 00000038 C=CODE     S=.text    G=(none)   M=utils_hw ACBP=A9
 0001:00064734 00000038 C=CODE     S=.text    G=(none)   M=exportto_trlog ACBP=A9
 0001:0006476C 00001010 C=CODE     S=.text    G=(none)   M=tr4w     ACBP=A9
 0002:00000000 000000CC C=DATA     S=.data    G=DGROUP   M=System   ACBP=A9
 0002:000000CC 0000001C C=DATA     S=.data    G=DGROUP   M=SysInit  ACBP=A9
 0002:000000E8 00001DA0 C=DATA     S=.data    G=DGROUP   M=VC       ACBP=A9
 0002:00001E88 00000608 C=DATA     S=.data    G=DGROUP   M=uMenu    ACBP=A9
 0002:00002490 00000028 C=DATA     S=.data    G=DGROUP   M=TF       ACBP=A9
 0002:000024B8 000000A8 C=DATA     S=.data    G=DGROUP   M=uRussiaOblasts ACBP=A9
 0002:00002560 0000000D C=DATA     S=.data    G=DGROUP   M=LogGrid  ACBP=A9
 0002:00002570 00000718 C=DATA     S=.data    G=DGROUP   M=uCTYDAT  ACBP=A9
 0002:00002C88 00000038 C=DATA     S=.data    G=DGROUP   M=uRadioPolling ACBP=A9
 0002:00002CC0 00000007 C=DATA     S=.data    G=DGROUP   M=uCT1BOH  ACBP=A9
 0002:00002CC8 00000044 C=DATA     S=.data    G=DGROUP   M=MainUnit ACBP=A9
 0002:00002D0C 00000010 C=DATA     S=.data    G=DGROUP   M=uLogSearch ACBP=A9
 0002:00002D1C 0000005C C=DATA     S=.data    G=DGROUP   M=uBeacons ACBP=A9
 0002:00002D78 0000002C C=DATA     S=.data    G=DGROUP   M=uSynTime ACBP=A9
 0002:00002DA4 0000000B C=DATA     S=.data    G=DGROUP   M=uDupesheet ACBP=A9
 0002:00002DB0 0000000C C=DATA     S=.data    G=DGROUP   M=uSendSpot ACBP=A9
 0002:00002DBC 00000014 C=DATA     S=.data    G=DGROUP   M=uOption  ACBP=A9
 0002:00002DD0 00000010 C=DATA     S=.data    G=DGROUP   M=uRadio12 ACBP=A9
 0002:00002DE0 00000008 C=DATA     S=.data    G=DGROUP   M=uAutoCQ  ACBP=A9
 0002:00002DE8 00000048 C=DATA     S=.data    G=DGROUP   M=uQTCR    ACBP=A9
 0002:00002E30 00000018 C=DATA     S=.data    G=DGROUP   M=LPT      ACBP=A9
 0002:00002E48 0000000C C=DATA     S=.data    G=DGROUP   M=uMessages ACBP=A9
 0002:00002E54 00000001 C=DATA     S=.data    G=DGROUP   M=uGetServerLog ACBP=A9
 0002:00002E58 00002560 C=DATA     S=.data    G=DGROUP   M=uCFG     ACBP=A9
 0002:000053B8 00000030 C=DATA     S=.data    G=DGROUP   M=uFunctionKeys ACBP=A9
 0002:000053E8 00000020 C=DATA     S=.data    G=DGROUP   M=uBandmap ACBP=A9
 0002:00005408 000001B0 C=DATA     S=.data    G=DGROUP   M=uProcessCommand ACBP=A9
 0002:000055B8 0000008C C=DATA     S=.data    G=DGROUP   M=uAltP    ACBP=A9
 0002:00005644 00000010 C=DATA     S=.data    G=DGROUP   M=LogCfg   ACBP=A9
 0002:00005654 00000018 C=DATA     S=.data    G=DGROUP   M=uEditMessage ACBP=A9
 0002:0000566C 000000D0 C=DATA     S=.data    G=DGROUP   M=uNet     ACBP=A9
 0002:0000573C 00000005 C=DATA     S=.data    G=DGROUP   M=LOGWAE   ACBP=A9
 0002:00005744 00000044 C=DATA     S=.data    G=DGROUP   M=uQTCS    ACBP=A9
 0002:00005788 00000083 C=DATA     S=.data    G=DGROUP   M=uTelnet  ACBP=A9
 0002:0000580C 0000002C C=DATA     S=.data    G=DGROUP   M=uGetScores ACBP=A9
 0002:00005838 00000014 C=DATA     S=.data    G=DGROUP   M=uMP3Recorder ACBP=A9
 0002:0000584C 000000FC C=DATA     S=.data    G=DGROUP   M=uCbrSum  ACBP=A9
 0002:00005948 00000178 C=DATA     S=.data    G=DGROUP   M=PostUnit ACBP=A9
 0002:00005AC0 000001A0 C=DATA     S=.data    G=DGROUP   M=LogStuff ACBP=A9
 0002:00005C60 00000025 C=DATA     S=.data    G=DGROUP   M=LogCW    ACBP=A9
 0002:00005C88 00000004 C=DATA     S=.data    G=DGROUP   M=LOGDVP   ACBP=A9
 0002:00005C8C 00000071 C=DATA     S=.data    G=DGROUP   M=LogDupe  ACBP=A9
 0002:00005D00 00000314 C=DATA     S=.data    G=DGROUP   M=LogWind  ACBP=A9
 0002:00006014 00000177 C=DATA     S=.data    G=DGROUP   M=LogK1EA  ACBP=A9
 0002:0000618C 0000000C C=DATA     S=.data    G=DGROUP   M=uIO      ACBP=A9
 0002:00006198 00000018 C=DATA     S=.data    G=DGROUP   M=BeepUnit ACBP=A9
 0002:000061B0 00000059 C=DATA     S=.data    G=DGROUP   M=uErmak   ACBP=A9
 0002:0000620C 0000000D C=DATA     S=.data    G=DGROUP   M=LogDom   ACBP=A9
 0002:0000621C 0000000C C=DATA     S=.data    G=DGROUP   M=LogSCP   ACBP=A9
 0002:00006228 00000068 C=DATA     S=.data    G=DGROUP   M=uWinKey  ACBP=A9
 0002:00006290 000005EC C=DATA     S=.data    G=DGROUP   M=LogRadio ACBP=A9
 0002:0000687C 000000C6 C=DATA     S=.data    G=DGROUP   M=Tree     ACBP=A9
 0002:00006944 00000054 C=DATA     S=.data    G=DGROUP   M=uNewContest ACBP=A9
 0002:00006998 00000250 C=DATA     S=.data    G=DGROUP   M=SysUtils ACBP=A9
 0002:00006BE8 00000008 C=DATA     S=.data    G=DGROUP   M=VarUtils ACBP=A9
 0002:00006BF0 00000076 C=DATA     S=.data    G=DGROUP   M=Variants ACBP=A9
 0002:00006C68 0000000C C=DATA     S=.data    G=DGROUP   M=TypInfo  ACBP=A9
 0002:00006C74 00000004 C=DATA     S=.data    G=DGROUP   M=Classes  ACBP=A9
 0002:00007000 0000065C C=BSS      S=.bss     G=DGROUP   M=System   ACBP=A9
 0002:0000765C 00000010 C=BSS      S=.bss     G=DGROUP   M=SysInit  ACBP=A9
 0002:0000766C 00000004 C=BSS      S=.bss     G=DGROUP   M=Types    ACBP=A9
 0002:00007670 00000004 C=BSS      S=.bss     G=DGROUP   M=Windows  ACBP=A9
 0002:00007674 00000004 C=BSS      S=.bss     G=DGROUP   M=Messages ACBP=A9
 0002:00007678 00000004 C=BSS      S=.bss     G=DGROUP   M=MMSystem ACBP=A9
 0002:0000767C 00002638 C=BSS      S=.bss     G=DGROUP   M=VC       ACBP=A9
 0002:00009CB4 00000004 C=BSS      S=.bss     G=DGROUP   M=uMenu    ACBP=A9
 0002:00009CB8 00000004 C=BSS      S=.bss     G=DGROUP   M=utils_text ACBP=A9
 0002:00009CBC 000086A4 C=BSS      S=.bss     G=DGROUP   M=TF       ACBP=A9
 0002:00012360 00000004 C=BSS      S=.bss     G=DGROUP   M=uRussiaOblasts ACBP=A9
 0002:00012364 0000000C C=BSS      S=.bss     G=DGROUP   M=uCommctrl ACBP=A9
 0002:00012370 00000144 C=BSS      S=.bss     G=DGROUP   M=utils_file ACBP=A9
 0002:000124B4 00000004 C=BSS      S=.bss     G=DGROUP   M=utils_math ACBP=A9
 0002:000124B8 00000014 C=BSS      S=.bss     G=DGROUP   M=LogGrid  ACBP=A9
 0002:000124CC 000053A8 C=BSS      S=.bss     G=DGROUP   M=uCTYDAT  ACBP=A9
 0002:00017874 00000004 C=BSS      S=.bss     G=DGROUP   M=uCallSignRoutines ACBP=A9
 0002:00017878 00000004 C=BSS      S=.bss     G=DGROUP   M=winsock2 ACBP=A9
 0002:0001787C 00000198 C=BSS      S=.bss     G=DGROUP   M=utils_net ACBP=A9
 0002:00017A14 00000004 C=BSS      S=.bss     G=DGROUP   M=uSSL     ACBP=A9
 0002:00017A18 00000004 C=BSS      S=.bss     G=DGROUP   M=WinSvc   ACBP=A9
 0002:00017A1C 00000008 C=BSS      S=.bss     G=DGROUP   M=uGradient ACBP=A9
 0002:00017A24 00000004 C=BSS      S=.bss     G=DGROUP   M=HtmlHelp ACBP=A9
 0002:00017A28 00000010 C=BSS      S=.bss     G=DGROUP   M=uTotal   ACBP=A9
 0002:00017A38 00000404 C=BSS      S=.bss     G=DGROUP   M=uCRC32   ACBP=A9
 0002:00017E3C 00000004 C=BSS      S=.bss     G=DGROUP   M=uMissingMults ACBP=A9
 0002:00017E40 00000004 C=BSS      S=.bss     G=DGROUP   M=uRadioPolling ACBP=A9
 0002:00017E44 00000004 C=BSS      S=.bss     G=DGROUP   M=uCT1BOH  ACBP=A9
 0002:00017E48 0000000C C=BSS      S=.bss     G=DGROUP   M=MainUnit ACBP=A9
 0002:00017E54 00000410 C=BSS      S=.bss     G=DGROUP   M=uLogSearch ACBP=A9
 0002:00018264 00000170 C=BSS      S=.bss     G=DGROUP   M=uBeacons ACBP=A9
 0002:000183D4 00000088 C=BSS      S=.bss     G=DGROUP   M=uSynTime ACBP=A9
 0002:0001845C 00000004 C=BSS      S=.bss     G=DGROUP   M=uReminder ACBP=A9
 0002:00018460 00000005 C=BSS      S=.bss     G=DGROUP   M=uDupesheet ACBP=A9
 0002:00018468 00000004 C=BSS      S=.bss     G=DGROUP   M=uSendSpot ACBP=A9
 0002:0001846C 00000014 C=BSS      S=.bss     G=DGROUP   M=uSendKeyboard ACBP=A9
 0002:00018480 00000390 C=BSS      S=.bss     G=DGROUP   M=uOption  ACBP=A9
 0002:00018810 00000004 C=BSS      S=.bss     G=DGROUP   M=uRadio12 ACBP=A9
 0002:00018814 0000000C C=BSS      S=.bss     G=DGROUP   M=uFileView ACBP=A9
 0002:00018820 00000004 C=BSS      S=.bss     G=DGROUP   M=uAutoCQ  ACBP=A9
 0002:00018824 00000008 C=BSS      S=.bss     G=DGROUP   M=uCAT     ACBP=A9
 0002:0001882C 0000000C C=BSS      S=.bss     G=DGROUP   M=uWinManager ACBP=A9
 0002:00018838 00000060 C=BSS      S=.bss     G=DGROUP   M=uQTCR    ACBP=A9
 0002:00018898 00000004 C=BSS      S=.bss     G=DGROUP   M=LPT      ACBP=A9
 0002:0001889C 00000004 C=BSS      S=.bss     G=DGROUP   M=uMessages ACBP=A9
 0002:000188A0 0000018C C=BSS      S=.bss     G=DGROUP   M=uGetServerLog ACBP=A9
 0002:00018A2C 00000010 C=BSS      S=.bss     G=DGROUP   M=uLogEdit ACBP=A9
 0002:00018A3C 000002A8 C=BSS      S=.bss     G=DGROUP   M=uCFG     ACBP=A9
 0002:00018CE4 00000224 C=BSS      S=.bss     G=DGROUP   M=uFunctionKeys ACBP=A9
 0002:00018F08 00000020 C=BSS      S=.bss     G=DGROUP   M=uBandmap ACBP=A9
 0002:00018F28 0000000C C=BSS      S=.bss     G=DGROUP   M=uRemMults ACBP=A9
 0002:00018F34 00000104 C=BSS      S=.bss     G=DGROUP   M=uProcessCommand ACBP=A9
 0002:00019038 00000004 C=BSS      S=.bss     G=DGROUP   M=LOGSUBS2 ACBP=A9
 0002:0001903C 00000108 C=BSS      S=.bss     G=DGROUP   M=uEditQSO ACBP=A9
 0002:00019144 00000010 C=BSS      S=.bss     G=DGROUP   M=uAltP    ACBP=A9
 0002:00019154 00000004 C=BSS      S=.bss     G=DGROUP   M=LOGSUBS1 ACBP=A9
 0002:00019158 0000000C C=BSS      S=.bss     G=DGROUP   M=LogCfg   ACBP=A9
 0002:00019164 00000020 C=BSS      S=.bss     G=DGROUP   M=uEditMessage ACBP=A9
 0002:00019184 00000004 C=BSS      S=.bss     G=DGROUP   M=CFGDEF   ACBP=A9
 0002:00019188 000009A4 C=BSS      S=.bss     G=DGROUP   M=uNet     ACBP=A9
 0002:00019B2C 000001D4 C=BSS      S=.bss     G=DGROUP   M=CFGCMD   ACBP=A9
 0002:00019D00 0000020C C=BSS      S=.bss     G=DGROUP   M=LOGWAE   ACBP=A9
 0002:00019F0C 00000010 C=BSS      S=.bss     G=DGROUP   M=uQTCS    ACBP=A9
 0002:00019F1C 00000050 C=BSS      S=.bss     G=DGROUP   M=uDialogs ACBP=A9
 0002:00019F6C 00000008 C=BSS      S=.bss     G=DGROUP   M=FCONTEST ACBP=A9
 0002:00019F74 0000000C C=BSS      S=.bss     G=DGROUP   M=uIntercom ACBP=A9
 0002:00019F80 00000008 C=BSS      S=.bss     G=DGROUP   M=uLogCompare ACBP=A9
 0002:00019F88 000000C4 C=BSS      S=.bss     G=DGROUP   M=uTelnet  ACBP=A9
 0002:0001A04C 00000004 C=BSS      S=.bss     G=DGROUP   M=uCheckLatestVersion ACBP=A9
 0002:0001A050 00000004 C=BSS      S=.bss     G=DGROUP   M=uQuickEdit ACBP=A9
 0002:0001A054 00000004 C=BSS      S=.bss     G=DGROUP   M=uBMCF    ACBP=A9
 0002:0001A058 00000008 C=BSS      S=.bss     G=DGROUP   M=uStations ACBP=A9
 0002:0001A060 00000004 C=BSS      S=.bss     G=DGROUP   M=uMessagesList ACBP=A9
 0002:0001A064 0000000C C=BSS      S=.bss     G=DGROUP   M=uAltD    ACBP=A9
 0002:0001A070 000013C0 C=BSS      S=.bss     G=DGROUP   M=uGetScores ACBP=A9
 0002:0001B430 00017CB0 C=BSS      S=.bss     G=DGROUP   M=uMP3Recorder ACBP=A9
 0002:000330E0 00000018 C=BSS      S=.bss     G=DGROUP   M=uSpots   ACBP=A9
 0002:000330F8 00000844 C=BSS      S=.bss     G=DGROUP   M=LogPack  ACBP=A9
 0002:0003393C 00000004 C=BSS      S=.bss     G=DGROUP   M=LOGSend  ACBP=A9
 0002:00033940 00000020 C=BSS      S=.bss     G=DGROUP   M=uMaster  ACBP=A9
 0002:00033960 0000000C C=BSS      S=.bss     G=DGROUP   M=uCbrSum  ACBP=A9
 0002:0003396C 00000AE8 C=BSS      S=.bss     G=DGROUP   M=PostUnit ACBP=A9
 0002:00034454 00000189 C=BSS      S=.bss     G=DGROUP   M=LogEdit  ACBP=A9
 0002:000345E0 00000468 C=BSS      S=.bss     G=DGROUP   M=LogStuff ACBP=A9
 0002:00034A48 0000118C C=BSS      S=.bss     G=DGROUP   M=LogCW    ACBP=A9
 0002:00035BD4 000004E0 C=BSS      S=.bss     G=DGROUP   M=LOGDVP   ACBP=A9
 0002:000360B4 00000004 C=BSS      S=.bss     G=DGROUP   M=uMMTTY   ACBP=A9
 0002:000360B8 00000004 C=BSS      S=.bss     G=DGROUP   M=uMixW    ACBP=A9
 0002:000360BC 000003A0 C=BSS      S=.bss     G=DGROUP   M=LogDupe  ACBP=A9
 0002:0003645C 00000E88 C=BSS      S=.bss     G=DGROUP   M=LogWind  ACBP=A9
 0002:000372E4 000002A0 C=BSS      S=.bss     G=DGROUP   M=LogNet   ACBP=A9
 0002:00037584 00000089 C=BSS      S=.bss     G=DGROUP   M=LogK1EA  ACBP=A9
 0002:00037610 00000124 C=BSS      S=.bss     G=DGROUP   M=uIO      ACBP=A9
 0002:00037734 00000008 C=BSS      S=.bss     G=DGROUP   M=BeepUnit ACBP=A9
 0002:0003773C 00000008 C=BSS      S=.bss     G=DGROUP   M=uErmak   ACBP=A9
 0002:00037744 00000108 C=BSS      S=.bss     G=DGROUP   M=uInputQuery ACBP=A9
 0002:0003784C 00000138 C=BSS      S=.bss     G=DGROUP   M=LogDom   ACBP=A9
 0002:00037984 00002958 C=BSS      S=.bss     G=DGROUP   M=uMults   ACBP=A9
 0002:0003A2DC 00000014 C=BSS      S=.bss     G=DGROUP   M=uCallsigns ACBP=A9
 0002:0003A2F0 00000B04 C=BSS      S=.bss     G=DGROUP   M=LogSCP   ACBP=A9
 0002:0003ADF4 00000298 C=BSS      S=.bss     G=DGROUP   M=uWinKey  ACBP=A9
 0002:0003B08C 000009B8 C=BSS      S=.bss     G=DGROUP   M=LogRadio ACBP=A9
 0002:0003BA44 00000018 C=BSS      S=.bss     G=DGROUP   M=ZoneCont ACBP=A9
 0002:0003BA5C 00000004 C=BSS      S=.bss     G=DGROUP   M=Tree     ACBP=A9
 0002:0003BA60 00000068 C=BSS      S=.bss     G=DGROUP   M=uNewContest ACBP=A9
 0002:0003BAC8 00000004 C=BSS      S=.bss     G=DGROUP   M=SysConst ACBP=A9
 0002:0003BACC 00000120 C=BSS      S=.bss     G=DGROUP   M=SysUtils ACBP=A9
 0002:0003BBEC 0000005C C=BSS      S=.bss     G=DGROUP   M=VarUtils ACBP=A9
 0002:0003BC48 00000040 C=BSS      S=.bss     G=DGROUP   M=Variants ACBP=A9
 0002:0003BC88 00000004 C=BSS      S=.bss     G=DGROUP   M=RTLConsts ACBP=A9
 0002:0003BC8C 00000004 C=BSS      S=.bss     G=DGROUP   M=TypInfo  ACBP=A9
 0002:0003BC90 00000004 C=BSS      S=.bss     G=DGROUP   M=ActiveX  ACBP=A9
 0002:0003BC94 00000034 C=BSS      S=.bss     G=DGROUP   M=Classes  ACBP=A9
 0002:0003BCC8 00000004 C=BSS      S=.bss     G=DGROUP   M=WinInet  ACBP=A9
 0002:0003BCCC 00000004 C=BSS      S=.bss     G=DGROUP   M=EncdDecd ACBP=A9
 0002:0003BCD0 00000004 C=BSS      S=.bss     G=DGROUP   M=uInet    ACBP=A9
 0002:0003BCD4 00000004 C=BSS      S=.bss     G=DGROUP   M=uProfiler ACBP=A9
 0002:0003BCD8 00000004 C=BSS      S=.bss     G=DGROUP   M=utils_hw ACBP=A9
 0002:0003BCDC 00000004 C=BSS      S=.bss     G=DGROUP   M=exportto_trlog ACBP=A9
 0002:0003BCE0 00000114 C=BSS      S=.bss     G=DGROUP   M=tr4w     ACBP=A9


  Address         Publics by Name

 0002:00017A20       .1
 0002:0003B088       .1
 0002:00017E54       .1
 0002:00019160       .1
 0002:00017A24       .1
 0002:000183D0       .1
 0002:00019154       .1
 0002:000183D4       .1
 0002:00033968       .1
 0002:0003BAC8       .1
 0002:0003BA58       .1
 0002:0001845C       .1
 0002:0003BCDC       .1
 0002:00018460       .1
 0002:00018468       .1
 0002:0001846C       .1
 0002:000184E0       .1
 0002:00009CB8       .1
 0002:00018810       .1
 0002:0003BCD8       .1
 0002:0001881C       .1
 0002:0003BCD4       .1
 0002:00018820       .1
 0002:00017A18       .1
 0002:0003BCD0       .1
 0002:0003395C       .1
 0002:0003393C       .1
 0002:00012360       .1
 0002:0003BCCC       .1
 0002:00018828       .1
 0002:0003BCC8       .1
 0002:00037580       .1
 0002:00017A34       .1
 0002:00012364       .1
 0002:000372DC       .1
 0002:00018830       .1
 0002:00007674       .1
 0002:00019180       .1
 0002:00019184       .1
 0002:00018840       .1
 0002:00018898       .1
 0002:0001914C       .1
 0002:0001889C       .1
 0002:00017A38       .1
 0002:00017E3C       .1
 0002:000330DC       .1
 0002:00009CB4       .1
 0002:00019140       .1
 0002:00018A28       .1
 0002:00017E40       .1
 0002:00018A38       .1
 0002:0000766C       .1
 0002:00009CB0       .1
 0002:0003BC88       .1
 0002:00019038       .1
 0002:000360B0       .1
 0002:00019034       .1
 0002:000360B4       .1
 0002:00018F28       .1
 0002:00037730       .1
 0002:000360B8       .1
 0002:00018CD4       .1
 0002:00017E50       .1
 0002:0001B42C       .1
 0002:0001A06C       .1
 0002:0001A060       .1
 0002:00012370       .1
 0002:00019B28       .1
 0002:00037738       .1
 0002:0001A05C       .1
 0002:00007664       .1
 0002:0001A054       .1
 0002:000124B4       .1
 0002:00034450       .1
 0002:0001A050       .1
 0002:00018F24       .1
 0002:0001235C       .1
 0002:0001A04C       .1
 0002:0003BA60       .1
 0002:00017E44       .1
 0002:00018F04       .1
 0002:00037740       .1
 0002:000124C8       .1
 0002:00017A10       .1
 0002:00037848       .1
 0002:00034A44       .1
 0002:0003BA5C       .1
 0002:00019CFC       .1
 0002:00035BD0       .1
 0002:0001A048       .1
 0002:00017870       .1
 0002:00017874       .1
 0002:00019F84       .1
 0002:00019F7C       .1
 0002:00019F08       .1
 0002:00019F18       .1
 0002:00017878       .1
 0002:00019F68       .1
 0002:00019F70       .1
 0002:00033938       .2
 0002:00036458       .2
 0002:000345D8       .2
 0002:0003BA40       .2
 0002:0003A2D8       .2
 0002:000375F4       .2
 0002:00017A14       .2
 0002:000330F4       .2
 0002:0003A2EC       .2
 0002:00037980       .2
 0002:00007670       .3
 0002:0003ADF0       .3
 0002:0003BC90       .3
 0002:0003BBDC       .35
 0002:0003BC9C       .45
 0002:000075B4       .5
 0002:0003BC44       .5
 0002:0003BC8C       .6
 0002:00007678       .7
 0002:0003BC68       .81
 0001:00001B28       @AbstractError
 0001:00003154       @AfterConstruction
 0001:00001E0C       @Assign
 0001:00002008       @AStrCmp
 0001:00003164       @BeforeDestruction
 0001:00002E1C       @BoundErr
 0001:00003094       @CallDynaInst
 0001:000030FC       @ClassCreate
 0001:0000314C       @ClassDestroy
 0001:00001ED4       @Close
 0001:000017A4       @Copy
 0001:00004524       @CopyArray
 0001:00004408       @CopyRecord
 0001:00001A94       @COS
 0001:000017E8       @Delete
 0001:00004618       @DispCallByIDError
 0001:0005F2F0       @DispInvokeError
 0001:00003444       @DoneExcept
 0001:00004A1C       @DynArrayAsg
 0001:000049E0       @DynArrayClear
 0001:00004820       @DynArrayHigh
 0001:00004818       @DynArrayLength
 0001:000049D4       @DynArraySetLength
 0001:00002654       @EmitDigits
 0001:00002078       @EofText
 0001:0000352C       @ExceptionHandler
 0001:000020B0       @FillChar
 0001:000043E4       @Finalize
 0001:000042F8       @FinalizeArray
 0001:000042AC       @FinalizeRecord
 0001:00001EC8       @Flush
 0001:00002E10       @FpuInit
 0001:00002D4C       @FpuMaskInit
 0001:00001AD4       @FRAC
 0001:000016A0       @FreeMem
 0001:00001680       @GetMem
 0001:00005778       @GetTls
 0001:00003950       @Halt
 0001:00003878       @Halt0
 0001:00003264       @HandleAnyException
 0001:00003390       @HandleFinally
 0001:000057C4       @InitExe
 0001:0000373C       @InitImports
 0001:00003714       @InitResStringImports
 0001:00001818       @Insert
 0001:00001AA4       @INT
 0001:00005084       @IntfClear
 0001:0000509C       @IntfCopy
 0001:00003040       @IsClass
 0001:00002D1C       @isNECWindows
 0001:00003E18       @LStrAddRef
 0001:0000398C       @LStrArrayClr
 0001:000039BC       @LStrAsg
 0001:00003C30       @LStrCat
 0001:00003C74       @LStrCat3
 0001:00003CE8       @LStrCatN
 0001:00003968       @LStrClr
 0001:00003D74       @LStrCmp
 0001:00003E80       @LStrCopy
 0001:00003BD8       @LStrFromArray
 0001:00003B50       @LStrFromChar
 0001:00003B60       @LStrFromPChar
 0001:00003A58       @LStrFromPCharLen
 0001:00003B90       @LStrFromPWChar
 0001:00003AC4       @LStrFromPWCharLen
 0001:00003BCC       @LStrFromString
 0001:00003BF0       @LStrFromWStr
 0001:00003EC0       @LStrInsert
 0001:00003A00       @LStrLAsg
 0001:00003C28       @LStrLen
 0001:00003F1C       @LStrPos
 0001:00003F64       @LStrSetLength
 0001:00003E28       @LStrToPChar
 0001:00003C04       @LStrToString
 0001:00003A2C       @NewAnsiString
 0001:00003FF8       @NewWideString
 0001:00002CB4       @ObjSetup
 0001:00001A2C       @Pos
 0001:000029D0       @Pow10
 0001:00001F84       @PStrCmp
 0001:00001F5C       @PStrCpy
 0001:00001F2C       @PStrNCat
 0001:00001F68       @PStrNCpy
 0001:000033F0       @RaiseAgain
 0001:000033C8       @RaiseExcept
 0001:000020D0       @RandInt
 0001:00002128       @ReadChar
 0001:00002220       @ReadLn
 0001:00002214       @ReadString
 0001:000016C0       @ReallocMem
 0001:00001B9C       @ResetText
 0001:00001BA8       @RewritText
 0001:00001AF8       @ROUND
 0001:0000395C       @RunError
 0001:000026C4       @ScaleExt
 0001:00002640       @SetEq
 0001:00001A6C       @SetLength
 0001:00001AC4       @SIN
 0001:000036D4       @StartExe
 0001:000047FC       @Str0Int64
 0001:000022B0       @Str0Long
 0001:00002708       @Str2Ext
 0001:0000473C       @StrInt64
 0001:00000260       @strlen
 0001:00002250       @StrLong
 0001:00001B04       @TRUNC
 0001:00003474       @TryFinallyExit
 0001:00003E78       @UniqueStringA
 0001:000028C4       @ValExt
 0001:000022BC       @ValLong
 0001:000608A4       @VarAddRef
 0001:0005F5C8       @VarClear
 0001:0005F5DC       @VarClr
 0001:000042E0       @VarClr
 0001:0005F8F0       @VarCopy
 0001:000043F0       @VarCopy
 0001:0005FC1C       @VarToLStr
 0001:00060344       @VarToWStr
 0001:000024A4       @Write0Char
 0001:0000255C       @Write0CString
 0001:00002520       @Write0Long
 0001:00003FC8       @Write0LString
 0001:00002528       @Write0String
 0001:00002594       @Write2Ext
 0001:000023D4       @WriteBytes
 0001:00002564       @WriteCString
 0001:000025C8       @WriteLn
 0001:000024E0       @WriteLong
 0001:00003FD0       @WriteLString
 0001:00002428       @WriteSpaces
 0001:00002534       @WriteString
 0001:00004038       @WStrArrayClr
 0001:0000405C       @WStrAsg
 0001:00004020       @WStrClr
 0001:00004198       @WStrCmp
 0001:0000421C       @WStrCopy
 0001:0000416C       @WStrFromLStr
 0001:00004080       @WStrFromPCharLen
 0001:00004130       @WStrFromPWChar
 0001:0000410C       @WStrFromPWCharLen
 0001:0000418C       @WStrLen
 0001:00004268       @WStrSetLength
 0001:0000417C       @WStrToPWChar
 0001:0000261C       @_CLenToPasStr
 0001:00002610       @_CToPasStr
 0001:00001774       @_IOTest
 0001:00004644       @_lldiv
 0001:000046C0       @_llmod
 0001:00004620       @_llmul
 0001:0005C720       AbstractErrorHandler
 0002:00007028       AbstractErrorProc
 0002:00006A18       AccessMode
 0002:000191E8       ACK
 0002:0003648A       ActiveBand
 0002:000375E4       ActiveBeep
 0002:0003784C       ActiveDomesticMult
 0002:000375B5       ActiveDVKPort
 0002:000360C5       ActiveDXMult
 0002:0003648B       ActiveExchange
 0002:00000D14       ActiveExchangeArray
 0002:000375B6       ActiveFootSwitchPort
 0002:0003648C       ActiveInitialExchange
 0002:000009E0       ActiveMainWindow
 0002:0003648D       ActiveMode
 0002:000375B7       ActivePaddlePort
 0002:000360C6       ActivePrefixMult
 0002:0003648E       ActiveQSOPointMethod
 0002:00006068       ActiveRadio
 0002:000062A8       ActiveRadioPtr
 0002:0003648F       ActiveRotatorPort
 0002:00036490       ActiveRotatorType
 0002:000375B8       ActiveStereoPort
 0002:00036491       ActiveWindow
 0001:000611AC       ActiveX
 0002:00036492       ActiveZoneMult
 0001:0002CE90       AddARRLSectionDomesticCountries
 0001:0004B1E8       AddBandMapModeCutoffFrequency
 0001:0004B210       AddBandMapPlaceHolder
 0001:0000038C       AddBlockAfter
 0001:00031AE8       AddCallsignToStationColumn
 0001:000548E8       AddDomesticCountry
 0001:00005B50       AddFontResource
 0002:0000308C       AdditionalProcsArray
 0001:0002FB2C       AddMessageToIntercomWindow
 0001:00004F18       AddModuleUnloadProc
 0001:00004F28       AddModuleUnloadProc
 0001:0002AF2C       AddNewClient
 0001:000279D8       AddOnCQExchange
 0001:00019448       AddRecordToLogAndSendToNetwork
 0001:0002F740       AddRussianDomesticCountrys
 0001:00047120       AddStringToBuffer
 0001:000309D4       AddStringToTelnetConsole
 0001:0002F7CC       Add_KVE
 0001:0002F790       Add_KVEKH6KL
 0002:0000090C       ADIFBANDSTRINGSARRAY
 0002:00000824       ADIFModeString
 0002:00033D00       ADIF_FREQ_STRING
 0002:00036498       AlarmHour
 0002:00036494       AlarmMinute
 0002:00036493       AlarmSet
 0002:00034718       AllCWMessagesChainable
 0001:00058DFC       AllocMem
 0002:000075AC       AllocMemCount
 0002:000075B0       AllocMemSize
 0001:00005720       AllocTlsBuffer
 0002:0001916C       AllowEscapes
 0002:0003649C       AltDBufferEnable
 0001:00031F68       AltDDlgProc
 0002:0001A064       AltDEditWindowHandle
 0001:00026E8C       AltPDlgProc
 0002:00019144       AltPListView
 0002:00019150       AltWnd
 0002:00034719       AlwaysCallBlindCQ
 0002:000188A4       AmountQSOsFromServer
 0001:00058F0C       AnsiCompareStr
 0001:00058F44       AnsiCompareText
 0001:0005CF14       AnsiPos
 0001:00058F7C       AnsiSameText
 0001:0005CF4C       AnsiStrPos
 0001:0005CFEC       AnsiStrRScan
 0001:0005D014       AnsiStrScan
 0001:000054BC       AnsiToUtf8
 0001:0005A70C       AppendChars
 0001:0005AAD0       AppendFormat
 0001:00005BC0       AppendMenu
 0001:0005A770       AppendNumber
 0001:0005A750       AppendString
 0001:00031404       AppendTelnetPopupMenu
 0001:0000AFB4       ArcCos
 0001:0000AFF4       ArcTan2
 0002:00002FCC       ArrayRecordArray
 0001:0000DF80       ARRLSectionCountry
 0002:00019F10       ArrowWindow
 0002:0003649D       AskForFrequencies
 0001:0005C704       AssertErrorHandler
 0002:00007020       AssertErrorProc
 0001:00005BC8       AttachThreadInput
 0002:0003471B       AutoAltDEnable
 0002:0003471A       AutoCallTerminate
 0002:00005C60       AutoCQDelayTime
 0001:0001DD70       AutoCQDlgProc
 0002:00005C64       AutoCQMemory
 0002:0003471C       AutoDisplayDupeQSO
 0002:00005CD4       AutoDupeEnableCQ
 0002:00005CD8       AutoDupeEnableSandP
 0002:0003471D       AutoQSLCount
 0002:00034720       AutoQSLInterval
 0002:00034724       AutoQSONumberDecrement
 0002:00005DFC       AutoReturnToCQMode
 0002:00034725       AutoSAPEnable
 0002:00005E00       AutoSAPEnableRate
 0002:000364A0       AutoSendCharacterCount
 0002:000364A4       AutoSendEnable
 0002:000364A8       AutoTimeIncrementQSOs
 0002:000364AC       AutoTimeQSOCount
 0002:00002E94       AUTO_QSL_INTERVAL
 0002:00002E78       AUTO_SEND_CHARACTER_COUNT_ARRAY
 0002:00007604       avail
 0002:00002D94       b
 0002:00000118       BA
 0002:000360AE       BackCopyEnable
 0001:00059538       BackfillGetDiskFreeSpaceEx
 0001:0004EADC       BackToInactiveRadioAfterQSO
 0001:0005E2E4       BackupVarBoolFromStr
 0001:0005E444       BackupVarBStrFromBool
 0001:0005E364       BackupVarBStrFromCy
 0001:0005E3D4       BackupVarBStrFromDate
 0001:0005E278       BackupVarCyFromStr
 0001:0005E20C       BackupVarDateFromStr
 0001:0005E0C8       BackupVarI4FromStr
 0001:0005E074       BackupVariantChangeTypeEx
 0001:0005E134       BackupVarR4FromStr
 0001:0005E1A0       BackupVarR8FromStr
 0001:0003D278       BandChange
 0002:00005C14       BandChangeArray
 0001:0003A108       BandChangeReport
 0002:00018F1C       BandColor
 0001:0003A50C       BandDownOrUp
 0002:00006174       BandInfoArray
 0002:000364AD       BandMapAllBands
 0002:000364AE       BandMapAllModes
 0002:000364AF       BandMapBand
 0002:00018F18       BandMapBckgrndBrush
 0002:000364B4       BandMapBlinkingCall
 0002:000364C4       BandMapBlinkingCallRecord
 0002:00005B9C       BandMapCallWindowEnable
 0002:000364C8       BandMapCursorFrequency
 0002:00005E38       BandMapDecayMultiplier
 0002:00005E34       BandMapDecayTime
 0002:00005E04       BandMapDisplayCQ
 0002:00005E48       BandMapDisplayLimit
 0001:00023720       BandmapDlgProc
 0002:00018F0C       BandmapDRAWITEMSTRUCT
 0002:00005E3C       BandMapDupeDisplay
 0002:000364CC       BandMapEnable
 0002:00005E40       BandMapFileVersion
 0002:00018F20       BandMapFreqWidthCalculated
 0002:00005E44       BandMapGuardBand
 0002:00005400       BandMapItemHeight
 0002:00005404       BandMapItemWidth
 0002:00018F10       BandMapListBox
 0002:000364B0       BandMapMode
 0002:00005E08       BandMapModeCutoffFrequency
 0002:000364CD       BandMapMultsOnly
 0002:000364CE       BandMapSplitMode
 0002:00005D54       BandMapSplitModeTypeSA
 0002:00018F14       BandMapStatusBar
 0002:00000854       BandStringsArray
 0002:000008B0       BandStringsArrayWithOutSpaces
 0002:00018264       BeaconsHandle
 0001:0001AD88       BeaconsMonitorDlgProc
 0002:00002D1C       BeaconsNames
 0002:000068F8       Beat
 0002:0001B43C       beCloseStream
 0002:0001B4C8       beConfig
 0002:0001B438       beEncodeChunk
 0002:00006070       BeepEnable
 0002:00034726       BeepEvery10QSOs
 0002:000061A4       BeepFileName
 0001:0004F470       BeepUnit
 0001:00057948       BeginNewContest
 0001:00012750       BeginPolling
 0002:0001B434       beInitStream
 0002:00034727       BeSilent
 0002:00005838       BE_ERR_SUCCESSFUL
 0001:0005E0B0       BiUnimplemented
 0001:0000E088       BlackSeaRegionCountry
 0002:000075DC       blockDescBlockList
 0002:000075E0       blockDescFreeList
 0001:000315D8       BMCFDlgProc
 0002:000053E8       BMPanelWidth
 0002:00000AEC       BoldFont
 0002:00006C68       BooleanIdents
 0002:00006BF8       BooleanToStringRule
 0001:0005930C       BoolToStr
 0001:0005F9A4       BoolToWStrViaOS
 0001:00054EA4       BracketedString
 0001:00012884       BufferToInt
 0002:000024A4       ButtonPChar
 0002:000053B8       ButtonsColor
 0001:0001E024       ButtonsEnable
 0002:00018D14       ButtonsText
 0001:0005CCC8       ByteToCharIndex
 0001:0005CCA0       ByteToCharLen
 0001:0005CC64       ByteType
 0001:0005CBEC       ByteTypeTest
 0002:00002400       B_MENU_ARRAY
 0002:00002CC0       ca
 0002:000009DC       CABRILLOSECTION
 0002:00033960       CabrilloSummaryProc
 0002:00005894       CabrilloTagsArray
 0002:00033A80       CABRILLO_BUFFER
 0002:00033B80       CABRILLO_FIRST_PART
 0002:00033CC0       CABRILLO_HISEX
 0002:00033C80       CABRILLO_MYEX
 0002:00033A7C       CABRILLO_RST_RCVD
 0002:00033A78       CABRILLO_RST_SEND
 0001:00054FA8       CalculateBandMode
 0001:0004349C       CalculateQSOPoints
 0001:0000BE58       CalculateTime
 0001:00035A28       CalculateTotals
 0001:0000B324       Calc_GeoDist
 0002:00034728       CallAlreadySent
 0001:000515E4       CallDatabase.BestTwoLetters
 0001:00051704       CallDatabase.BlowAwayFirstLettersList
 0001:00051738       CallDatabase.ClearDataEntry
 0001:00052528       CallDatabase.GeneratePossibleCallList
 0001:00051500       CallDatabase.GetBestOffsets
 0001:00051748       CallDatabase.GetCodeSpeed
 0001:00051884       CallDatabase.GetEntry
 0001:00051790       CallDatabase.GetName
 0001:00051B48       CallDatabase.GetNextPartialCall
 0001:00051A38       CallDatabase.GoodCountry
 0001:00051C04       CallDatabase.LoadInIndexArray
 0001:00052418       CallDatabase.MovePossibleCallsFromBufferIntoCallList
 0001:00051CBC       CallDatabase.NewTwoLetters
 0001:00051E2C       CallDatabase.NumberOfBytesAtThisAddress
 0001:00051EC8       CallDatabase.ParseEntryToDataRecord
 0001:00052380       CallDatabase.PartialCallSetup
 0001:00052798       CallDatabase.SCPDisableAndDeAllocateFileBuffer
 0002:00005E4C       CalledFromCQMode
 0002:00034740       CallsignICameBackTo
 0002:0003473B       CallsignIsPastedFromBandMap
 0002:0003473C       CallsignIsTypedByOperator
 0002:0003A2DC       CallsignsList
 0002:000360C8       CallsignUpdateEnable
 0001:000145BC       CallWindowChange
 0002:00005BA0       CallWindowEmpty
 0001:00016C00       CallWindowKeyDownProc
 0001:00016D8C       CallWindowKeyUpProc
 0002:000364CF       CallWindowPosition
 0002:00005D4C       CallWindowPositionTypeSA
 0001:00005BD0       CallWindowProc
 0002:000364D0       CallWindowShowAllSpots
 0002:0003472C       CallWindowString
 0001:0001E04C       CATDlgProc
 0002:0000584C       CategoriesArray
 0002:00007754       CategoryAssisted
 0002:00007755       CategoryBand
 0002:00007756       CategoryMode
 0002:00007757       CategoryOperator
 0002:00007758       CategoryPower
 0002:00007759       CategoryTransmitter
 0002:00007CA4       CATWindowFont
 0002:00018824       CATWTR
 0002:00002F8C       CAT_BAUDRATE_ARRAY
 0002:0003A2F0       CD
 0001:0005132C       CellBufferObject.FigureOutBufferSizes
 0001:00051474       CellBufferObject.GetNextEntry
 0001:000512A4       CellBufferObject.GoAway
 0001:0005120C       CellBufferObject.Initialize
 0001:0005137C       CellBufferObject.LoadCellIntoBuffer
 0002:00002E48       ceoa
 0002:00003378       CFGCA
 0001:0002B638       CFGCMD
 0001:0002A174       CFGDEF
 0002:00005644       CFGFilesArray
 0002:00005AE0       ChampionshipRFPointsArray
 0002:0003BC60       ChangeAnyProc
 0001:000178D4       ChangeCaret
 0002:00018B3C       Changed
 0001:00057E24       ChangeDir
 0001:0001CB38       ChangeValue2
 0001:00003A88       CharFromWChar
 0001:0005CE9C       CharLength
 0001:00005BD8       CharLower
 0001:000001D8       CharNext
 0001:00005BE0       CharNext
 0001:0005CDB0       CharToByteIndex
 0001:0005CE14       CharToByteLen
 0001:00005BE8       CharToOemA
 0001:00028980       CheckAndInitializeSerialPorts
 0001:000171C0       CheckAndSetInitialExchangeCursorPos
 0001:0002216C       CheckCommand
 0001:000196C0       CheckCommandInCallsignWindow
 0001:0001966C       CheckEditableWindowHeight
 0001:00035C30       CheckForNewContestDate
 0001:00019978       CheckInactiveRigCallingCQ
 0001:000031E0       CheckJmp
 0001:000353E4       CheckLog
 0002:0003474E       CheckLogFileSize
 0001:00005BF0       CheckMenuItem
 0001:00033294       CheckMMError
 0001:00055EF8       CheckPTTLockout
 0001:0001F2C8       CheckQTCNr
 0001:0001F360       CheckQTCR
 0001:00019FFC       CheckQuestionMark
 0001:00032558       CheckServerAnswer
 0001:00052D0C       CheckSpeedChange
 0001:00036C1C       CheckTimeOnByBand
 0001:000281C8       CheckTwoRadioState
 0001:00019994       CheckWindowAndColor
 0002:00000B04       CID_TWO_BYTES
 0002:00006BFC       CInvalidCustomVariantType
 0001:0000E188       CISCountry
 0001:00064588       Classes
 0002:000345D4       CleanSweep
 0001:0003A49C       CleanUpDisplay
 0001:0001B7B0       ClearAltD
 0002:0003BC5C       ClearAnyProc
 0001:00005890       ClearCommError
 0001:0004833C       ClearContestExchange
 0001:000549E4       ClearDomesticCountryList
 0002:00019CF8       ClearDupeSheetCommandGiven
 0001:0005790C       ClearFields
 0001:00017210       ClearInfoWindows
 0001:000192B4       ClearLog
 0001:00034C44       ClearMasterListBox
 0001:000197BC       ClearMultSheet_CtrlC
 0001:0004A7FC       ClearQuickDisplayText
 0002:00007AC8       ClearQuickDisplayTimer
 0001:00012058       ClearRadioStatus
 0001:000240F0       ClearSpotInfo
 0001:000104B4       ClearTotals
 0001:00060BE0       ClearVariantTypeList
 0002:00005788       ClientStatus
 0001:0001E53C       CloseCATAndKeyerForThisRadio
 0001:00005898       CloseHandle
 0001:00000178       CloseHandle
 0001:00019030       CloseLogFile
 0001:0001C21C       CloseSendKeyboardInputDialog
 0001:0000F9F0       CloseServiceHandle
 0001:0000F500       closesocket
 0001:000330E8       CloseTempMP3File
 0001:00016FC8       CloseTR4WWindow
 0002:00018A3C       CMD
 0002:0000703C       CmdLine
 0002:00007038       CmdShow
 0001:0005E0BC       CmpUnimplemented
 0002:000068EC       CodeSpeed
 0002:00005E54       CodeSpeedIncrement
 0001:0000FB20       ColorToRGB
 0002:00017A2C       Column
 0002:0003474F       ColumnDupeSheetEnable
 0002:000009E4       ColumnsArray
 0002:000024AC       COMBOBOX
 0002:00012368       ComCtl32DLL
 0002:00018481       CommandsFilter
 0002:000030E4       CommandsProcArray
 0001:0001C6B8       CommandsToListView2
 0002:00018484       CommandToSet
 0002:000364D1       CommandUseInactiveRadio
 0001:0000066C       Commit
 0001:0002B024       CommitChangesInLocalLog
 0002:00007620       committedRoot
 0001:000058A0       CompareString
 0001:00058E94       CompareText
 0001:00059234       CompareWith
 0001:00019324       CompleteCallsign
 0002:00007C60       CompleteCallsignMask
 0002:00034750       ComputerID
 0002:00005BA4       ComputerName
 0002:000056EC       ComputerNetID
 0002:00019B2C       ConfigFileRead
 0001:000287DC       ConfigurationOkay
 0002:00000B00       ConfirmEditChanges
 0001:0000F508       Connect
 0002:00009C54       ConnectionCommand
 0001:0004EBC4       ConnectSCM
 0001:0002AA14       ConnectThread
 0001:0001B66C       ConnectToNTPServer
 0001:00030828       ConnectToTelnetCluster
 0002:00005E50       ContactsPerPage
 0002:0003444C       Contest
 0002:00033F2C       ContestDates
 0002:000364EC       ContestName
 0002:00000E4C       ContestsArray
 0002:00001CEC       ContestsBooleanArray
 0002:00036540       ContestTitle
 0002:00001A7C       ContestTypeSA
 0002:00036640       ContinentQSOCount
 0001:00036CA4       ContinentReport
 0002:000364D4       ContinentString
 0002:00000660       ContinentTypeSA
 0002:00005A48       ContListNames
 0002:00009C45       ControlAMode
 0002:000367B0       ControlBMemory
 0001:0000F9F8       ControlService
 0002:0001916D       ControlSpace
 0001:0005C160       ConvertAddr
 0001:0005A860       ConvertEraString
 0001:00058DD8       ConvertErrorFmt
 0001:0000B050       ConvertGridToLatLon
 0001:0000B150       ConvertLatLonToGrid
 0001:0005A9C8       ConvertYearString
 0001:00004828       CopyArray
 0001:000058A8       CopyFile
 0001:00005EA8       CopyMemory
 0002:00034A48       CorrectedCallMessage
 0002:00034BD4       CorrectedCallPhoneMessage
 0002:00035BD4       Count
 0001:0005CD20       CountChars
 0002:000360C9       CountDomesticCountries
 0002:00034754       CountryInformationFile
 0002:00033E20       CountryMultTotals
 0002:000367C0       CountryString
 0001:00051958       CountryStringPresent
 0002:00006074       CPUKeyer
 0002:00035838       CQCaptionMemory
 0002:00034A74       CQExchange
 0002:00034AA0       CQExchangeNameKnown
 0002:000354D8       CQMemory
 0002:00000108       CQPChar
 0002:00034CD4       CQPhoneExchange
 0002:00034DD4       CQPhoneExchangeNameKnown
 0002:00006140       CQRITEnabled
 0001:00010534       Crc32Done
 0001:00010538       Crc32Initialization
 0001:00010514       Crc32Next
 0002:00017A3C       CRC32Table
 0001:0005C648       CreateAssertException
 0001:0005C7D0       CreateAVObject
 0001:00005B58       CreateBrushIndirect
 0001:0000A2EC       CreateButton
 0001:00034DD0       CreateCabrilloDlgProc
 0001:0003531C       CreateCabrilloFile
 0002:0000768C       CreateCabrilloWindow
 0001:00017DDC       CreateCallOrExchangeWin
 0001:00005BF8       CreateCaret
 0001:0000A1B4       CreateComboBox
 0001:00032348       CreateConnectionAndSendReportToGetScores
 0001:00005C00       CreateDialogIndirectParam
 0001:000058B0       CreateDirectory
 0001:000171A0       CreateDirectoryIfNotExist
 0001:0004EB7C       CreateDlPortio
 0001:0000A344       CreateEdit
 0001:00018224       CreateEditableLog
 0001:000058B8       CreateEvent
 0001:000058C0       CreateFile
 0001:00000180       CreateFileA
 0001:000058C8       CreateFileMapping
 0001:00005B60       CreateFont
 0001:00015018       CreateFonts
 0001:00048280       CreateGridSquareList
 0001:0005C574       CreateInOutError
 0001:0000A254       CreateListBox
 0001:0001832C       CreateListView
 0001:0000A1F4       CreateListView2
 0001:000149BC       CreateMainWindow
 0001:00005C08       CreateMenu
 0001:0000A10C       CreateModalDialog
 0001:0000A3D8       Createmsctls_progress32
 0001:00014854       CreateMultsWindows
 0001:000058D8       CreateMutex
 0001:0002ABE4       CreateNetworkListView
 0001:00017C04       CreateOKCancelButtons
 0001:0000A39C       CreateOwnerDrawListBox
 0001:00005B68       CreatePen
 0001:00005C10       CreatePopupMenu
 0001:000179A4       CreateProgress32InMainWindow
 0001:00014704       CreateQSONeedWindows
 0001:0000A41C       CreateRichEdit
 0001:0000FA00       CreateService
 0001:0000A2A8       CreateStatic
 0001:000058F8       CreateThread
 0001:0000ABE8       CreateToolBarEx
 0001:00017738       CreateTotalWindow
 0001:00008C34       CreateTR4WMenu
 0001:00017040       CreateTR4WStaticWindow
 0001:00017080       CreateTR4WStaticWindowID
 0001:0000ABF0       CreateUpDownControl
 0001:00005F40       CreateWindow
 0001:00005EE8       CreateWindowEx
 0002:00006C54       CRelationshipToBoolean
 0002:00006BE8       CResult
 0002:00006A10       cSimpleBoolStrs
 0001:00012A88       ct1bohDlgProc
 0001:00012CF4       CT1BOHInfoString
 0002:00006C00       CText
 0002:000124CC       CTY
 0001:0000C7FC       ctyAddNewPrefixRecord
 0001:0000D0A8       ctyFindCallsign
 0001:0000D5CC       ctyGetCountry
 0001:0000DE08       ctyGetCountryID
 0001:0000DDE4       ctyGetCountryNamePchar
 0001:0000D60C       ctyGetCountryUTCOffset
 0001:0000DDA4       ctyGetCQZone
 0001:0000D444       ctyGetGrid
 0001:0000DD64       ctyGetITUZone
 0001:0000D628       ctyGetZone
 0001:0000C968       ctyLoadInCountryFile
 0001:0000DF0C       ctyLoadInR150SList
 0001:0000DE50       ctyLoadInRemainingMults
 0001:0000D124       ctyLocateCall
 0001:0000CF10       ctyShellSort
 0002:00007618       curAlloc
 0002:0003BAD4       CurrencyDecimals
 0002:0003BAD0       CurrencyFormat
 0002:0003BACC       CurrencyString
 0002:0001915C       CurrentConfigFile
 0002:000056E0       CurrentDisplayedRow
 0002:00018894       CurrentGroup
 0002:0000775C       CurrentOperator
 0001:0005A6F8       CurrentYear
 0001:0005A290       CurrToStr
 0001:0005F934       CurrToWStrViaOS
 0002:00009C50       CursorBitmap
 0002:000367D8       CustomInitialExchangeString
 0002:00036804       CustomUserString
 0001:00058FE4       CvtInt
 0001:00059050       CvtInt64
 0002:000375F8       CWBuffer
 0002:000375FC       CWBufferAvailable
 0002:000375EC       CWBufferEnd
 0002:000375E8       CWBufferStart
 0002:00037600       CWElementLength
 0002:00005C68       CWEnable
 0002:00005E58       CWEnabled
 0002:000354D4       CWMessageCommand
 0002:00006A50       CWNear
 0002:000354D5       CWSpeedFromDataBase
 0001:000471B4       CWStillBeingSent
 0002:00007CE8       CWThreadHandle
 0002:00007CE4       CWThreadID
 0001:0004E29C       CWThreadProc
 0002:00005C6C       CWTone
 0002:00002F18       CW_SPEED_INCREMENT
 0002:00005D10       d1
 0002:00005D08       d2
 0002:00005734       da
 0002:0003BAD5       DateSeparator
 0001:0005B2E0       DateTimeToStr
 0001:0005B284       DateTimeToString
 0001:0005A350       DateTimeToTimeStamp
 0001:0005F96C       DateToWStrViaOS
 0001:0005A6D0       DayOfWeek
 0001:0000BDE0       DayOfYear
 0002:000068FC       DayTags
 0002:00006A4C       DCon10
 0002:00034854       Debug
 0002:00000028       DebugHook
 0002:0003BAD3       DecimalSeparator
 0001:0005A6B0       DecodeDate
 0001:0005A564       DecodeDateFully
 0001:0005A404       DecodeTime
 0001:00000700       Decommit
 0001:00000D1C       DecommitFree
 0002:000075F4       decommittedRoot
 0002:00005BB0       DEEnable
 0002:00000024       Default8087CW
 0002:00005E60       DefaultFreqMemory
 0002:00034856       DefaultRST
 0002:00000034       DefaultTextLineBreakStyle
 0002:000075B8       DefaultUserCodePage
 0001:00005900       DefineDosDevice
 0002:00006ADC       DefLongDayNames
 0002:00006A90       DefLongMonthNames
 0002:00006AC0       DefShortDayNames
 0002:00006A60       DefShortMonthNames
 0001:00019414       DefTR4WProc
 0001:00005C18       DefWindowProc
 0001:00004A6C       DelayLoadResourceModule
 0001:000003BC       DeleteBlock
 0001:00005908       DeleteCriticalSection
 0001:0000032C       DeleteCriticalSection
 0001:00029DCC       DeleteEscapeChars
 0001:00000B64       DeleteFree
 0001:000471D0       DeleteLastCharacter
 0001:000256C8       DeleteLastContact
 0001:00005B70       DeleteObject
 0001:0000FA08       DeleteService
 0001:00009A48       DeleteSlashes
 0001:00023F9C       DeleteSpotFromBandmap
 0002:000369D8       DEPlusMyCall
 0001:00005C20       DestroyCaret
 0001:00005C28       DestroyMenu
 0001:00005C30       DestroyWindow
 0001:00005910       DeviceIoControl
 0002:000061A8       DevName
 0001:00005F98       DialogBox
 0001:00005C38       DialogBoxIndirectParam
 0001:00005C40       DialogBoxParam
 0002:00007ACC       DifferentContests
 0002:000000BC       dig
 0002:0003682D       DigitalModeEnable
 0002:00002CEC       DirArray
 0001:0003091C       Disconnect
 0001:0004EC3C       DisconnectSCM
 0001:0004C468       DispalayB4
 0001:0004C420       DispalayDupe
 0001:0004C484       DispalayLogGridLines
 0001:0004C4C0       DispalayNewMult
 0001:00049DFC       DispalyGrid
 0001:00005C48       DispatchMessage
 0002:00007000       DispCallByIDProc
 0001:0004A6E8       DisplayAutoQSLInterval
 0001:0004B150       DisplayAutoSendCharacterCount
 0001:0004C5A0       DisplayBandMap
 0001:0004A1D0       DisplayBandMode
 0001:0000FCE4       DisplayBandTotals
 0001:00049E2C       DisplayBeamHeading
 0001:00057CA8       DisplayCheckBox
 0001:0002AC38       DisplayClientStatus
 0001:0004A358       DisplayCodeSpeed
 0001:0004A31C       DisplayContestTitle
 0001:0004A4DC       DisplayCountryName
 0001:00012410       DisplayCurrentStatus
 0002:0003682E       DisplayedCodeSpeed
 0001:0004338C       DisplayGridSquareStatus
 0001:0004A5CC       DisplayHour
 0001:00057E8C       DisplayInitialCommand
 0001:0004A430       DisplayInsertMode
 0001:000199EC       DisplayLoadedQSOs
 0001:0004C4DC       DisplayLocalTime
 0001:00027000       DisplaymessagesList
 0001:0004A448       DisplayNamePercentage
 0001:0004A454       DisplayNextQSONumber
 0001:0004A570       DisplayQSOsByOpMode
 0001:0004A530       DisplayQSOsWithThisStation
 0001:0004A4AC       DisplayQTCNumber
 0001:0004A554       DisplayRadio
 0001:0004A69C       DisplayRate
 0001:0003B2B4       DisplaySCPCall
 0001:0004A724       DisplayTotalScore
 0001:0004B3F0       DisplayUserInfo
 0002:00002560       DistanceDisplayTypeSA
 0002:0000256C       DistanceMode
 0002:00002FAC       DITDAHRATIO_ARRAY
 0001:00058DBC       DivMod
 0001:00005C50       DlgDirList
 0001:00005C58       DlgDirSelectEx
 0002:00037628       DLPORTIOlpBinaryPathName
 0002:00037620       DlReadByte
 0002:0003761C       DlWriteByte
 0001:0004DD1C       DoABeep
 0001:00025934       DoAltZ
 0002:000360CA       DoingDomesticMults
 0002:00037604       DoingDVK
 0002:000360CB       DoingDXMults
 0002:000375E5       DoingPaddle
 0002:000360CC       DoingPrefixMults
 0002:000360CD       DoingZoneMults
 0001:00054978       DomesticCountryCall
 0002:00007688       DomesticMultByBand
 0002:00000B70       DomesticMultStringArray
 0002:000360D0       DomQTHDataFileName
 0002:00037850       DomQTHTable
 0001:0004FBE4       DomQTHTableObject.AddNewPrefixRecord
 0001:0004FD0C       DomQTHTableObject.GetDomQTH
 0001:0004FCEC       DomQTHTableObject.LoadInDomQTHFile
 0001:000501E0       DomQTHTableObject.ReadDomQTHFile
 0001:00050164       DomQTHTableObject.RecordPointerIndex
 0001:0005CAFC       DoneExceptions
 0001:0006444C       DoneThreadSynchronization
 0002:00006C70       DotSep
 0001:000624D4       DoWrite
 0001:0000944C       DragWindow
 0001:00005C60       DrawEdge
 0001:00005C68       DrawFocusRect
 0001:00005C70       DrawFrameControl
 0001:00005C78       DrawMenuBar
 0001:00005C80       DrawText
 0001:00015150       DrawWindows
 0001:0004F1C0       DriverBitOperation
 0001:0004EF78       DriverCreate
 0001:0004F0CC       DriverDestroy
 0001:0004EC58       DriverInstall
 0001:0004EF50       DriverIsLoaded
 0001:0004EEBC       DriverRemove
 0001:0004ED44       DriverStart
 0001:0004EE28       DriverStop
 0001:0000AE1C       DSA_Create
 0001:0000AE24       DSA_GetItem
 0001:0000AE2C       DSA_GetItemPtr
 0001:0000AE34       DSA_InsertItem
 0001:0000AE3C       DSA_SetItem
 0002:00034858       DualingCQState
 0001:00048A1C       DupeAndMultSheet.AddQSOToSheets
 0001:00048AB0       DupeAndMultSheet.DisposeOfMemoryAndZeroTotals
 0001:00048F6C       DupeAndMultSheet.ReadInBinFiles
 0001:00048E58       DupeAndMultSheet.SaveRestartFile
 0001:00048D3C       DupeAndMultSheet.SetMultFlags
 0001:0004993C       DupeAndMultSheet.SetUpRemainingMultiplierArrays
 0001:000491E8       DupeAndMultSheet.SheetInitAndLoad
 0001:000253C8       DupeCheckOnInactiveRadio
 0002:00005BB4       DupeCheckSound
 0002:00005B80       DupeCheckSoundTypeSA
 0002:0003485C       DupeInfoCall
 0002:00000AE4       DupeInfoCallWindowCleared
 0002:00002CE8       DupeInfoCallWindowColorArray
 0002:00007C10       DupeInfoCallWindowState
 0001:000494B8       DupeInit
 0001:0001B7D8       DupesheetDlgProc
 0002:0003682F       DVKEnable
 0002:00036830       DVKLocalizedMessagesEnable
 0001:0003DA4C       DVKStamp
 0001:000479B0       DVPActive
 0001:000479B4       DVPCommand
 0001:000479E4       DVPInit
 0001:00047A18       DVPMessagePlaying
 0002:00035BD8       DVPMessagesArray
 0002:00005C88       DVPMessagesArrayIndex
 0002:000375B9       DVPOn
 0002:000360AF       DVPSetUp
 0001:000479B8       DVPStopPlayback
 0002:000360A8       DVPThreadID
 0001:000479E0       DVPUnInit
 0002:0001D7F0       dwMP3Buffer
 0002:0001D7EC       dwSamples
 0002:00037624       dwStatus
 0002:0001D7E0       dwWrite
 0002:00007689       DXCCMultByBand
 0002:00005E5C       DXMultLimit
 0002:00005C8C       DXMultTypenameArray
 0001:00004840       DynArrayClear
 0001:00004848       DynArraySetLength
 0002:00000968       EDIFBANDSTRINGSARRAY
 0001:0003A598       EditableLog.CallIsADupe
 0001:0003AA48       EditableLog.CreateModeSpecificMultiplierInfo
 0001:0003AC28       EditableLog.CreateModeSpecificQSOInfo
 0001:0003A648       EditableLog.DetermineIfNewMult
 0001:0003A600       EditableLog.DisplayGridMap
 0001:0003AE64       EditableLog.DoPossibleCalls
 0001:0003A710       EditableLog.GetMultArray
 0001:0003B1C4       EditableLog.LastEntry
 0001:0003B1A4       EditableLog.LastName
 0001:0003A604       EditableLog.ProcessMultipliers
 0001:0003AAE8       EditableLog.SetMultStatus
 0001:0003B448       EditableLog.ShowMissingMultiplierReport
 0001:0003A6B4       EditableLog.ShowMultiplierStatus
 0001:0003AD60       EditableLog.ShowQSOStatus
 0001:0003B158       EditableLog.ShowRemainingMultipliers
 0001:0003AEF8       EditableLog.ShowRemMultsInWindow
 0001:0003B344       EditableLog.SuperCheckPartial
 0002:00007C3C       EditableLogHeight
 0001:00017904       EditableLogWindowDblClick
 0002:00019040       EditableQSORXData
 0001:000201C4       EditFullLog
 0002:00009C44       EditingCallsignSent
 0001:0001AC7C       EditLogInSearch
 0001:000273F8       EditMessage
 0001:00029704       EditMessageDlgProc
 0002:00019174       EditMessageWnd
 0002:000024B0       EditPChar
 0001:000261C8       EditQSODlgProc
 0001:000170C4       EditSetSelLength
 0002:00005AB8       EDI_DupeArray
 0002:00005A98       EDI_ModeCodes
 0002:00005AB0       EDI_NewArray
 0001:0005C548       EHeapException.FreeInstance
 0001:00054E8C       EigthNote
 0001:00055034       ElaspedSec100
 0001:00055020       ElaspedTimeString
 0002:000375BC       ElementLength
 0002:0003BC48       EmptyParam
 0002:00006998       EmptyStr
 0002:0000699C       EmptyWideStr
 0001:000314D0       EmunDXCLUSTERALERTLISTTXT
 0001:000314BC       EmunTRCLUSTERDAT
 0001:00005C88       EnableMenuItem
 0001:0002AE7C       EnableNetworkMenuItem
 0001:00030B58       EnableTelnetToolbatButtons
 0001:00005C90       EnableWindow
 0001:000096A0       EnableWindowFalse
 0001:00009688       EnableWindowTrue
 0001:00064684       EncdDecd
 0001:00005C98       EndDialog
 0001:000294DC       EnmuCFGFile
 0001:000195D8       EnsureListViewColumnVisible
 0001:00057D08       EnterCountyOrState
 0001:0000031C       EnterCriticalSection
 0001:00005918       EnterCriticalSection
 0001:00005920       EnumCalendarInfoA
 0001:00031520       EnumCLUSTERCOMMANDSTXT
 0001:0002F90C       EnumDOM2
 0001:00050270       EnumDOMFILE
 0001:0005BDD4       EnumEraNames
 0001:00009F70       EnumerateLinesInFile
 0001:0005BE10       EnumEraYearOffsets
 0001:0003D608       EnumHelloDAT
 0001:00048B54       EnumInitialEx
 0001:0002FC70       EnumINTERCOMTXT
 0001:00031E04       EnumSTATIONSTXT
 0001:0001E704       Enumtr4wWindowsProc
 0001:00005CA0       EnumWindows
 0002:000061D0       eOpFields
 0002:000061F4       eOpFieldsLength
 0002:00006200       eOpFieldsLimit
 0002:0001903C       eq_handle
 0002:0003BB9C       EraNames
 0001:0005B560       EraToYear
 0002:0003BBB8       EraYearOffsets
 0001:0004F4F4       ErmakDlgProc
 0002:0000594C       ErmakOverlayCategory
 0002:000009D8       ERMAKSECTION
 0002:00007C84       ErmakSpecification
 0002:0003773C       ErmakWindow
 0002:000009D4       ERMAK_
 0002:00000094       errCaption
 0001:00001768       Error
 0002:00000004       ErrorAddr
 0001:0000171C       ErrorAt
 0001:0005C5F4       ErrorHandler
 0002:00006AF8       ErrorMap
 0002:00007008       ErrorProc
 0002:000073E0       ErrOutput
 0001:00005928       EscapeCommFunction
 0002:0003486C       EscapeDeletedCallEntry
 0002:00005BB8       EscapeExitsSearchAndPounce
 0001:00012E84       Escape_proc
 0001:00054A0C       EuropeanCountriesAndWAECallRegions
 0002:00002D04       ewha
 0002:000359E8       EXCaptionMemory
 0002:0000700C       ExceptClsProc
 0001:0005CA68       ExceptHandler
 0001:0005C3BC       Exception.Create
 0001:0005C3F8       Exception.CreateFmt
 0001:0005C478       Exception.CreateRes
 0001:0005C4B4       Exception.CreateResFmt
 0002:0000701C       ExceptionClass
 0001:0005C16C       ExceptionErrorMessage
 0002:00006B30       ExceptMap
 0002:00007010       ExceptObjProc
 0002:00007004       ExceptProc
 0002:0003487C       ExchangeErrorMessage
 0002:0003487A       ExchangeHasBeenSent
 0002:000361D4       ExchangeInformation
 0002:00005CDC       ExchangeMemoryEnable
 0001:000143D4       ExchangeWindowChange
 0002:00034880       ExchangeWindowString
 0001:00019608       ExecuteConfigurationFile
 0002:00000000       ExitCode
 0001:000037BC       ExitDll
 0002:00007040       ExitProc
 0001:000001E0       ExitProcess
 0001:00005930       ExitProcess
 0002:00007024       ExitProcessProc
 0001:0002580C       ExitProgram
 0002:00035688       EXMemory
 0002:00005C58       exNMNU
 0002:00005C5C       exNNMN
 0002:00005C54       exNNUU
 0001:000594FC       ExpandFileName
 0001:00037AC0       ExportToADIF
 0001:0003840C       ExportToCSV
 0001:0003776C       ExportToEDI
 0001:00037788       ExportToEDIByBand
 0001:00064764       exportto_trlog
 0001:000594C4       ExtractFileName
 0002:00002450       E_MENU_ARRAY
 0002:00037729       FActiveHW
 0002:0003BBD8       FalseBoolStrs
 0002:000375C0       FarnsworthEnable
 0002:00006144       FarnsworthSpeed
 0002:000183CC       FC
 0002:00006A40       FCon1E18
 0001:0002FA48       FCONTEST
 0002:00037610       FDLLInst
 0002:00037618       FDrvPrevInst
 0002:00037619       FDrvPrevStart
 0001:0005946C       FileClose
 0001:000593D4       FileCreate
 0001:000593B0       FileCreate
 0001:0000AE84       FileExists
 0002:0000000C       FileMode
 0002:00006198       FileNameStr
 0001:00001BF0       FileNOPProc
 0001:00059358       FileOpen
 0001:00017D18       FilePreview
 0001:000593DC       FileRead
 0001:00059434       FileSeek
 0001:00005938       FileTimeToSystemTime
 0001:00059408       FileWrite
 0001:00000C4C       FillAfterGap
 0001:00000BF8       FillBeforeGap
 0001:00000CE4       FillerSizeAfterGap
 0001:00000C74       FillerSizeBeforeGap
 0001:00005CA8       FillRect
 0001:00031A6C       FillStationsColumn
 0001:0002451C       Finalization
 0001:000527D8       Finalization
 0001:00024140       Finalization
 0001:000511A8       Finalization
 0001:000509E0       Finalization
 0001:000505A8       Finalization
 0001:0000AF6C       Finalization
 0001:0001D6E4       Finalization
 0001:00031924       Finalization
 0001:0001D8C4       Finalization
 0001:0005DE54       Finalization
 0001:0004FB94       Finalization
 0001:0004F9B0       Finalization
 0001:000646C4       Finalization
 0001:0001DD38       Finalization
 0001:000236E8       Finalization
 0001:00012A50       Finalization
 0001:0005E810       Finalization
 0001:0000AE44       Finalization
 0001:00031E18       Finalization
 0001:00031F30       Finalization
 0001:0004F440       Finalization
 0001:0002317C       Finalization
 0001:00032194       Finalization
 0001:0004F218       Finalization
 0001:0004C9B4       Finalization
 0001:00032A00       Finalization
 0001:0006468C       Finalization
 0001:0001DFEC       Finalization
 0001:00060F3C       Finalization
 0001:00054D0C       Finalization
 0001:000610C0       Finalization
 0001:00020204       Finalization
 0001:00009118       Finalization
 0001:000055D8       Finalization
 0001:0002006C       Finalization
 0001:0004C974       Finalization
 0001:00061124       Finalization
 0001:0006117C       Finalization
 0001:0001FB80       Finalization
 0001:000561D8       Finalization
 0001:000332EC       Finalization
 0001:0001F9C4       Finalization
 0001:00064654       Finalization
 0001:0001F4EC       Finalization
 0001:00057EE0       Finalization
 0001:000581E8       Finalization
 0001:0006461C       Finalization
 0001:00033CF0       Finalization
 0001:0001E898       Finalization
 0001:00005FB0       Finalization
 0001:0000AB0C       Finalization
 0001:00033D44       Finalization
 0001:00006088       Finalization
 0001:00034A58       Finalization
 0001:0000A4E4       Finalization
 0001:0003D1E8       Finalization
 0001:00034C58       Finalization
 0001:0001E6CC       Finalization
 0001:000644D8       Finalization
 0001:00035148       Finalization
 0001:00005FE8       Finalization
 0001:00025138       Finalization
 0001:0001C258       Finalization
 0001:000315A0       Finalization
 0001:0001BE30       Finalization
 0001:00026190       Finalization
 0001:0001BB48       Finalization
 0001:0000B004       Finalization
 0001:00010600       Finalization
 0001:000646FC       Finalization
 0001:00010584       Finalization
 0001:00026D74       Finalization
 0001:0001B778       Finalization
 0001:00064734       Finalization
 0001:000499D4       Finalization
 0001:0001B740       Finalization
 0001:00008D14       Finalization
 0001:000104DC       Finalization
 0001:00031568       Finalization
 0001:00005808       Finalization
 0001:0005465C       Finalization
 0001:00031530       Finalization
 0001:00027450       Finalization
 0001:0001AFF8       Finalization
 0001:0000FC2C       Finalization
 0001:0000FB7C       Finalization
 0001:0000C7C4       Finalization
 0001:000287A4       Finalization
 0001:00007F40       Finalization
 0001:00005840       Finalization
 0001:000649F8       Finalization
 0001:0000FA30       Finalization
 0001:00052FC0       Finalization
 0001:000296CC       Finalization
 0001:0000F9B8       Finalization
 0001:0001ACC0       Finalization
 0001:000470D4       Finalization
 0001:00029E4C       Finalization
 0001:0002A144       Finalization
 0001:0000DF48       Finalization
 0001:00030108       Finalization
 0001:0000F674       Finalization
 0001:0001A868       Finalization
 0001:0002FC80       Finalization
 0001:0003A464       Finalization
 0001:0004EB44       Finalization
 0001:0000F598       Finalization
 0001:00047978       Finalization
 0001:0002FA18       Finalization
 0001:0002B304       Finalization
 0001:00048074       Finalization
 0001:00048014       Finalization
 0001:0002B608       Finalization
 0001:00047FDC       Finalization
 0001:0002B9E4       Finalization
 0001:0002C71C       Finalization
 0001:0000F4C8       Finalization
 0001:0002C544       Finalization
 0001:00012D28       Finalization
 0001:00004838       FinalizeArray
 0001:00003614       FinalizeUnits
 0001:00013F08       FindAndSaveRectOfAllWindows
 0001:0002AE08       FindAndUpdateQSOInLog
 0001:00004ADC       FindBS
 0001:000001F0       FindClose
 0001:00005940       FindClose
 0001:00000BC8       FindCommitted
 0001:00060E84       FindCustomVariantType
 0001:000001F8       FindFirstFile
 0001:00005948       FindFirstFile
 0002:0003BCA8       FindGlobalComponentProcs
 0001:00004A44       FindHInstance
 0001:00005950       FindNextFile
 0001:0005E4D8       FindProc
 0001:00004AB4       FindResourceHInstance
 0001:00031C90       FindStationInCallsignColumn
 0001:00036B44       FinishOutLastHour
 0001:00047214       FinishRTTYTransmission
 0002:0003BA44       FirstDomesticCountryRecord
 0002:000348AC       FirstHelloRecord
 0002:00017E48       FirstQSO
 0002:000361E4       FirstVDEntry
 0002:00007C48       FKButtonWidth
 0002:0003BBE8       FLanguages
 0001:0002FC28       FlashIntercomListBox
 0001:0004C7B4       FlashQickDisplay
 0001:00005CB0       FlashWindow
 0002:0003772C       FLastError
 0001:00059F20       FloatToDecimal
 0001:0005A260       FloatToStr
 0001:00059C4C       FloatToText
 0002:000348B0       FloppyFileSaveFrequency
 0001:00001EBC       Flush
 0001:000471F4       FlushCWBuffer
 0001:00047208       FlushCWBufferAndClearPTT
 0001:00005958       FlushViewOfFile
 0002:00006A54       FMSecsPerDay
 0001:00059B48       FmtStr
 0002:000375C1       FootSwitchMode
 0002:00006014       FootSwitchModeTypeStringArray
 0001:000091E4       Format
 0001:000091EC       Format
 0001:000091DC       Format
 0001:00059B34       Format
 0001:000091D4       Format
 0001:000091CC       Format
 0001:000091F4       Format
 0001:000091C4       Format
 0001:000091BC       Format
 0002:00006A5C       Format
 0001:000091FC       Format
 0001:000091B4       Format
 0001:000091AC       Format
 0001:000091A4       Format
 0001:0000919C       Format
 0001:00009194       Format
 0001:0000918C       Format
 0001:00009184       Format
 0001:0000917C       Format
 0002:00005768       FormatArray
 0001:0005977C       FormatBuf
 0001:00059770       FormatClearStr
 0001:000596F4       FormatError
 0002:00006A38       FormatErrorStrs
 0001:00005960       FormatMessage
 0002:00033964       FormatSpecification
 0001:0005974C       FormatVarToStr
 0001:0002592C       FoundCommand
 0001:00024860       FoundCommand
 0001:0002CF78       FoundContest
 0001:000482A8       FoundDomesticQTH
 0001:0002F9A4       FoundMyStateInDomFile
 0001:000029C8       FPower10
 0001:0005DB74       FreeAndNil
 0001:00000934       FreeCommitted
 0001:00000E54       FreeCurAlloc
 0001:00064464       FreeIntConstList
 0001:00005968       FreeLibrary
 0001:00000200       FreeLibrary
 0001:000005B4       FreeSpace
 0001:0005D6E0       FreeTerminateProcs
 0001:0000E618       FrenchID
 0002:00002D64       FreqArray
 0002:00036838       FreqMemory
 0002:000006F8       FreqModeArray
 0002:00005F78       FreqPollRate
 0002:00018F08       FreqRectWidth
 0001:00009280       FreqToPChar
 0001:0000923C       FreqToPChar2
 0002:00012284       FreqToPCharBuffer
 0001:000092E0       FreqToPCharWithoutHZ
 0002:00005F74       FrequencyMemoryEnable
 0001:00013D24       FrmSetFocus
 0002:00037728       FRunningWinNT
 0002:0000686C       FT767PollString
 0001:0001D8FC       FullLogDlgProc
 0002:00018A30       FullLogEditHandle
 0002:00018A34       FullLogEditIndex
 0001:000231B4       FunctionKeysWindowDlgProc
 0001:0002269C       F_ADD_DOMESTIC_COUNTRY
 0001:000226D0       F_AUTO_QSL_INTERVAL
 0001:000226E0       F_BAND_MAP_CUTOFF_FREQUENCY
 0001:00022744       F_BAND_MAP_DECAY_TIME
 0001:00022748       F_CLEAR_DUPE_SHEET
 0001:00022758       F_CONTEST
 0001:00022770       F_CONTEST_NAME
 0001:00022A60       F_DX_MULTIPLIER
 0001:00022778       F_FREQUENCY_MEMORY
 0001:000228AC       F_KEYER_RADIO_ONE_OUTPUT_PORT
 0001:000228CC       F_KEYER_RADIO_TWO_OUTPUT_PORT
 0001:00022960       F_MY_CALL
 0001:000228F8       F_MY_CONTINENT
 0001:00022910       F_MY_COUNTRY
 0001:00022904       F_MY_ZONE
 0001:000228EC       F_ORION_PORT
 0001:000229D4       F_RADIO_ONE_TYPE
 0001:000229F0       F_RADIO_TWO_TYPE
 0001:00022A0C       F_SCP_COUNTRY_STRING
 0001:00022A80       F_START_SENDING_NOW_KEY
 0001:000229A0       F_ZONE_MULTIPLIER
 0002:00005D00       Gate
 0001:00035D2C       GenerateAllTotalsPerHour
 0001:00018950       GenerateCallsignsList
 0001:000372B4       GenerateCountryMultiplierTotals
 0001:00039D38       GenerateZoneMultiplierTotals
 0001:0001A090       Get101Window
 0001:00001A8C       Get8087CW
 0001:00005970       GetACP
 0001:0001A248       GetAddMultBand
 0001:0004B1B4       GetBandMapBandModeFromFrequency
 0001:0000BCA4       GetBeamHeading
 0001:00000334       GetBlockDesc
 0001:00024104       GetBMSelItemData
 0001:000236AC       GetButtonByRDblClick
 0001:00005ED4       GetBValue
 0001:00005CB8       GetClientRect
 0001:000002D0       GetCmdShow
 0001:00000208       GetCommandLine
 0001:00000780       GetCommitted
 0001:00000810       GetCommittedAt
 0001:00005980       GetCommModemStatus
 0001:00005988       GetCommState
 0001:0000F5D0       GetConnection
 0001:000097BC       GetContestFromString
 0001:00054C08       GetContinentFromString
 0001:000430FC       GetCorrectedCallFromExchangeString
 0001:0005A7BC       GetCount
 0001:00005978       GetCPInfo
 0001:000473C8       GetCQMemoryString
 0001:00010564       GetCRC32
 0001:00005990       GetCurrentDirectory
 0001:00005998       GetCurrentThreadId
 0001:000002C0       GetCurrentThreadId
 0001:00005CC0       GetCursorPos
 0001:0000A47C       GetDate
 0001:0005A7E8       GetDate
 0001:000059A0       GetDateFormat
 0002:00012294       GetDateFormatBuffer
 0001:0005B478       GetDateOrder
 0001:0005504C       GetDateString
 0001:00055060       GetDayString
 0001:00005B78       GetDeviceCaps
 0001:0000980C       GetDialogItemText
 0001:000059A8       GetDiskFreeSpaceA
 0002:00006A0C       GetDiskFreeSpaceEx
 0001:0000B958       GetDistanceBetweenGrids
 0001:00005CC8       GetDlgCtrlID
 0001:00005CD0       GetDlgItem
 0001:00005CD8       GetDlgItemInt
 0001:00005CE0       GetDlgItemText
 0001:000484B0       GetDXQTH
 0001:00003064       GetDynaMethod
 0001:0005BE88       GetEraNamesAndYearOffsets
 0001:0005B50C       GetEraYearOffset
 0001:0000BA40       GetEuropeanDistanceBetweenGrids
 0001:0005C7B8       GetExceptionClass
 0001:0005C99C       GetExceptionObject
 0001:000059B0       GetExitCodeThread
 0001:00047410       GetEXMemoryString
 0001:000059B8       GetFileSize
 0001:00000190       GetFileSize
 0001:00000188       GetFileType
 0001:0000E518       GetFirstSuffixLetter
 0001:00005CE8       GetFocus
 0001:0005D2B4       GetFormatSettings
 0001:00012090       GetFrequencyForYaesu3
 0001:000120B0       GetFrequencyForYaesu4
 0001:00012A20       GetFrequencyForYaesuFT747
 0001:000120E0       GetFrequencyFromBCD
 0001:000059C0       GetFullPathName
 0001:0005517C       GetFullTimeString
 0002:000122F4       GetFullTimeStringBuffer
 0001:00005ED0       GetGValue
 0001:0000F550       gethostbyname
 0001:000494D8       GetInitialExchangeStringFromContestExchange
 0001:0001B4A8       GetInt64AndSysTimeFromBuffer
 0001:00055084       GetIntegerTime
 0001:00005CF8       GetKeyboardLayout
 0001:00002D14       GetKeyboardType
 0001:00005CF0       GetKeyState
 0001:00000210       GetLastError
 0001:000059C8       GetLastError
 0001:0000BDB4       GetLatLon
 0001:0005BC4C       GetLocaleChar
 0001:000059D8       GetLocaleInfo
 0001:00000218       GetLocaleInfo
 0001:0005BC00       GetLocaleStr
 0001:000059D0       GetLocalTime
 0001:0002B5C4       GetLPTPortFromChar
 0001:00005D00       GetMenu
 0001:00005D08       GetMenuString
 0001:00005D10       GetMessage
 0001:00000220       GetModuleFileName
 0001:000059E0       GetModuleFileName
 0001:00000228       GetModuleHandle
 0001:000059E8       GetModuleHandle
 0001:00005700       GetModuleHandle
 0001:0005BCB0       GetMonthDayNames
 0001:0000E49C       GetNumber
 0001:0004839C       GetNumber
 0001:0000985C       GetNumberFromCharBuffer
 0001:00056090       GetOblast
 0001:0000EECC       GetOblast
 0001:0000AA50       GetOkrugByOblast
 0001:000018E0       GetParamStr
 0001:00005D18       GetParent
 0001:0004F280       GetPort
 0001:0004EF58       GetPortByte
 0001:0000EB28       GetPrefix
 0001:000059F0       GetPrivateProfileString
 0001:000059F8       GetProcAddress
 0001:00000230       GetProcAddress
 0001:00055F60       GetRealPath
 0002:000120F4       GETREALPATHBUFFER
 0001:00013D30       GetRealVirtualKey
 0001:0000FA68       GetRGB
 0001:000550A0       GetRidOfPostcedingSpaces
 0001:000550C8       GetRidOfPrecedingSpaces
 0001:0000A51C       GetRussiaOblastByTwoChars
 0001:0000EFA8       GetRussiaOblastID
 0001:00005ECC       GetRValue
 0002:0001B32C       GetScoresAnswerFileName
 0002:0001A324       GetScoresBuffer
 0001:000321CC       GetScoresDlgProc
 0002:0001A274       GetScoresHost
 0002:00005820       GetScoresModesArray
 0002:0000580C       GetScoresMults
 0002:0001A31C       GetScoresPort
 0002:0001A314       GetScoresPortAsString
 0002:0001A070       GetScoresPostingID
 0002:0001A294       GetScoresQuery
 0002:0001A074       GetScoresSeverPostingAddress
 0002:0001A174       GetScoresSeverReadingAddress
 0002:0001A320       GetScoresSocket
 0002:0001B328       GetScoresThreadHandle
 0002:0001B324       GetScoresThreadID
 0001:00055C44       GetSCPCharFromInteger
 0001:00055C08       GetSCPIntegerFromChar
 0001:00046F0C       GetSentRSTFromExchangeString
 0001:0001B458       GetServerAnswerOffset
 0001:0001FBB8       GetServerLogDlgProc
 0002:000188A8       GetServerLogWnd
 0001:000004D8       GetSpace
 0001:0000053C       GetSpaceAt
 0001:00000238       GetStartupInfo
 0001:00000198       GetStdHandle
 0001:00005A00       GetStdHandle
 0001:00005A08       GetStringTypeEx
 0001:000550F8       GetSuffix
 0001:0000C260       GetSunriseSunsetString
 0001:00005D20       GetSysColor
 0001:00005A10       GetSystemDirectory
 0001:00005D28       GetSystemMetrics
 0001:00005A18       GetSystemTime
 0001:00005B80       GetTextExtentPoint32
 0001:00000240       GetThreadLocale
 0001:00005A20       GetThreadLocale
 0001:00005A28       GetTickCount
 0001:0005A820       GetTime
 0001:00055208       GetTimeString
 0002:000122B4       GetTimeStringBuffer
 0001:0000572C       GetTlsSize
 0001:00009934       GetValueFromArray
 0001:0005469C       GetVEInitialExchange
 0001:000002C8       GetVersion
 0001:00005A30       GetVersionEx
 0001:00012904       GetVFOInfoForFT2000
 0001:000098AC       GetWindowByHandle
 0001:00005D30       GetWindowDC
 0001:00005D38       GetWindowLong
 0001:00005D40       GetWindowRect
 0001:00005D48       GetWindowText
 0001:00005D50       GetWindowTextLength
 0001:00055244       GetYearString
 0002:00012314       GetYearStringBuffer
 0002:0003BCAC       GlobalFixupList
 0001:00005A38       GlobalFree
 0001:00005EB8       GlobalFreePtr
 0001:00005A40       GlobalHandle
 0002:0003BC94       GlobalNameSpace
 0001:00005A48       GlobalUnlock
 0001:0000F340       GoodCallSyntax
 0001:00055B70       GoodLookingGrid
 0001:0003A310       GoodLookingQSO
 0001:0005616C       GoodLookingRDA
 0002:00017A1C       GradientFillFunction
 0001:0000FA94       GradientRect
 0002:000348B4       GridMapCenter
 0002:000029B8       GridsArray
 0002:00002980       GridsIndexArray
 0002:000361E8       GridSquareList
 0002:0003694C       GridSquareListShown
 0002:000061AC       hBeep
 0002:000075C0       heapErrorCode
 0002:000075C4       heapLock
 0002:0000565C       HexChars
 0002:00006A08       HexDisplayPrefix
 0001:00055270       HexToInteger
 0002:00005CE0       HFBandEnable
 0001:00005E98       HiByte
 0002:00007660       HInstance
 0002:0001917C       HintListBoxCreated
 0002:00019170       HintListView
 0001:00005E94       HiWord
 0002:0001B618       hLame
 0002:0003694D       HourDisplay
[...]
 0002:0001A174       GetScoresSeverReadingAddress
 0002:0001A274       GetScoresHost
 0002:0001A294       GetScoresQuery
 0002:0001A314       GetScoresPortAsString
 0002:0001A31C       GetScoresPort
 0002:0001A320       GetScoresSocket
 0002:0001A324       GetScoresBuffer
 0002:0001B324       GetScoresThreadID
 0002:0001B328       GetScoresThreadHandle
 0002:0001B32C       GetScoresAnswerFileName
 0002:0001B42C       .1
 0002:0001B430       Temp576BufferPos
 0002:0001B434       beInitStream
 0002:0001B438       beEncodeChunk
 0002:0001B43C       beCloseStream
 0002:0001B440       LAMEENCDLL
 0002:0001B444       mp3recProgressBarPosition
 0002:0001B448       ID3TAG
 0002:0001B4C8       beConfig
 0002:0001B613       RecorderEnable
 0002:0001B614       RecorderDuration
 0002:0001B618       hLame
 0002:0001B61C       pMP3OutputBuffer
 0002:0001D7DC       TempMP3FileHandle
 0002:0001D7E0       dwWrite
 0002:0001D7E4       ToWrite
 0002:0001D7E8       RecorderStartTime
 0002:0001D7EC       dwSamples
 0002:0001D7F0       dwMP3Buffer
 0002:0001D7F4       MP3RECWNDHND
 0002:0001D7F8       WaveBuffer
 0002:00033080       whead
 0002:000330C0       wfx
 0002:000330D4       hwi
 0002:000330D8       MP3RecorderMode
 0002:000330DC       .1
 0002:000330E0       SpotsList
 0002:000330F4       .2
 0002:000330F8       Packet
 0002:00033938       .2
 0002:0003393C       .1
 0002:00033940       MasterListBox
 0002:00033944       masterrect
 0002:00033954       MaxItemsInMasterListBox
 0002:00033958       ItemsInMasterListBox
 0002:0003395C       .1
 0002:00033960       CabrilloSummaryProc
 0002:00033964       FormatSpecification
 0002:00033968       .1
 0002:0003396C       Radio1IDs
 0002:00033978       TempRXData
 0002:00033A78       CABRILLO_RST_SEND
 0002:00033A7C       CABRILLO_RST_RCVD
 0002:00033A80       CABRILLO_BUFFER
 0002:00033B80       CABRILLO_FIRST_PART
 0002:00033C80       CABRILLO_MYEX
 0002:00033CC0       CABRILLO_HISEX
 0002:00033D00       ADIF_FREQ_STRING
 0002:00033D10       tReportsFilename
 0002:00033E14       tReportFileWrite
 0002:00033E18       PreviewFileNameAddress
 0002:00033E1C       PreviewFileIsCabrillo
 0002:00033E20       CountryMultTotals
 0002:00033E24       TotalLogQSOs
 0002:00033E28       ReportsFilename
 0002:00033F28       NumberDates
 0002:00033F2C       ContestDates
 0002:00033F70       QSOPointTotals
 0002:000340E0       RawQSOTotals
 0002:00034250       PostQSOTotals
 0002:000343C0       LogHourTotals
 0002:000343C4       NumberLogHours
 0002:000343C8       PLeftOnBiState
 0002:0003444C       Contest
 0002:0003444D       QTCEnable
 0002:00034450       .1
 0002:00034454       VisibleLog
 0002:00034454       LastSCPCall
 0002:00034464       QTotals
 0002:000345D4       CleanSweep
 0002:000345D8       .2
 0002:000345DC       SCPScreenFull
 0002:000345E0       ParserArray
 0002:00034668       ParsedRecord
 0002:00034704       SSEx
 0002:00034718       AllCWMessagesChainable
 0002:00034719       AlwaysCallBlindCQ
 0002:0003471A       AutoCallTerminate
 0002:0003471B       AutoAltDEnable
 0002:0003471C       AutoDisplayDupeQSO
 0002:0003471D       AutoQSLCount
 0002:00034720       AutoQSLInterval
 0002:00034724       AutoQSONumberDecrement
 0002:00034725       AutoSAPEnable
 0002:00034726       BeepEvery10QSOs
 0002:00034727       BeSilent
 0002:00034728       CallAlreadySent
 0002:0003472C       CallWindowString
 0002:0003473A       tCallWindowStringIsDupe
 0002:0003473B       CallsignIsPastedFromBandMap
 0002:0003473C       CallsignIsTypedByOperator
 0002:00034740       CallsignICameBackTo
 0002:0003474E       CheckLogFileSize
 0002:0003474F       ColumnDupeSheetEnable
 0002:00034750       ComputerID
 0002:00034754       CountryInformationFile
 0002:00034854       Debug
 0002:00034856       DefaultRST
 0002:00034858       DualingCQState
 0002:0003485C       DupeInfoCall
 0002:0003486C       EscapeDeletedCallEntry
 0002:0003487A       ExchangeHasBeenSent
 0002:0003487C       ExchangeErrorMessage
 0002:00034880       ExchangeWindowString
 0002:000348AC       FirstHelloRecord
 0002:000348B0       FloppyFileSaveFrequency
 0002:000348B4       GridMapCenter
 0002:000348BC       InactiveRigCallingCQ
 0002:000348BD       InitialExchangePutUp
 0002:000348BE       InitialExchangeOverwrite
 0002:000348BF       IntercomFileenable
 0002:000348C0       KeyHistory
 0002:000348C8       KeypadCWMemories
 0002:000348C9       tLastLogEntryIsDeleted
 0002:000348CC       LastHelloRecord
 0002:000348D0       LeaveCursorInCallWindow
 0002:000348D1       LogWithSingleEnter
 0002:000348D2       LookForRSTSent
 0002:000348D3       MultiMultsOnly
 0002:000348D4       MyIOTA
 0002:000348EC       NameCallsignPutUp
 0002:000348FA       NoLog
 0002:000348FC       OldCWTone
 0002:00034900       QSONumberByBand
 0002:00034901       QuickQSL
 0002:00034902       RandomCQMode
 0002:00034904       ReceivedData
 0002:00034A04       SendCompleteFourLetterCall
 0002:00034A05       SeventyThreeMessageSent
 0002:00034A08       SCPMinimumLetters
 0002:00034A0C       ShortIntegers
 0002:00034A10       ShowQSOStatusCall
 0002:00034A1E       SkipActiveBand
 0002:00034A20       StationInformationCall
 0002:00034A2E       TailEnding
 0002:00034A2F       UpdateRestartFileEnable
 0002:00034A30       WindowDupeCheckCall
 0002:00034A3E       tPreviousDupeQSOsShowed
 0002:00034A40       tPreviousDupeQSOsWndHandle
 0002:00034A44       .1
 0002:00034A48       CorrectedCallMessage
 0002:00034A74       CQExchange
 0002:00034AA0       CQExchangeNameKnown
 0002:00034ACC       QSLMessage
 0002:00034AF8       QSOBeforeMessage
 0002:00034B24       QuickQSLMessage1
 0002:00034B50       RepeatSearchAndPounceExchange
 0002:00034B7C       SearchAndPounceExchange
 0002:00034BA8       TailEndMessage
 0002:00034BD4       CorrectedCallPhoneMessage
 0002:00034CD4       CQPhoneExchange
 0002:00034DD4       CQPhoneExchangeNameKnown
 0002:00034ED4       QSLPhoneMessage
 0002:00034FD4       QSOBeforePhoneMessage
 0002:000350D4       QuickQSLPhoneMessage
 0002:000351D4       RepeatSearchAndPouncePhoneExchange
 0002:000352D4       SearchAndPouncePhoneExchange
 0002:000353D4       TailEndPhoneMessage
 0002:000354D4       CWMessageCommand
 0002:000354D5       CWSpeedFromDataBase
 0002:000354D8       CQMemory
 0002:00035688       EXMemory
 0002:00035838       CQCaptionMemory
 0002:000359E8       EXCaptionMemory
 0002:00035B98       KeyersSwapped
 0002:00035B9A       LastRSTSent
 0002:00035B9C       QuickQSLMessage2
 0002:00035BC8       RememberCWSpeed
 0002:00035BCC       SendingOnRadioOne
 0002:00035BCD       SendingOnRadioTwo
 0002:00035BD0       .1
 0002:00035BD4       Count
 0002:00035BD8       DVPMessagesArray
 0002:000360A8       DVPThreadID
 0002:000360AC       tUseRecordedSigns
 0002:000360AD       tMissCallsFileEnable
 0002:000360AE       BackCopyEnable
 0002:000360AF       DVPSetUp
 0002:000360B0       .1
 0002:000360B4       .1
 0002:000360B8       .1
 0002:000360BC       InitialExCallsigns
 0002:000360C0       InitialExDupes
 0002:000360C4       tAllowDupeQSOs
 0002:000360C5       ActiveDXMult
 0002:000360C6       ActivePrefixMult
 0002:000360C7       tConnectionAtStartup
 0002:000360C8       CallsignUpdateEnable
 0002:000360C9       CountDomesticCountries
 0002:000360CA       DoingDomesticMults
 0002:000360CB       DoingDXMults
 0002:000360CC       DoingPrefixMults
 0002:000360CD       DoingZoneMults
 0002:000360D0       DomQTHDataFileName
 0002:000361D4       ExchangeInformation
 0002:000361E4       FirstVDEntry
 0002:000361E8       GridSquareList
 0002:000362B0       LastTwoLettersCrunchedOn
 0002:000362C5       MultByBand
 0002:000362C6       MultByMode
 0002:000362C7       MultiplierAlarm
 0002:000362C8       NumberDifferentMults
 0002:000362C9       NumberGridSquaresInList
 0002:000362CA       QSOByBand
 0002:000362CB       QSOByMode
 0002:000362CC       QSOTotals
 0002:0003643C       TotalNamesSent
 0002:00036440       TotalQSOPoints
 0002:00036444       tRestartInfo
 0002:00036458       .2
 0002:0003645C       tBandMapCutoffFrequency
 0002:00036460       tBandMapPlaceHolder
 0002:00036470       tB4IndicatorPrevState
 0002:00036474       tNewMultIndicatorPrevState
 0002:00036478       tQSOsWithThisStationPrevState
 0002:0003647C       tCountryNamePrevState
 0002:00036480       tBeamHeadingPrevState
 0002:00036488       tLocalTimePrevState
 0002:0003648A       ActiveBand
 0002:0003648B       ActiveExchange
 0002:0003648C       ActiveInitialExchange
 0002:0003648D       ActiveMode
 0002:0003648E       ActiveQSOPointMethod
 0002:0003648F       ActiveRotatorPort
 0002:00036490       ActiveRotatorType
 0002:00036491       ActiveWindow
 0002:00036492       ActiveZoneMult
 0002:00036493       AlarmSet
 0002:00036494       AlarmMinute
 0002:00036498       AlarmHour
 0002:0003649C       AltDBufferEnable
 0002:0003649D       AskForFrequencies
 0002:000364A0       AutoSendCharacterCount
 0002:000364A4       AutoSendEnable
 0002:000364A8       AutoTimeIncrementQSOs
 0002:000364AC       AutoTimeQSOCount
 0002:000364AD       BandMapAllBands
 0002:000364AE       BandMapAllModes
 0002:000364AF       BandMapBand
 0002:000364B0       BandMapMode
 0002:000364B4       BandMapBlinkingCall
 0002:000364C4       BandMapBlinkingCallRecord
 0002:000364C8       BandMapCursorFrequency
 0002:000364CC       BandMapEnable
 0002:000364CD       BandMapMultsOnly
 0002:000364CE       BandMapSplitMode
 0002:000364CF       CallWindowPosition
 0002:000364D0       CallWindowShowAllSpots
 0002:000364D1       CommandUseInactiveRadio
 0002:000364D4       ContinentString
 0002:000364EC       ContestName
 0002:00036540       ContestTitle
 0002:00036640       ContinentQSOCount
 0002:000367B0       ControlBMemory
 0002:000367C0       CountryString
 0002:000367D8       CustomInitialExchangeString
 0002:00036804       CustomUserString
 0002:0003682D       DigitalModeEnable
 0002:0003682E       DisplayedCodeSpeed
 0002:0003682F       DVKEnable
 0002:00036830       DVKLocalizedMessagesEnable
 0002:00036834       tFrequencyMemory
 0002:00036838       FreqMemory
 0002:0003694C       GridSquareListShown
 0002:0003694D       HourDisplay
 0002:0003694E       tHandLogMode
 0002:0003694F       IncrementTimeEnable
 0002:00036950       InitialExchangeCursorPos
 0002:00036954       K5KA
 0002:0003696C       LastCQFrequency
 0002:00036970       LastSPFrequency
 0002:00036974       LastCQMode
 0002:00036975       LastSPMode
 0002:00036976       LastDisplayedMode
 0002:00036978       LastHeadingShown
 0002:0003697C       LogSubTitle
 0002:000369A8       MaxNumberOfZones
 0002:000369AC       MinutesSinceLastBMUpdate
 0002:000369B0       MultiInfoMessage
 0002:000369C8       MyCall
 0002:000369D8       DEPlusMyCall
 0002:00036A7C       MyCheck
 0002:00036A87       MyContinent
 0002:00036A88       MyCountry
 0002:00036AA0       MyZone
 0002:00036AB5       MyContinentIsSet
 0002:00036AB6       MyCountryIsSet
 0002:00036AB7       MyZoneIsSet
 0002:00036AB8       MyFDClass
 0002:00036AC4       MyFOCNumber
 0002:00036AD0       MyName
 0002:00036AE8       MyPostalCode
 0002:00036B00       MyPrec
 0002:00036B0C       MySection
 0002:00036B18       MyState
 0002:00036B2D       NoMultMarineMobile
 0002:00036B30       NumberBandQSOsThisMinute
 0002:00036B38       NumberContactsThisMinute
 0002:00036B3C       NumberQSOPointsThisMinute
 0002:00036B40       NumberQTCBooksSent
 0002:00036B44       NumberQTCStations
 0002:00036B48       NumberReminderRecords
 0002:00036B49       NumberTotalScoreMessages
 0002:00036B4C       OnDeckCall
 0002:00036B5A       OpMode
 0002:00036B5B       OpMode2
 0002:00036B5C       QTCDataArray
 0002:00036B60       QTCsEnabled
 0002:00036B61       QTCMinutes
 0002:00036B64       Rate
 0002:00036B68       RateDisplay
 0002:00036B6C       RateMinuteArray
 0002:00036F2C       Reminders
 0002:00036F30       SayHiEnable
 0002:00036F31       SearchAndPounceMode
 0002:00036F32       SendAltDSpotsToPacket
 0002:00036F33       SingleRadioMode
 0002:00036F34       SplitFreq
 0002:00036F38       SpeedString
 0002:00036F43       SprintQSYRule
 0002:00036F44       SwapPacketSpotRadios
 0002:00036F45       TenMinuteRule
 0002:00036F48       TimeSpentByBand
 0002:00036FA4       tThisHourBandChanges
 0002:00036FA8       tThisHourPreviousBand
 0002:00036FAC       TotalThisHour
 0002:00036FB0       TotalLastSixty
 0002:00036FB4       TotalScoreMessages
 0002:000371C4       TwoRadioState
 0002:000371C5       TuneDupeCheckEnable
 0002:000371C6       UnknownCountryFileEnable
 0002:000371C8       UnknownCountryFileName
 0002:000372C8       UserInfoShown
 0002:000372C9       VHFBandsEnabled
 0002:000372CA       VisibleDupeSheetRemoved
 0002:000372CC       WakeUpTimeOut
 0002:000372D0       WakeUpCount
 0002:000372D1       WARCBandsEnabled
 0002:000372D4       TourDuration
 0002:000372D8       TotalNumberQTCsProcessed
 0002:000372DC       .1
 0002:000372E0       NumberMinutesProgramRunning
 0002:000372E4       NetDebug
 0002:000372E8       NetDebugBinaryOutput
 0002:00037434       NetDebugBinaryInput
 0002:00037580       .1
 0002:00037584       tUseControlPort
 0002:00037588       TR4W_BeepThread
 0002:0003758C       tExitFromPaddleFootSwitchThread
 0002:00037590       tPTTOnCounter
 0002:00037594       PaddlePTTOn
 0002:00037598       TR4W_BeepThreadID
 0002:0003759C       tPaddleThreadID
 0002:000375A0       tFlashQDThreadID
 0002:000375A4       tCW_Event
 0002:000375A8       tCWPaddle_Event
 0002:000375AC       tDVP_Event
 0002:000375B0       tDVPTimerEventID
 0002:000375B4       tExitFromDVPThread
 0002:000375B5       ActiveDVKPort
 0002:000375B6       ActiveFootSwitchPort
 0002:000375B7       ActivePaddlePort
 0002:000375B8       ActiveStereoPort
 0002:000375B9       DVPOn
 0002:000375BC       ElementLength
 0002:000375C0       FarnsworthEnable
 0002:000375C1       FootSwitchMode
 0002:000375C2       tFootSwitchPressed
 0002:000375C3       NoPollDuringPTT
 0002:000375C4       PaddleBug
 0002:000375C8       PaddleSpeed
 0002:000375CC       tPaddleElementLength
 0002:000375D0       PortBeingUsed
 0002:000375D1       PTTLockout
 0002:000375D2       tPTTViaCommand
 0002:000375D4       tr4w_PTTStartTime
 0002:000375D8       tElapsedTimeFromLastQSO
 0002:000375DC       Radio1SerialInvert
 0002:000375DD       Radio2SerialInvert
 0002:000375DE       RelayControlPort
 0002:000375DF       SerialInvert
 0002:000375E0       StereoPinState
 0002:000375E1       SwapPaddles
 0002:000375E2       SwapRadioRelaySense
 0002:000375E3       TuneWithDits
 0002:000375E4       ActiveBeep
 0002:000375E5       DoingPaddle
 0002:000375E6       tDoingFootSwitchEnable
 0002:000375E8       CWBufferStart
 0002:000375EC       CWBufferEnd
 0002:000375F0       tWaitForNextChar
 0002:000375F4       .2
 0002:000375F8       CWBuffer
 0002:000375FC       CWBufferAvailable
 0002:00037600       CWElementLength
 0002:00037604       DoingDVK
 0002:00037608       PTTDelayCount
 0002:0003760C       SendingADah
 0002:00037610       FDLLInst
 0002:00037614       hSCMan
 0002:00037618       FDrvPrevInst
 0002:00037619       FDrvPrevStart
 0002:0003761C       DlWriteByte
 0002:00037620       DlReadByte
 0002:00037624       dwStatus
 0002:00037628       DLPORTIOlpBinaryPathName
 0002:00037728       FRunningWinNT
 0002:00037729       FActiveHW
 0002:0003772C       FLastError
 0002:00037730       .1
 0002:00037734       OwnDevName
 0002:00037738       .1
 0002:0003773C       ErmakWindow
 0002:00037740       .1
 0002:00037744       IQresult
 0002:00037844       IQMaxInputLength
 0002:00037848       .1
 0002:0003784C       ActiveDomesticMult
 0002:00037850       DomQTHTable
 0002:0003797C       LiteralDomesticQTH
 0002:0003797D       MultipliersIsCounties
 0002:00037980       .2
 0002:00037984       mo
 0002:0003A2D8       .2
 0002:0003A2DC       CallsignsList
 0002:0003A2EC       .2
 0002:0003A2F0       CD
 0002:0003AAF8       PossibleCallList
 0002:0003ADF0       .3
 0002:0003ADF4       wkTune
 0002:0003ADF5       WK2
 0002:0003ADF8       wkSpeedUp
 0002:0003ADFC       wkSpeedDown
 0002:0003AE00       wkCWSpeed
 0002:0003AE04       wkBUSY
 0002:0003AE05       wkBREAKIN
 0002:0003AE06       wkXOFF
 0002:0003AE08       wkThreadID
 0002:0003AE0C       wkBuffer
 0002:0003AE14       wkREADBuffer
 0002:0003AE38       wkThreadReadBuffer
 0002:0003AE48       wkInternalCWBuffer
 0002:0003B048       wkHostBufferIndex
 0002:0003B04C       wkHostBufferSendIndex
 0002:0003B050       wkWaitingBytesInHost
 0002:0003B054       wkWaitingBytesInWK
 0002:0003B058       wklpCommTimeouts
 0002:0003B06C       wkDCB
 0002:0003B088       .1
 0002:0003B08C       IcomResponseTimeout
 0002:0003B090       newIcomResponseTimeoutAuto
 0002:0003B094       TwoRadioMode
 0002:0003B098       Radio1
 0002:0003B56C       Radio2
 0002:0003BA40       .2
 0002:0003BA44       FirstDomesticCountryRecord
 0002:0003BA48       tAddDomesticCountryString
 0002:0003BA58       .1
 0002:0003BA5C       .1
 0002:0003BA60       .1
 0002:0003BA64       InitialCommandsHWNDArray
 0002:0003BAAC       NewContestDisplayedCommands
 0002:0003BAB0       NewContestCheckBox
 0002:0003BAB4       NewContestDlgWndHandle
 0002:0003BAB8       NewContestListBoxHandle
 0002:0003BABC       NewContestCommentWndHandle
 0002:0003BAC0       SelectedContest
 0002:0003BAC4       OldSelectContestListBoxProc
 0002:0003BAC8       .1
 0002:0003BACC       CurrencyString
 0002:0003BAD0       CurrencyFormat
 0002:0003BAD1       NegCurrFormat
 0002:0003BAD2       ThousandSeparator
 0002:0003BAD3       DecimalSeparator
 0002:0003BAD4       CurrencyDecimals
 0002:0003BAD5       DateSeparator
 0002:0003BAD8       ShortDateFormat
 0002:0003BADC       LongDateFormat
 0002:0003BAE0       TimeSeparator
 0002:0003BAE4       TimeAMString
 0002:0003BAE8       TimePMString
 0002:0003BAEC       ShortTimeFormat
 0002:0003BAF0       LongTimeFormat
 0002:0003BAF4       ShortMonthNames
 0002:0003BB24       LongMonthNames
 0002:0003BB54       ShortDayNames
 0002:0003BB70       LongDayNames
 0002:0003BB8C       SysLocale
 0002:0003BB9A       ListSeparator
 0002:0003BB9C       EraNames
 0002:0003BBB8       EraYearOffsets
 0002:0003BBD4       TrueBoolStrs
 0002:0003BBD8       FalseBoolStrs
 0002:0003BBDC       .35
 0002:0003BBE0       OutOfMemory
 0002:0003BBE4       InvalidPointer
 0002:0003BBE8       FLanguages
 0002:0003BBEC       VariantChangeTypeEx
 0002:0003BBF0       VarNeg
 0002:0003BBF4       VarNot
 0002:0003BBF8       VarAdd
 0002:0003BBFC       VarSub
 0002:0003BC00       VarMul
 0002:0003BC04       VarDiv
 0002:0003BC08       VarIDiv
 0002:0003BC0C       VarMod
 0002:0003BC10       VarAnd
 0002:0003BC14       VarOr
 0002:0003BC18       VarXor
 0002:0003BC1C       VarCmp
 0002:0003BC20       VarI4FromStr
 0002:0003BC24       VarR4FromStr
 0002:0003BC28       VarR8FromStr
 0002:0003BC2C       VarDateFromStr
 0002:0003BC30       VarCyFromStr
 0002:0003BC34       VarBoolFromStr
 0002:0003BC38       VarBstrFromCy
 0002:0003BC3C       VarBstrFromDate
 0002:0003BC40       VarBstrFromBool
 0002:0003BC44       .5
 0002:0003BC48       EmptyParam
 0002:0003BC58       VarDispProc
 0002:0003BC5C       ClearAnyProc
 0002:0003BC60       ChangeAnyProc
 0002:0003BC64       RefAnyProc
 0002:0003BC68       .81
 0002:0003BC6C       LVarTypes
 0002:0003BC70       LVarTypeSync
 0002:0003BC88       .1
 0002:0003BC8C       .6
 0002:0003BC90       .3
 0002:0003BC94       GlobalNameSpace
 0002:0003BC98       SyncEvent
 0002:0003BC9C       .45
 0002:0003BCA0       IntConstList
 0002:0003BCA4       RegGroups
 0002:0003BCA8       FindGlobalComponentProcs
 0002:0003BCAC       GlobalFixupList
 0002:0003BCB0       ThreadLock
 0002:0003BCC8       .1
 0002:0003BCCC       .1
 0002:0003BCD0       .1
 0002:0003BCD4       .1
 0002:0003BCD8       .1
 0002:0003BCDC       .1
 0002:0003BCE0       TempColor
 0002:0003BCE4       TempTLogBrush
 0002:0003BCF0       TempString
 0002:0003BDF0       s


Bound resource files

res\tr4w_eng.res
tr4w.drf


Program entry point at 0001:00064DE8
