
 Start         Length     Name                   Class
 0001:00000000 000C7888H .text                   CODE
 0002:00000000 00008F8CH .data                   DATA
 0002:00008F8C 00040701H .bss                    BSS


Detailed map of segments

 0001:00000000 0000602B C=CODE     S=.text    G=(none)   M=System   ACBP=A9
 0001:0000602C 00000140 C=CODE     S=.text    G=(none)   M=SysInit  ACBP=A9
 0001:0000616C 00000078 C=CODE     S=.text    G=(none)   M=Types    ACBP=A9
 0001:000061E4 00000F50 C=CODE     S=.text    G=(none)   M=Windows  ACBP=A9
 0001:00007134 00000038 C=CODE     S=.text    G=(none)   M=Messages ACBP=A9
 0001:0000716C 000000A0 C=CODE     S=.text    G=(none)   M=MMSystem ACBP=A9
 0001:0000720C 00000040 C=CODE     S=.text    G=(none)   M=ShellAPI ACBP=A9
 0001:0000724C 0000227E C=CODE     S=.text    G=(none)   M=VC       ACBP=A9
 0001:000094CC 00000D60 C=CODE     S=.text    G=(none)   M=uMenu    ACBP=A9
 0001:0000A22C 00000404 C=CODE     S=.text    G=(none)   M=utils_text ACBP=A9
 0001:0000A630 00001408 C=CODE     S=.text    G=(none)   M=TF       ACBP=A9
 0001:0000BA38 00000638 C=CODE     S=.text    G=(none)   M=uRussiaOblasts ACBP=A9
 0001:0000C070 0000033F C=CODE     S=.text    G=(none)   M=uCommctrl ACBP=A9
 0001:0000C3B0 00000320 C=CODE     S=.text    G=(none)   M=SysConst ACBP=A9
 0001:0000C6D0 00006DDC C=CODE     S=.text    G=(none)   M=SysUtils ACBP=A9
 0001:000134AC 000001A4 C=CODE     S=.text    G=(none)   M=utils_file ACBP=A9
 0001:00013650 00000098 C=CODE     S=.text    G=(none)   M=utils_math ACBP=A9
 0001:000136E8 00001538 C=CODE     S=.text    G=(none)   M=LogGrid  ACBP=A9
 0001:00014C20 000017CC C=CODE     S=.text    G=(none)   M=uCTYDAT  ACBP=A9
 0001:000163EC 00001690 C=CODE     S=.text    G=(none)   M=uCallSignRoutines ACBP=A9
 0001:00017A7C 000007FB C=CODE     S=.text    G=(none)   M=VarUtils ACBP=A9
 0001:00018278 00002A42 C=CODE     S=.text    G=(none)   M=Variants ACBP=A9
 0001:0001ACBC 00000138 C=CODE     S=.text    G=(none)   M=RTLConsts ACBP=A9
 0001:0001ADF4 000007E8 C=CODE     S=.text    G=(none)   M=TypInfo  ACBP=A9
 0001:0001B5DC 00000038 C=CODE     S=.text    G=(none)   M=ActiveX  ACBP=A9
 0001:0001B614 0000A3D6 C=CODE     S=.text    G=(none)   M=Classes  ACBP=A9
 0001:000259EC 00000054 C=CODE     S=.text    G=(none)   M=Math     ACBP=A9
 0001:00025A40 00000787 C=CODE     S=.text    G=(none)   M=MultiMon ACBP=A9
 0001:000261C8 00000290 C=CODE     S=.text    G=(none)   M=Consts   ACBP=A9
 0001:00026458 00007283 C=CODE     S=.text    G=(none)   M=Graphics ACBP=A9
 0001:0002D6DC 000002B8 C=CODE     S=.text    G=(none)   M=Contnrs  ACBP=A9
 0001:0002D994 000000F4 C=CODE     S=.text    G=(none)   M=CommCtrl ACBP=A9
 0001:0002DA88 00000038 C=CODE     S=.text    G=(none)   M=Imm      ACBP=A9
 0001:0002DAC0 00000FF8 C=CODE     S=.text    G=(none)   M=HelpIntfs ACBP=A9
 0001:0002EAB8 00000038 C=CODE     S=.text    G=(none)   M=WinSpool ACBP=A9
 0001:0002EAF0 00000044 C=CODE     S=.text    G=(none)   M=Printers ACBP=A9
 0001:0002EB34 0000031F C=CODE     S=.text    G=(none)   M=FlatSB   ACBP=A9
 0001:0002EE54 000001A4 C=CODE     S=.text    G=(none)   M=SyncObjs ACBP=A9
 0001:0002EFF8 000009BB C=CODE     S=.text    G=(none)   M=UxTheme  ACBP=A9
 0001:0002F9B4 00000038 C=CODE     S=.text    G=(none)   M=RichEdit ACBP=A9
 0001:0002F9EC 00000038 C=CODE     S=.text    G=(none)   M=ToolWin  ACBP=A9
 0001:0002FA24 00000038 C=CODE     S=.text    G=(none)   M=RegStr   ACBP=A9
 0001:0002FA5C 00000038 C=CODE     S=.text    G=(none)   M=WinInet  ACBP=A9
 0001:0002FA94 00000038 C=CODE     S=.text    G=(none)   M=UrlMon   ACBP=A9
 0001:0002FACC 00000038 C=CODE     S=.text    G=(none)   M=ShlObj   ACBP=A9
 0001:0002FB04 00000038 C=CODE     S=.text    G=(none)   M=CommDlg  ACBP=A9
 0001:0002FB3C 00000038 C=CODE     S=.text    G=(none)   M=Dlgs     ACBP=A9
 0001:0002FB74 0000066D C=CODE     S=.text    G=(none)   M=Dialogs  ACBP=A9
 0001:000301E4 00000038 C=CODE     S=.text    G=(none)   M=ComStrs  ACBP=A9
 0001:0003021C 00000094 C=CODE     S=.text    G=(none)   M=Clipbrd  ACBP=A9
 0001:000302B0 00000038 C=CODE     S=.text    G=(none)   M=StrUtils ACBP=A9
 0001:000302E8 000000F5 C=CODE     S=.text    G=(none)   M=Buttons  ACBP=A9
 0001:000303E0 00000038 C=CODE     S=.text    G=(none)   M=ExtDlgs  ACBP=A9
 0001:00030418 00000068 C=CODE     S=.text    G=(none)   M=IniFiles ACBP=A9
 0001:00030480 00000068 C=CODE     S=.text    G=(none)   M=Registry ACBP=A9
 0001:000304E8 0000006C C=CODE     S=.text    G=(none)   M=Mapi     ACBP=A9
 0001:00030554 00000058 C=CODE     S=.text    G=(none)   M=ExtActns ACBP=A9
 0001:000305AC 00000038 C=CODE     S=.text    G=(none)   M=ListActns ACBP=A9
 0001:000305E4 00000180 C=CODE     S=.text    G=(none)   M=ComCtrls ACBP=A9
 0001:00030764 00000A0C C=CODE     S=.text    G=(none)   M=Themes   ACBP=A9
 0001:00031170 00000038 C=CODE     S=.text    G=(none)   M=StdCtrls ACBP=A9
 0001:000311A8 00000168 C=CODE     S=.text    G=(none)   M=StdActns ACBP=A9
 0001:00031310 00000D1F C=CODE     S=.text    G=(none)   M=WinHelpViewer ACBP=A9
 0001:00032030 00001292 C=CODE     S=.text    G=(none)   M=ActnList ACBP=A9
 0001:000332C4 0000C25C C=CODE     S=.text    G=(none)   M=Forms    ACBP=A9
 0001:0003F520 000016E4 C=CODE     S=.text    G=(none)   M=ImgList  ACBP=A9
 0001:00040C04 00006639 C=CODE     S=.text    G=(none)   M=Menus    ACBP=A9
 0001:00047240 00010467 C=CODE     S=.text    G=(none)   M=Controls ACBP=A9
 0001:000576A8 00000652 C=CODE     S=.text    G=(none)   M=ExtCtrls ACBP=A9
 0001:00057CFC 000000D8 C=CODE     S=.text    G=(none)   M=winsock2 ACBP=A9
 0001:00057DD4 000000DC C=CODE     S=.text    G=(none)   M=utils_net ACBP=A9
 0001:00057EB0 00000344 C=CODE     S=.text    G=(none)   M=uSSL     ACBP=A9
 0001:000581F4 00000038 C=CODE     S=.text    G=(none)   M=WinSvc   ACBP=A9
 0001:0005822C 0000047C C=CODE     S=.text    G=(none)   M=IdException ACBP=A9
 0001:000586A8 000000C8 C=CODE     S=.text    G=(none)   M=DateUtils ACBP=A9
 0001:00058770 00000258 C=CODE     S=.text    G=(none)   M=IdResourceStrings ACBP=A9
 0001:000589C8 00000264 C=CODE     S=.text    G=(none)   M=IdStreamVCL ACBP=A9
 0001:00058C2C 00000038 C=CODE     S=.text    G=(none)   M=IdStream ACBP=A9
 0001:00058C64 0000423C C=CODE     S=.text    G=(none)   M=IdGlobal ACBP=A9
 0001:0005CEA0 0000029C C=CODE     S=.text    G=(none)   M=IdBaseComponent ACBP=A9
 0001:0005D13C 000030A0 C=CODE     S=.text    G=(none)   M=IdWinsock2 ACBP=A9
 0001:000601DC 00000DC0 C=CODE     S=.text    G=(none)   M=IdWship6 ACBP=A9
 0001:00060F9C 00000038 C=CODE     S=.text    G=(none)   M=IdStackConsts ACBP=A9
 0001:00060FD4 00000348 C=CODE     S=.text    G=(none)   M=IdIDN    ACBP=A9
 0001:0006131C 00000990 C=CODE     S=.text    G=(none)   M=IdStackBSDBase ACBP=A9
 0001:00061CAC 00002AC8 C=CODE     S=.text    G=(none)   M=IdStackWindows ACBP=A9
 0001:00064774 000015E9 C=CODE     S=.text    G=(none)   M=IdStack  ACBP=A9
 0001:00065D60 00000634 C=CODE     S=.text    G=(none)   M=IdComponent ACBP=A9
 0001:00066394 000002C4 C=CODE     S=.text    G=(none)   M=IdAntiFreezeBase ACBP=A9
 0001:00066658 00000AAC C=CODE     S=.text    G=(none)   M=IdSocketHandle ACBP=A9
 0001:00067104 000005EC C=CODE     S=.text    G=(none)   M=IdUDPBase ACBP=A9
 0001:000676F0 00000170 C=CODE     S=.text    G=(none)   M=IdResourceStringsCore ACBP=A9
 0001:00067860 000009AC C=CODE     S=.text    G=(none)   M=IdBuffer ACBP=A9
 0001:0006820C 00000D58 C=CODE     S=.text    G=(none)   M=IdExceptionCore ACBP=A9
 0001:00068F64 00000468 C=CODE     S=.text    G=(none)   M=IdIntercept ACBP=A9
 0001:000693CC 00002BFC C=CODE     S=.text    G=(none)   M=IdIOHandler ACBP=A9
 0001:0006BFC8 0000063C C=CODE     S=.text    G=(none)   M=IdCustomTransparentProxy ACBP=A9
 0001:0006C604 00000038 C=CODE     S=.text    G=(none)   M=IdAssignedNumbers ACBP=A9
 0001:0006C63C 000001E8 C=CODE     S=.text    G=(none)   M=IdIPAddress ACBP=A9
 0001:0006C824 0000055C C=CODE     S=.text    G=(none)   M=IdReply  ACBP=A9
 0001:0006CD80 00000540 C=CODE     S=.text    G=(none)   M=IdReplyRFC ACBP=A9
 0001:0006D2C0 000008D4 C=CODE     S=.text    G=(none)   M=IdIOHandlerStack ACBP=A9
 0001:0006DB94 000009F0 C=CODE     S=.text    G=(none)   M=IdTCPConnection ACBP=A9
 0001:0006E584 00000BCC C=CODE     S=.text    G=(none)   M=IdTCPClient ACBP=A9
 0001:0006F150 00000944 C=CODE     S=.text    G=(none)   M=IdIOHandlerSocket ACBP=A9
 0001:0006FA94 00002628 C=CODE     S=.text    G=(none)   M=IdSocks  ACBP=A9
 0001:000720BC 00000BD8 C=CODE     S=.text    G=(none)   M=IdUDPClient ACBP=A9
 0001:00072C94 000001C4 C=CODE     S=.text    G=(none)   M=uGradient ACBP=A9
 0001:00072E58 00000038 C=CODE     S=.text    G=(none)   M=HtmlHelp ACBP=A9
 0001:00072E90 000000A8 C=CODE     S=.text    G=(none)   M=uCRC32   ACBP=A9
 0001:00072F38 0000007C C=CODE     S=.text    G=(none)   M=uMissingMults ACBP=A9
 0001:00072FB4 000002D8 C=CODE     S=.text    G=(none)   M=uCT1BOH  ACBP=A9
 0001:0007328C 00000458 C=CODE     S=.text    G=(none)   M=uLogSearch ACBP=A9
 0001:000736E4 00000338 C=CODE     S=.text    G=(none)   M=uBeacons ACBP=A9
 0001:00073A1C 00000748 C=CODE     S=.text    G=(none)   M=uSynTime ACBP=A9
 0001:00074164 000002E8 C=CODE     S=.text    G=(none)   M=uSendSpot ACBP=A9
 0001:0007444C 00000438 C=CODE     S=.text    G=(none)   M=uSendKeyboard ACBP=A9
 0001:00074884 00001488 C=CODE     S=.text    G=(none)   M=uOption  ACBP=A9
 0001:00075D0C 000001E0 C=CODE     S=.text    G=(none)   M=uRadio12 ACBP=A9
 0001:00075EEC 000002B4 C=CODE     S=.text    G=(none)   M=uAutoCQ  ACBP=A9
 0001:000761A0 000006E0 C=CODE     S=.text    G=(none)   M=uCAT     ACBP=A9
 0001:00076880 000001CC C=CODE     S=.text    G=(none)   M=uWinManager ACBP=A9
 0001:00076A4C 000004E8 C=CODE     S=.text    G=(none)   M=LPT      ACBP=A9
 0001:00076F34 000001BC C=CODE     S=.text    G=(none)   M=uMessages ACBP=A9
 0001:000770F0 00000D30 C=CODE     S=.text    G=(none)   M=uEditQSO ACBP=A9
 0001:00077E20 00000198 C=CODE     S=.text    G=(none)   M=uLogEdit ACBP=A9
 0001:00077FB8 0000056C C=CODE     S=.text    G=(none)   M=uFunctionKeys ACBP=A9
 0001:00078524 000031B4 C=CODE     S=.text    G=(none)   M=uRadioPolling ACBP=A9
 0001:0007B6D8 000003E4 C=CODE     S=.text    G=(none)   M=CFGDEF   ACBP=A9
 0001:0007BABC 0000102C C=CODE     S=.text    G=(none)   M=LogCfg   ACBP=A9
 0001:0007CAE8 00001318 C=CODE     S=.text    G=(none)   M=LOGSUBS1 ACBP=A9
 0001:0007DE00 000003B0 C=CODE     S=.text    G=(none)   M=uRemMults ACBP=A9
 0001:0007E1B0 00000C40 C=CODE     S=.text    G=(none)   M=uQTCR    ACBP=A9
 0001:0007EDF0 000001D4 C=CODE     S=.text    G=(none)   M=uDialogs ACBP=A9
 0001:0007EFC4 00000B48 C=CODE     S=.text    G=(none)   M=uQTCS    ACBP=A9
 0001:0007FB0C 000003C4 C=CODE     S=.text    G=(none)   M=LOGWAE   ACBP=A9
 0001:0007FED0 00003918 C=CODE     S=.text    G=(none)   M=FCONTEST ACBP=A9
 0001:000837E8 00000268 C=CODE     S=.text    G=(none)   M=uIntercom ACBP=A9
 0001:00083A50 000004EC C=CODE     S=.text    G=(none)   M=uGetServerLog ACBP=A9
 0001:00083F3C 00000488 C=CODE     S=.text    G=(none)   M=uLogCompare ACBP=A9
 0001:000843C4 000001E0 C=CODE     S=.text    G=(none)   M=CFGCMD   ACBP=A9
 0001:000845A4 00000780 C=CODE     S=.text    G=(none)   M=uEditMessage ACBP=A9
 0001:00084D24 000007F4 C=CODE     S=.text    G=(none)   M=uAltP    ACBP=A9
 0001:00085518 00000038 C=CODE     S=.text    G=(none)   M=uCheckLatestVersion ACBP=A9
 0001:00085550 00000038 C=CODE     S=.text    G=(none)   M=uQuickEdit ACBP=A9
 0001:00085588 00000384 C=CODE     S=.text    G=(none)   M=uBMCF    ACBP=A9
 0001:0008590C 000004F4 C=CODE     S=.text    G=(none)   M=uStations ACBP=A9
 0001:00085E00 00000110 C=CODE     S=.text    G=(none)   M=uMessagesList ACBP=A9
 0001:00085F10 0000086C C=CODE     S=.text    G=(none)   M=uGetScores ACBP=A9
 0001:0008677C 00002C80 C=CODE     S=.text    G=(none)   M=uCFG     ACBP=A9
 0001:000893FC 000008EC C=CODE     S=.text    G=(none)   M=uMP3Recorder ACBP=A9
 0001:00089CE8 00003058 C=CODE     S=.text    G=(none)   M=LOGSUBS2 ACBP=A9
 0001:0008CD40 00000AF8 C=CODE     S=.text    G=(none)   M=uBandmap ACBP=A9
 0001:0008D838 00000038 C=CODE     S=.text    G=(none)   M=LogPack  ACBP=A9
 0001:0008D870 00000BE8 C=CODE     S=.text    G=(none)   M=uSpots   ACBP=A9
 0001:0008E458 00001520 C=CODE     S=.text    G=(none)   M=uTelnet  ACBP=A9
 0001:0008F978 00000F30 C=CODE     S=.text    G=(none)   M=LOGSend  ACBP=A9
 0001:000908A8 00000200 C=CODE     S=.text    G=(none)   M=uMaster  ACBP=A9
 0001:00090AA8 00000500 C=CODE     S=.text    G=(none)   M=uCbrSum  ACBP=A9
 0001:00090FA8 00000664 C=CODE     S=.text    G=(none)   M=LOGDVP   ACBP=A9
 0001:0009160C 00000474 C=CODE     S=.text    G=(none)   M=uFileView ACBP=A9
 0001:00091A80 00000060 C=CODE     S=.text    G=(none)   M=uMixW    ACBP=A9
 0001:00091AE0 00001480 C=CODE     S=.text    G=(none)   M=LogCW    ACBP=A9
 0001:00092F60 00000570 C=CODE     S=.text    G=(none)   M=uErmak   ACBP=A9
 0001:000934D0 00005CE0 C=CODE     S=.text    G=(none)   M=PostUnit ACBP=A9
 0001:000991B0 00000428 C=CODE     S=.text    G=(none)   M=uMMTTY   ACBP=A9
 0001:000995D8 00000EC4 C=CODE     S=.text    G=(none)   M=uProcessCommand ACBP=A9
 0001:0009A49C 000001F4 C=CODE     S=.text    G=(none)   M=uIO      ACBP=A9
 0001:0009A690 00000228 C=CODE     S=.text    G=(none)   M=BeepUnit ACBP=A9
 0001:0009A8B8 00000038 C=CODE     S=.text    G=(none)   M=LogNet   ACBP=A9
 0001:0009A8F0 000030E0 C=CODE     S=.text    G=(none)   M=LogEdit  ACBP=A9
 0001:0009D9D0 000003E4 C=CODE     S=.text    G=(none)   M=uDupesheet ACBP=A9
 0001:0009DDB4 000001E4 C=CODE     S=.text    G=(none)   M=uInputQuery ACBP=A9
 0001:0009DF98 00000A2C C=CODE     S=.text    G=(none)   M=LogDom   ACBP=A9
 0001:0009E9C4 00001A03 C=CODE     S=.text    G=(none)   M=LogDupe  ACBP=A9
 0001:000A03C8 00001654 C=CODE     S=.text    G=(none)   M=LogSCP   ACBP=A9
 0001:000A1A1C 0000088A C=CODE     S=.text    G=(none)   M=uCallsigns ACBP=A9
 0001:000A22A8 0000045A C=CODE     S=.text    G=(none)   M=uMults   ACBP=A9
 0001:000A2704 000008B8 C=CODE     S=.text    G=(none)   M=uTotal   ACBP=A9
 0001:000A2FBC 000011CC C=CODE     S=.text    G=(none)   M=uNet     ACBP=A9
 0001:000A4188 000021AC C=CODE     S=.text    G=(none)   M=LogK1EA  ACBP=A9
 0001:000A6334 00003566 C=CODE     S=.text    G=(none)   M=LogRadio ACBP=A9
 0001:000A989C 000007CC C=CODE     S=.text    G=(none)   M=uWinKey  ACBP=A9
 0001:000AA068 00003013 C=CODE     S=.text    G=(none)   M=LogWind  ACBP=A9
 0001:000AD07C 00000794 C=CODE     S=.text    G=(none)   M=ZoneCont ACBP=A9
 0001:000AD810 0000CB8D C=CODE     S=.text    G=(none)   M=LogStuff ACBP=A9
 0001:000BA3A0 00001738 C=CODE     S=.text    G=(none)   M=Tree     ACBP=A9
 0001:000BBAD8 00000264 C=CODE     S=.text    G=(none)   M=uAltD    ACBP=A9
 0001:000BBD3C 0000889B C=CODE     S=.text    G=(none)   M=MainUnit ACBP=A9
 0001:000C45D8 00001E20 C=CODE     S=.text    G=(none)   M=uNewContest ACBP=A9
 0001:000C63F8 00000038 C=CODE     S=.text    G=(none)   M=EncdDecd ACBP=A9
 0001:000C6430 00000038 C=CODE     S=.text    G=(none)   M=uInet    ACBP=A9
 0001:000C6468 00000038 C=CODE     S=.text    G=(none)   M=uProfiler ACBP=A9
 0001:000C64A0 00000038 C=CODE     S=.text    G=(none)   M=utils_hw ACBP=A9
 0001:000C64D8 00000038 C=CODE     S=.text    G=(none)   M=exportto_trlog ACBP=A9
 0001:000C6510 00001378 C=CODE     S=.text    G=(none)   M=tr4w     ACBP=A9
 0002:00000000 000000D0 C=DATA     S=.data    G=DGROUP   M=System   ACBP=A9
 0002:000000D0 00000020 C=DATA     S=.data    G=DGROUP   M=SysInit  ACBP=A9
 0002:000000F0 000026C0 C=DATA     S=.data    G=DGROUP   M=VC       ACBP=A9
 0002:000027B0 00000618 C=DATA     S=.data    G=DGROUP   M=uMenu    ACBP=A9
 0002:00002DC8 0000001C C=DATA     S=.data    G=DGROUP   M=TF       ACBP=A9
 0002:00002DE4 000000AC C=DATA     S=.data    G=DGROUP   M=uRussiaOblasts ACBP=A9
 0002:00002E90 00000250 C=DATA     S=.data    G=DGROUP   M=SysUtils ACBP=A9
 0002:000030E0 0000000D C=DATA     S=.data    G=DGROUP   M=LogGrid  ACBP=A9
 0002:000030F0 00000718 C=DATA     S=.data    G=DGROUP   M=uCTYDAT  ACBP=A9
 0002:00003808 00000008 C=DATA     S=.data    G=DGROUP   M=VarUtils ACBP=A9
 0002:00003810 0000008E C=DATA     S=.data    G=DGROUP   M=Variants ACBP=A9
 0002:000038A0 0000000C C=DATA     S=.data    G=DGROUP   M=TypInfo  ACBP=A9
 0002:000038AC 00000064 C=DATA     S=.data    G=DGROUP   M=Classes  ACBP=A9
 0002:00003910 00000304 C=DATA     S=.data    G=DGROUP   M=Graphics ACBP=A9
 0002:00003C14 00000004 C=DATA     S=.data    G=DGROUP   M=Printers ACBP=A9
 0002:00003C18 00000074 C=DATA     S=.data    G=DGROUP   M=Dialogs  ACBP=A9
 0002:00003C8C 0000002C C=DATA     S=.data    G=DGROUP   M=Buttons  ACBP=A9
 0002:00003CB8 00000008 C=DATA     S=.data    G=DGROUP   M=IniFiles ACBP=A9
 0002:00003CC0 00000008 C=DATA     S=.data    G=DGROUP   M=Registry ACBP=A9
 0002:00003CC8 00000008 C=DATA     S=.data    G=DGROUP   M=Mapi     ACBP=A9
 0002:00003CD0 00000018 C=DATA     S=.data    G=DGROUP   M=ComCtrls ACBP=A9
 0002:00003CE8 00000068 C=DATA     S=.data    G=DGROUP   M=Themes   ACBP=A9
 0002:00003D50 0000011C C=DATA     S=.data    G=DGROUP   M=Forms    ACBP=A9
 0002:00003E6C 00000020 C=DATA     S=.data    G=DGROUP   M=ImgList  ACBP=A9
 0002:00003E8C 000000EC C=DATA     S=.data    G=DGROUP   M=Menus    ACBP=A9
 0002:00003F78 0000013C C=DATA     S=.data    G=DGROUP   M=Controls ACBP=A9
 0002:000040B4 00000178 C=DATA     S=.data    G=DGROUP   M=ExtCtrls ACBP=A9
 0002:0000422C 00000078 C=DATA     S=.data    G=DGROUP   M=IdGlobal ACBP=A9
 0002:000042A4 00000278 C=DATA     S=.data    G=DGROUP   M=IdWinsock2 ACBP=A9
 0002:0000451C 00000048 C=DATA     S=.data    G=DGROUP   M=IdWship6 ACBP=A9
 0002:00004564 00000008 C=DATA     S=.data    G=DGROUP   M=IdStackConsts ACBP=A9
 0002:0000456C 00000028 C=DATA     S=.data    G=DGROUP   M=IdIDN    ACBP=A9
 0002:00004594 0000000C C=DATA     S=.data    G=DGROUP   M=IdStackBSDBase ACBP=A9
 0002:000045A0 00000024 C=DATA     S=.data    G=DGROUP   M=IdStackWindows ACBP=A9
 0002:000045C4 00000014 C=DATA     S=.data    G=DGROUP   M=IdStack  ACBP=A9
 0002:000045D8 00000024 C=DATA     S=.data    G=DGROUP   M=IdComponent ACBP=A9
 0002:000045FC 00000004 C=DATA     S=.data    G=DGROUP   M=IdAntiFreezeBase ACBP=A9
 0002:00004600 00000008 C=DATA     S=.data    G=DGROUP   M=IdIOHandler ACBP=A9
 0002:00004608 00000007 C=DATA     S=.data    G=DGROUP   M=uCT1BOH  ACBP=A9
 0002:00004610 00000010 C=DATA     S=.data    G=DGROUP   M=uLogSearch ACBP=A9
 0002:00004620 0000005C C=DATA     S=.data    G=DGROUP   M=uBeacons ACBP=A9
 0002:0000467C 0000002C C=DATA     S=.data    G=DGROUP   M=uSynTime ACBP=A9
 0002:000046A8 0000000C C=DATA     S=.data    G=DGROUP   M=uSendSpot ACBP=A9
 0002:000046B4 00000014 C=DATA     S=.data    G=DGROUP   M=uOption  ACBP=A9
 0002:000046C8 00000010 C=DATA     S=.data    G=DGROUP   M=uRadio12 ACBP=A9
 0002:000046D8 00000008 C=DATA     S=.data    G=DGROUP   M=uAutoCQ  ACBP=A9
 0002:000046E0 00000018 C=DATA     S=.data    G=DGROUP   M=LPT      ACBP=A9
 0002:000046F8 0000000C C=DATA     S=.data    G=DGROUP   M=uMessages ACBP=A9
 0002:00004704 00000030 C=DATA     S=.data    G=DGROUP   M=uFunctionKeys ACBP=A9
 0002:00004734 00000038 C=DATA     S=.data    G=DGROUP   M=uRadioPolling ACBP=A9
 0002:0000476C 00000010 C=DATA     S=.data    G=DGROUP   M=LogCfg   ACBP=A9
 0002:0000477C 00000048 C=DATA     S=.data    G=DGROUP   M=uQTCR    ACBP=A9
 0002:000047C4 00000044 C=DATA     S=.data    G=DGROUP   M=uQTCS    ACBP=A9
 0002:00004808 00000005 C=DATA     S=.data    G=DGROUP   M=LOGWAE   ACBP=A9
 0002:00004810 00000001 C=DATA     S=.data    G=DGROUP   M=uGetServerLog ACBP=A9
 0002:00004814 00000018 C=DATA     S=.data    G=DGROUP   M=uEditMessage ACBP=A9
 0002:0000482C 0000008C C=DATA     S=.data    G=DGROUP   M=uAltP    ACBP=A9
 0002:000048B8 0000002C C=DATA     S=.data    G=DGROUP   M=uGetScores ACBP=A9
 0002:000048E4 0000267C C=DATA     S=.data    G=DGROUP   M=uCFG     ACBP=A9
 0002:00006F60 00000014 C=DATA     S=.data    G=DGROUP   M=uMP3Recorder ACBP=A9
 0002:00006F74 00000040 C=DATA     S=.data    G=DGROUP   M=LOGSUBS2 ACBP=A9
 0002:00006FB4 00000020 C=DATA     S=.data    G=DGROUP   M=uBandmap ACBP=A9
 0002:00006FD4 00000083 C=DATA     S=.data    G=DGROUP   M=uTelnet  ACBP=A9
 0002:00007058 00000104 C=DATA     S=.data    G=DGROUP   M=uCbrSum  ACBP=A9
 0002:0000715C 00000004 C=DATA     S=.data    G=DGROUP   M=LOGDVP   ACBP=A9
 0002:00007160 00000025 C=DATA     S=.data    G=DGROUP   M=LogCW    ACBP=A9
 0002:00007188 00000059 C=DATA     S=.data    G=DGROUP   M=uErmak   ACBP=A9
 0002:000071E4 00000178 C=DATA     S=.data    G=DGROUP   M=PostUnit ACBP=A9
 0002:0000735C 00000250 C=DATA     S=.data    G=DGROUP   M=uProcessCommand ACBP=A9
 0002:000075AC 0000000C C=DATA     S=.data    G=DGROUP   M=uIO      ACBP=A9
 0002:000075B8 00000018 C=DATA     S=.data    G=DGROUP   M=BeepUnit ACBP=A9
 0002:000075D0 0000000B C=DATA     S=.data    G=DGROUP   M=uDupesheet ACBP=A9
 0002:000075DC 0000000D C=DATA     S=.data    G=DGROUP   M=LogDom   ACBP=A9
 0002:000075EC 00000075 C=DATA     S=.data    G=DGROUP   M=LogDupe  ACBP=A9
 0002:00007664 0000000C C=DATA     S=.data    G=DGROUP   M=LogSCP   ACBP=A9
 0002:00007670 000000D0 C=DATA     S=.data    G=DGROUP   M=uNet     ACBP=A9
 0002:00007740 00000177 C=DATA     S=.data    G=DGROUP   M=LogK1EA  ACBP=A9
 0002:000078B8 00000864 C=DATA     S=.data    G=DGROUP   M=LogRadio ACBP=A9
 0002:0000811C 00000068 C=DATA     S=.data    G=DGROUP   M=uWinKey  ACBP=A9
 0002:00008184 00000304 C=DATA     S=.data    G=DGROUP   M=LogWind  ACBP=A9
 0002:00008488 000002A4 C=DATA     S=.data    G=DGROUP   M=LogStuff ACBP=A9
 0002:0000872C 000000C6 C=DATA     S=.data    G=DGROUP   M=Tree     ACBP=A9
 0002:000087F4 0000005C C=DATA     S=.data    G=DGROUP   M=MainUnit ACBP=A9
 0002:00008850 00000054 C=DATA     S=.data    G=DGROUP   M=uNewContest ACBP=A9
 0002:00009000 0000065C C=BSS      S=.bss     G=DGROUP   M=System   ACBP=A9
 0002:0000965C 00000010 C=BSS      S=.bss     G=DGROUP   M=SysInit  ACBP=A9
 0002:0000966C 00000004 C=BSS      S=.bss     G=DGROUP   M=Types    ACBP=A9
 0002:00009670 00000004 C=BSS      S=.bss     G=DGROUP   M=Windows  ACBP=A9
 0002:00009674 00000004 C=BSS      S=.bss     G=DGROUP   M=Messages ACBP=A9
 0002:00009678 00000004 C=BSS      S=.bss     G=DGROUP   M=MMSystem ACBP=A9
 0002:0000967C 00000004 C=BSS      S=.bss     G=DGROUP   M=ShellAPI ACBP=A9
 0002:00009680 00002748 C=BSS      S=.bss     G=DGROUP   M=VC       ACBP=A9
 0002:0000BDC8 00000004 C=BSS      S=.bss     G=DGROUP   M=uMenu    ACBP=A9
 0002:0000BDCC 00000004 C=BSS      S=.bss     G=DGROUP   M=utils_text ACBP=A9
 0002:0000BDD0 000086A4 C=BSS      S=.bss     G=DGROUP   M=TF       ACBP=A9
 0002:00014474 00000004 C=BSS      S=.bss     G=DGROUP   M=uRussiaOblasts ACBP=A9
 0002:00014478 0000000C C=BSS      S=.bss     G=DGROUP   M=uCommctrl ACBP=A9
 0002:00014484 00000004 C=BSS      S=.bss     G=DGROUP   M=SysConst ACBP=A9
 0002:00014488 00000120 C=BSS      S=.bss     G=DGROUP   M=SysUtils ACBP=A9
 0002:000145A8 00000144 C=BSS      S=.bss     G=DGROUP   M=utils_file ACBP=A9
 0002:000146EC 00000004 C=BSS      S=.bss     G=DGROUP   M=utils_math ACBP=A9
 0002:000146F0 00000014 C=BSS      S=.bss     G=DGROUP   M=LogGrid  ACBP=A9
 0002:00014704 0000D670 C=BSS      S=.bss     G=DGROUP   M=uCTYDAT  ACBP=A9
 0002:00021D74 00000004 C=BSS      S=.bss     G=DGROUP   M=uCallSignRoutines ACBP=A9
 0002:00021D78 0000005C C=BSS      S=.bss     G=DGROUP   M=VarUtils ACBP=A9
 0002:00021DD4 00000040 C=BSS      S=.bss     G=DGROUP   M=Variants ACBP=A9
 0002:00021E14 00000004 C=BSS      S=.bss     G=DGROUP   M=RTLConsts ACBP=A9
 0002:00021E18 00000004 C=BSS      S=.bss     G=DGROUP   M=TypInfo  ACBP=A9
 0002:00021E1C 00000004 C=BSS      S=.bss     G=DGROUP   M=ActiveX  ACBP=A9
 0002:00021E20 00000044 C=BSS      S=.bss     G=DGROUP   M=Classes  ACBP=A9
 0002:00021E64 00000004 C=BSS      S=.bss     G=DGROUP   M=Math     ACBP=A9
 0002:00021E68 00000031 C=BSS      S=.bss     G=DGROUP   M=MultiMon ACBP=A9
 0002:00021E9C 00000004 C=BSS      S=.bss     G=DGROUP   M=Consts   ACBP=A9
 0002:00021EA0 00000060 C=BSS      S=.bss     G=DGROUP   M=Graphics ACBP=A9
 0002:00021F00 00000004 C=BSS      S=.bss     G=DGROUP   M=Contnrs  ACBP=A9
 0002:00021F04 00000004 C=BSS      S=.bss     G=DGROUP   M=CommCtrl ACBP=A9
 0002:00021F08 00000004 C=BSS      S=.bss     G=DGROUP   M=Imm      ACBP=A9
 0002:00021F0C 00000008 C=BSS      S=.bss     G=DGROUP   M=HelpIntfs ACBP=A9
 0002:00021F14 00000004 C=BSS      S=.bss     G=DGROUP   M=WinSpool ACBP=A9
 0002:00021F18 00000004 C=BSS      S=.bss     G=DGROUP   M=Printers ACBP=A9
 0002:00021F1C 00000034 C=BSS      S=.bss     G=DGROUP   M=FlatSB   ACBP=A9
 0002:00021F50 00000004 C=BSS      S=.bss     G=DGROUP   M=SyncObjs ACBP=A9
 0002:00021F54 000000CC C=BSS      S=.bss     G=DGROUP   M=UxTheme  ACBP=A9
 0002:00022020 00000004 C=BSS      S=.bss     G=DGROUP   M=RichEdit ACBP=A9
 0002:00022024 00000004 C=BSS      S=.bss     G=DGROUP   M=ToolWin  ACBP=A9
 0002:00022028 00000004 C=BSS      S=.bss     G=DGROUP   M=RegStr   ACBP=A9
 0002:0002202C 00000004 C=BSS      S=.bss     G=DGROUP   M=WinInet  ACBP=A9
 0002:00022030 00000004 C=BSS      S=.bss     G=DGROUP   M=UrlMon   ACBP=A9
 0002:00022034 00000004 C=BSS      S=.bss     G=DGROUP   M=ShlObj   ACBP=A9
 0002:00022038 00000004 C=BSS      S=.bss     G=DGROUP   M=CommDlg  ACBP=A9
 0002:0002203C 00000004 C=BSS      S=.bss     G=DGROUP   M=Dlgs     ACBP=A9
 0002:00022040 0000000C C=BSS      S=.bss     G=DGROUP   M=Dialogs  ACBP=A9
 0002:0002204C 00000004 C=BSS      S=.bss     G=DGROUP   M=ComStrs  ACBP=A9
 0002:00022050 0000000C C=BSS      S=.bss     G=DGROUP   M=Clipbrd  ACBP=A9
 0002:0002205C 00000004 C=BSS      S=.bss     G=DGROUP   M=StrUtils ACBP=A9
 0002:00022060 00000030 C=BSS      S=.bss     G=DGROUP   M=Buttons  ACBP=A9
 0002:00022090 00000004 C=BSS      S=.bss     G=DGROUP   M=ExtDlgs  ACBP=A9
 0002:00022094 00000004 C=BSS      S=.bss     G=DGROUP   M=IniFiles ACBP=A9
 0002:00022098 00000004 C=BSS      S=.bss     G=DGROUP   M=Registry ACBP=A9
 0002:0002209C 00000004 C=BSS      S=.bss     G=DGROUP   M=Mapi     ACBP=A9
 0002:000220A0 00000009 C=BSS      S=.bss     G=DGROUP   M=ExtActns ACBP=A9
 0002:000220AC 00000004 C=BSS      S=.bss     G=DGROUP   M=ListActns ACBP=A9
 0002:000220B0 00000010 C=BSS      S=.bss     G=DGROUP   M=ComCtrls ACBP=A9
 0002:000220C0 00000008 C=BSS      S=.bss     G=DGROUP   M=Themes   ACBP=A9
 0002:000220C8 00000004 C=BSS      S=.bss     G=DGROUP   M=StdCtrls ACBP=A9
 0002:000220CC 00000004 C=BSS      S=.bss     G=DGROUP   M=StdActns ACBP=A9
 0002:000220D0 00000014 C=BSS      S=.bss     G=DGROUP   M=WinHelpViewer ACBP=A9
 0002:000220E4 00000004 C=BSS      S=.bss     G=DGROUP   M=ActnList ACBP=A9
 0002:000220E8 00000020 C=BSS      S=.bss     G=DGROUP   M=Forms    ACBP=A9
 0002:00022108 0000000C C=BSS      S=.bss     G=DGROUP   M=ImgList  ACBP=A9
 0002:00022114 00000010 C=BSS      S=.bss     G=DGROUP   M=Menus    ACBP=A9
 0002:00022124 00000080 C=BSS      S=.bss     G=DGROUP   M=Controls ACBP=A9
 0002:000221A4 00000004 C=BSS      S=.bss     G=DGROUP   M=ExtCtrls ACBP=A9
 0002:000221A8 00000004 C=BSS      S=.bss     G=DGROUP   M=winsock2 ACBP=A9
 0002:000221AC 00000198 C=BSS      S=.bss     G=DGROUP   M=utils_net ACBP=A9
 0002:00022344 00000004 C=BSS      S=.bss     G=DGROUP   M=uSSL     ACBP=A9
 0002:00022348 00000004 C=BSS      S=.bss     G=DGROUP   M=WinSvc   ACBP=A9
 0002:0002234C 00000004 C=BSS      S=.bss     G=DGROUP   M=IdException ACBP=A9
 0002:00022350 00000004 C=BSS      S=.bss     G=DGROUP   M=DateUtils ACBP=A9
 0002:00022354 00000004 C=BSS      S=.bss     G=DGROUP   M=IdResourceStrings ACBP=A9
 0002:00022358 00000004 C=BSS      S=.bss     G=DGROUP   M=IdStreamVCL ACBP=A9
 0002:0002235C 00000004 C=BSS      S=.bss     G=DGROUP   M=IdStream ACBP=A9
 0002:00022360 00000004 C=BSS      S=.bss     G=DGROUP   M=IdGlobal ACBP=A9
 0002:00022364 00000004 C=BSS      S=.bss     G=DGROUP   M=IdBaseComponent ACBP=A9
 0002:00022368 000000BC C=BSS      S=.bss     G=DGROUP   M=IdWinsock2 ACBP=A9
 0002:00022424 00000004 C=BSS      S=.bss     G=DGROUP   M=IdWship6 ACBP=A9
 0002:00022428 00000004 C=BSS      S=.bss     G=DGROUP   M=IdStackConsts ACBP=A9
 0002:0002242C 00000004 C=BSS      S=.bss     G=DGROUP   M=IdIDN    ACBP=A9
 0002:00022430 00000004 C=BSS      S=.bss     G=DGROUP   M=IdStackBSDBase ACBP=A9
 0002:00022434 00000004 C=BSS      S=.bss     G=DGROUP   M=IdStackWindows ACBP=A9
 0002:00022438 00000008 C=BSS      S=.bss     G=DGROUP   M=IdStack  ACBP=A9
 0002:00022440 00000004 C=BSS      S=.bss     G=DGROUP   M=IdComponent ACBP=A9
 0002:00022444 00000004 C=BSS      S=.bss     G=DGROUP   M=IdAntiFreezeBase ACBP=A9
 0002:00022448 00000004 C=BSS      S=.bss     G=DGROUP   M=IdSocketHandle ACBP=A9
 0002:0002244C 00000004 C=BSS      S=.bss     G=DGROUP   M=IdUDPBase ACBP=A9
 0002:00022450 00000004 C=BSS      S=.bss     G=DGROUP   M=IdResourceStringsCore ACBP=A9
 0002:00022454 00000004 C=BSS      S=.bss     G=DGROUP   M=IdBuffer ACBP=A9
 0002:00022458 00000004 C=BSS      S=.bss     G=DGROUP   M=IdExceptionCore ACBP=A9
 0002:0002245C 00000004 C=BSS      S=.bss     G=DGROUP   M=IdIntercept ACBP=A9
 0002:00022460 00000004 C=BSS      S=.bss     G=DGROUP   M=IdIOHandler ACBP=A9
 0002:00022464 00000004 C=BSS      S=.bss     G=DGROUP   M=IdCustomTransparentProxy ACBP=A9
 0002:00022468 00000004 C=BSS      S=.bss     G=DGROUP   M=IdAssignedNumbers ACBP=A9
 0002:0002246C 00000004 C=BSS      S=.bss     G=DGROUP   M=IdIPAddress ACBP=A9
 0002:00022470 00000004 C=BSS      S=.bss     G=DGROUP   M=IdReply  ACBP=A9
 0002:00022474 00000004 C=BSS      S=.bss     G=DGROUP   M=IdReplyRFC ACBP=A9
 0002:00022478 00000004 C=BSS      S=.bss     G=DGROUP   M=IdIOHandlerStack ACBP=A9
 0002:0002247C 00000004 C=BSS      S=.bss     G=DGROUP   M=IdTCPConnection ACBP=A9
 0002:00022480 00000004 C=BSS      S=.bss     G=DGROUP   M=IdTCPClient ACBP=A9
 0002:00022484 00000004 C=BSS      S=.bss     G=DGROUP   M=IdIOHandlerSocket ACBP=A9
 0002:00022488 00000004 C=BSS      S=.bss     G=DGROUP   M=IdSocks  ACBP=A9
 0002:0002248C 00000004 C=BSS      S=.bss     G=DGROUP   M=IdUDPClient ACBP=A9
 0002:00022490 00000008 C=BSS      S=.bss     G=DGROUP   M=uGradient ACBP=A9
 0002:00022498 00000004 C=BSS      S=.bss     G=DGROUP   M=HtmlHelp ACBP=A9
 0002:0002249C 00000404 C=BSS      S=.bss     G=DGROUP   M=uCRC32   ACBP=A9
 0002:000228A0 00000004 C=BSS      S=.bss     G=DGROUP   M=uMissingMults ACBP=A9
 0002:000228A4 00000004 C=BSS      S=.bss     G=DGROUP   M=uCT1BOH  ACBP=A9
 0002:000228A8 00000410 C=BSS      S=.bss     G=DGROUP   M=uLogSearch ACBP=A9
 0002:00022CB8 00000170 C=BSS      S=.bss     G=DGROUP   M=uBeacons ACBP=A9
 0002:00022E28 00000088 C=BSS      S=.bss     G=DGROUP   M=uSynTime ACBP=A9
 0002:00022EB0 00000004 C=BSS      S=.bss     G=DGROUP   M=uSendSpot ACBP=A9
 0002:00022EB4 00000014 C=BSS      S=.bss     G=DGROUP   M=uSendKeyboard ACBP=A9
 0002:00022EC8 000003AC C=BSS      S=.bss     G=DGROUP   M=uOption  ACBP=A9
 0002:00023274 00000004 C=BSS      S=.bss     G=DGROUP   M=uRadio12 ACBP=A9
 0002:00023278 00000004 C=BSS      S=.bss     G=DGROUP   M=uAutoCQ  ACBP=A9
 0002:0002327C 00000008 C=BSS      S=.bss     G=DGROUP   M=uCAT     ACBP=A9
 0002:00023284 0000000C C=BSS      S=.bss     G=DGROUP   M=uWinManager ACBP=A9
 0002:00023290 00000004 C=BSS      S=.bss     G=DGROUP   M=LPT      ACBP=A9
 0002:00023294 00000004 C=BSS      S=.bss     G=DGROUP   M=uMessages ACBP=A9
 0002:00023298 00000108 C=BSS      S=.bss     G=DGROUP   M=uEditQSO ACBP=A9
 0002:000233A0 00000010 C=BSS      S=.bss     G=DGROUP   M=uLogEdit ACBP=A9
 0002:000233B0 00000224 C=BSS      S=.bss     G=DGROUP   M=uFunctionKeys ACBP=A9
 0002:000235D4 00000004 C=BSS      S=.bss     G=DGROUP   M=uRadioPolling ACBP=A9
 0002:000235D8 00000004 C=BSS      S=.bss     G=DGROUP   M=CFGDEF   ACBP=A9
 0002:000235DC 0000000C C=BSS      S=.bss     G=DGROUP   M=LogCfg   ACBP=A9
 0002:000235E8 00000004 C=BSS      S=.bss     G=DGROUP   M=LOGSUBS1 ACBP=A9
 0002:000235EC 0000000C C=BSS      S=.bss     G=DGROUP   M=uRemMults ACBP=A9
 0002:000235F8 00000060 C=BSS      S=.bss     G=DGROUP   M=uQTCR    ACBP=A9
 0002:00023658 00000050 C=BSS      S=.bss     G=DGROUP   M=uDialogs ACBP=A9
 0002:000236A8 00000010 C=BSS      S=.bss     G=DGROUP   M=uQTCS    ACBP=A9
 0002:000236B8 0000020C C=BSS      S=.bss     G=DGROUP   M=LOGWAE   ACBP=A9
 0002:000238C4 00000008 C=BSS      S=.bss     G=DGROUP   M=FCONTEST ACBP=A9
 0002:000238CC 0000000C C=BSS      S=.bss     G=DGROUP   M=uIntercom ACBP=A9
 0002:000238D8 0000018C C=BSS      S=.bss     G=DGROUP   M=uGetServerLog ACBP=A9
 0002:00023A64 00000008 C=BSS      S=.bss     G=DGROUP   M=uLogCompare ACBP=A9
 0002:00023A6C 00000008 C=BSS      S=.bss     G=DGROUP   M=CFGCMD   ACBP=A9
 0002:00023A74 00000020 C=BSS      S=.bss     G=DGROUP   M=uEditMessage ACBP=A9
 0002:00023A94 00000010 C=BSS      S=.bss     G=DGROUP   M=uAltP    ACBP=A9
 0002:00023AA4 00000004 C=BSS      S=.bss     G=DGROUP   M=uCheckLatestVersion ACBP=A9
 0002:00023AA8 00000004 C=BSS      S=.bss     G=DGROUP   M=uQuickEdit ACBP=A9
 0002:00023AAC 00000004 C=BSS      S=.bss     G=DGROUP   M=uBMCF    ACBP=A9
 0002:00023AB0 00000008 C=BSS      S=.bss     G=DGROUP   M=uStations ACBP=A9
 0002:00023AB8 00000004 C=BSS      S=.bss     G=DGROUP   M=uMessagesList ACBP=A9
 0002:00023ABC 000013C0 C=BSS      S=.bss     G=DGROUP   M=uGetScores ACBP=A9
 0002:00024E7C 000002B4 C=BSS      S=.bss     G=DGROUP   M=uCFG     ACBP=A9
 0002:00025130 00017CB0 C=BSS      S=.bss     G=DGROUP   M=uMP3Recorder ACBP=A9
 0002:0003CDE0 0000000C C=BSS      S=.bss     G=DGROUP   M=LOGSUBS2 ACBP=A9
 0002:0003CDEC 00000024 C=BSS      S=.bss     G=DGROUP   M=uBandmap ACBP=A9
 0002:0003CE10 00000844 C=BSS      S=.bss     G=DGROUP   M=LogPack  ACBP=A9
 0002:0003D654 00000024 C=BSS      S=.bss     G=DGROUP   M=uSpots   ACBP=A9
 0002:0003D678 000000C4 C=BSS      S=.bss     G=DGROUP   M=uTelnet  ACBP=A9
 0002:0003D73C 00000004 C=BSS      S=.bss     G=DGROUP   M=LOGSend  ACBP=A9
 0002:0003D740 00000020 C=BSS      S=.bss     G=DGROUP   M=uMaster  ACBP=A9
 0002:0003D760 0000000C C=BSS      S=.bss     G=DGROUP   M=uCbrSum  ACBP=A9
 0002:0003D76C 000004E0 C=BSS      S=.bss     G=DGROUP   M=LOGDVP   ACBP=A9
 0002:0003DC4C 0000000C C=BSS      S=.bss     G=DGROUP   M=uFileView ACBP=A9
 0002:0003DC58 00000004 C=BSS      S=.bss     G=DGROUP   M=uMixW    ACBP=A9
 0002:0003DC5C 0000119C C=BSS      S=.bss     G=DGROUP   M=LogCW    ACBP=A9
 0002:0003EDF8 00000008 C=BSS      S=.bss     G=DGROUP   M=uErmak   ACBP=A9
 0002:0003EE00 00000ADC C=BSS      S=.bss     G=DGROUP   M=PostUnit ACBP=A9
 0002:0003F8DC 0000008C C=BSS      S=.bss     G=DGROUP   M=uMMTTY   ACBP=A9
 0002:0003F968 00000104 C=BSS      S=.bss     G=DGROUP   M=uProcessCommand ACBP=A9
 0002:0003FA6C 00000014 C=BSS      S=.bss     G=DGROUP   M=uIO      ACBP=A9
 0002:0003FA80 00000008 C=BSS      S=.bss     G=DGROUP   M=BeepUnit ACBP=A9
 0002:0003FA88 000002A0 C=BSS      S=.bss     G=DGROUP   M=LogNet   ACBP=A9
 0002:0003FD28 00000189 C=BSS      S=.bss     G=DGROUP   M=LogEdit  ACBP=A9
 0002:0003FEB4 00000005 C=BSS      S=.bss     G=DGROUP   M=uDupesheet ACBP=A9
 0002:0003FEBC 00000108 C=BSS      S=.bss     G=DGROUP   M=uInputQuery ACBP=A9
 0002:0003FFC4 00000138 C=BSS      S=.bss     G=DGROUP   M=LogDom   ACBP=A9
 0002:000400FC 000003A0 C=BSS      S=.bss     G=DGROUP   M=LogDupe  ACBP=A9
 0002:0004049C 00000B04 C=BSS      S=.bss     G=DGROUP   M=LogSCP   ACBP=A9
 0002:00040FA0 00000014 C=BSS      S=.bss     G=DGROUP   M=uCallsigns ACBP=A9
 0002:00040FB4 000059C8 C=BSS      S=.bss     G=DGROUP   M=uMults   ACBP=A9
 0002:0004697C 00000010 C=BSS      S=.bss     G=DGROUP   M=uTotal   ACBP=A9
 0002:0004698C 000009A4 C=BSS      S=.bss     G=DGROUP   M=uNet     ACBP=A9
 0002:00047330 00000089 C=BSS      S=.bss     G=DGROUP   M=LogK1EA  ACBP=A9
 0002:000473BC 00000BC8 C=BSS      S=.bss     G=DGROUP   M=LogRadio ACBP=A9
 0002:00047F84 00000298 C=BSS      S=.bss     G=DGROUP   M=uWinKey  ACBP=A9
 0002:0004821C 00000E7C C=BSS      S=.bss     G=DGROUP   M=LogWind  ACBP=A9
 0002:00049098 00000018 C=BSS      S=.bss     G=DGROUP   M=ZoneCont ACBP=A9
 0002:000490B0 00000490 C=BSS      S=.bss     G=DGROUP   M=LogStuff ACBP=A9
 0002:00049540 00000004 C=BSS      S=.bss     G=DGROUP   M=Tree     ACBP=A9
 0002:00049544 0000000C C=BSS      S=.bss     G=DGROUP   M=uAltD    ACBP=A9
 0002:00049550 00000018 C=BSS      S=.bss     G=DGROUP   M=MainUnit ACBP=A9
 0002:00049568 00000068 C=BSS      S=.bss     G=DGROUP   M=uNewContest ACBP=A9
 0002:000495D0 00000004 C=BSS      S=.bss     G=DGROUP   M=EncdDecd ACBP=A9
 0002:000495D4 00000004 C=BSS      S=.bss     G=DGROUP   M=uInet    ACBP=A9
 0002:000495D8 00000004 C=BSS      S=.bss     G=DGROUP   M=uProfiler ACBP=A9
 0002:000495DC 00000004 C=BSS      S=.bss     G=DGROUP   M=utils_hw ACBP=A9
 0002:000495E0 00000004 C=BSS      S=.bss     G=DGROUP   M=exportto_trlog ACBP=A9
 0002:000495E4 0000011C C=BSS      S=.bss     G=DGROUP   M=tr4w     ACBP=A9


  Address         Publics by Name

 0002:0003DC58       .1
 0002:00022E24       .1
 0002:0000967C       .1
 0002:00022E28       .1
 0002:00049564       .1
 0002:0004954C       .1
 0002:0000BDC4       .1
 0002:00022EB0       .1
 0002:0000BDC8       .1
 0002:00022EB4       .1
 0002:0000BDCC       .1
 0002:00022F28       .1
 0002:00014470       .1
 0002:00023274       .1
 0002:00023278       .1
 0002:00014474       .1
 0002:00014478       .1
 0002:00023280       .1
 0002:00014484       .1
 0002:00049540       .1
 0002:00023288       .1
 0002:00023290       .1
 0002:0003DC54       .1
 0002:00023294       .1
 0002:000145A8       .1
 0002:0002339C       .1
 0002:000233AC       .1
 0002:000146EC       .1
 0002:00014700       .1
 0002:000235D0       .1
 0002:000495E0       .1
 0002:000235D4       .1
 0002:00021D70       .1
 0002:00021D74       .1
 0002:000235D8       .1
 0002:0003EDF4       .1
 0002:0004953C       .1
 0002:000235E4       .1
 0002:00021E14       .1
 0002:0003DC48       .1
 0002:0003EDFC       .1
 0002:000235E8       .1
 0002:0002235C       .1
 0002:0003F8D8       .1
 0002:000235EC       .1
 0002:00023600       .1
 0002:0003D768       .1
 0002:000490AC       .1
 0002:000236A4       .1
 0002:00049090       .1
 0002:000236B4       .1
 0002:000238C0       .1
 0002:000238C8       .1
 0002:000495DC       .1
 0002:00022424       .1
 0002:00022428       .1
 0002:00049568       .1
 0002:00021E88       .1
 0002:00021E9C       .1
 0002:000238D4       .1
 0002:00022468       .1
 0002:0002242C       .1
 0002:00023A60       .1
 0002:00023A68       .1
 0002:00023A70       .1
 0002:00048218       .1
 0002:0003D75C       .1
 0002:0003D73C       .1
 0002:00023A90       .1
 0002:000228A8       .1
 0002:00022450       .1
 0002:00023A9C       .1
 0002:0003F964       .1
 0002:0003FA68       .1
 0002:0003FA7C       .1
 0002:0003D738       .1
 0002:00021F04       .1
 0002:000228A4       .1
 0002:000228A0       .1
 0002:000495D8       .1
 0002:000221A8       .1
 0002:00023AA4       .1
 0002:00023AA8       .1
 0002:00023AAC       .1
 0002:00021F08       .1
 0002:00023AB4       .1
 0002:0003FA84       .1
 0002:00023AB8       .1
 0002:0002249C       .1
 0002:00022498       .1
 0002:00022340       .1
 0002:0003FD24       .1
 0002:000495D4       .1
 0002:00022494       .1
 0002:0003FEB4       .1
 0002:00024E78       .1
 0002:0003FFC0       .1
 0002:0003CE0C       .1
 0002:00009674       .1
 0002:00021F3C       .1
 0002:000495D0       .1
 0002:00022010       .1
 0002:00022020       .1
 0002:00009664       .1
 0002:00022028       .1
 0002:0002202C       .1
 0002:00022030       .1
 0002:00022034       .1
 0002:00022038       .1
 0002:00025120       .1
 0002:0002203C       .1
 0002:00046988       .1
 0002:00022348       .1
 0002:000220D8       .1
 0002:0000966C       .1
 0002:0002204C       .1
 0002:00022350       .1
 0002:0004732C       .1
 0002:0002205C       .1
 0002:00022354       .1
 0002:0003CDE8       .1
 0002:0003CDDC       .1
 0002:0002209C       .1
 0002:00022040       .11
 0002:0002234C       .11
 0002:00021EA4       .12
 0002:000221A4       .12
 0002:00022358       .2
 0002:0003D674       .2
 0002:0003D650       .2
 0002:00021F0C       .2
 0002:00022344       .2
 0002:0003FEAC       .2
 0002:00046978       .2
 0002:00022484       .2
 0002:0002247C       .2
 0002:00022478       .2
 0002:000220C0       .2
 0002:00022444       .2
 0002:0002246C       .2
 0002:00022054       .2
 0002:00040498       .2
 0002:00021E64       .2
 0002:000473A0       .2
 0002:000400F8       .2
 0002:00022420       .2
 0002:00040FB0       .2
 0002:00021F00       .21
 0002:00047F80       .3
 0002:00022364       .3
 0002:0002248C       .3
 0002:00021F14       .3
 0002:00022488       .3
 0002:00022448       .3
 0002:00021F18       .3
 0002:00040F9C       .3
 0002:00022440       .3
 0002:00022108       .3
 0002:00009670       .3
 0002:00022090       .3
 0002:00021E1C       .3
 0002:00022480       .3
 0002:0002243C       .31
 0002:00014598       .35
 0002:00022458       .36
 0002:000220B0       .36
 0002:0002244C       .4
 0002:00022060       .4
 0002:00022470       .4
 0002:00022474       .4
 0002:00022024       .4
 0002:00022464       .4
 0002:0002245C       .4
 0002:00022434       .4
 0002:00022454       .4
 0002:000220F0       .41
 0002:000220C8       .42
 0002:00021E2C       .45
 0002:00022460       .5
 0002:00021DD0       .5
 0002:000095B4       .5
 0002:00022430       .5
 0002:00022098       .5
 0002:00021F50       .6
 0002:00021E18       .6
 0002:00022360       .61
 0002:00009678       .7
 0002:0002212C       .72
 0002:000220A0       .72
 0002:000220CC       .73
 0002:000220AC       .8
 0002:00022094       .8
 0002:000220E4       .8
 0002:00021DF4       .81
 0002:0002211C       .9
 0001:00001C5C       @AbstractError
 0001:00003374       @AfterConstruction
 0001:000031C0       @AsClass
 0001:00003D48       @Assert
 0001:00001F40       @Assign
 0001:0000213C       @AStrCmp
 0001:00003384       @BeforeDestruction
 0001:00002F50       @BoundErr
 0001:0000320C       @CallDynaInst
 0001:0000331C       @ClassCreate
 0001:0000336C       @ClassDestroy
 0001:00002008       @Close
 0001:000018D8       @Copy
 0001:00004AE8       @CopyArray
 0001:000049CC       @CopyRecord
 0001:00001BC8       @COS
 0001:0000191C       @Delete
 0001:00004BDC       @DispCallByIDError
 0001:00018D18       @DispInvokeError
 0001:00003800       @DoneExcept
 0001:00005304       @DynArrayAsg
 0001:000052C8       @DynArrayClear
 0001:000051D4       @DynArrayCopyRange
 0001:00005014       @DynArrayHigh
 0001:0000500C       @DynArrayLength
 0001:000051C8       @DynArraySetLength
 0001:00002788       @EmitDigits
 0001:000021AC       @EofText
 0001:000038E8       @ExceptionHandler
 0001:000021E4       @FillChar
 0001:000049A8       @Finalize
 0001:000048BC       @FinalizeArray
 0001:00004870       @FinalizeRecord
 0001:00001FFC       @Flush
 0001:00002F44       @FpuInit
 0001:00002E80       @FpuMaskInit
 0001:00001C08       @FRAC
 0001:00001760       @FreeMem
 0001:00001740       @GetMem
 0001:000060A4       @GetTls
 0001:00003D30       @Halt
 0001:00003C58       @Halt0
 0001:00003498       @HandleAnyException
 0001:0000374C       @HandleFinally
 0001:000035C4       @HandleOnException
 0001:000060F0       @InitExe
 0001:000047DC       @InitializeArray
 0001:000047AC       @InitializeRecord
 0001:00003B1C       @InitImports
 0001:00003AF4       @InitResStringImports
 0001:00003AD0       @InitResStrings
 0001:0000194C       @Insert
 0001:00001BD8       @INT
 0001:000059E8       @IntfAddRef
 0001:000059B8       @IntfCast
 0001:00005974       @IntfClear
 0001:0000598C       @IntfCopy
 0001:0000319C       @IsClass
 0001:00002E50       @isNECWindows
 0001:0000429C       @LStrAddRef
 0001:00003E10       @LStrArrayClr
 0001:00003E40       @LStrAsg
 0001:000040B4       @LStrCat
 0001:000040F8       @LStrCat3
 0001:0000416C       @LStrCatN
 0001:00003DEC       @LStrClr
 0001:000041F8       @LStrCmp
 0001:0000430C       @LStrCopy
 0001:0000434C       @LStrDelete
 0001:0000405C       @LStrFromArray
 0001:00003FD4       @LStrFromChar
 0001:00003FE4       @LStrFromPChar
 0001:00003EDC       @LStrFromPCharLen
 0001:00004014       @LStrFromPWChar
 0001:00003F48       @LStrFromPWCharLen
 0001:00004050       @LStrFromString
 0001:00004074       @LStrFromWStr
 0001:00004394       @LStrInsert
 0001:00003E84       @LStrLAsg
 0001:000040AC       @LStrLen
 0001:0000449C       @LStrOfChar
 0001:000043F0       @LStrPos
 0001:00004438       @LStrSetLength
 0001:000042AC       @LStrToPChar
 0001:00004088       @LStrToString
 0001:00003EB0       @NewAnsiString
 0001:000044F8       @NewWideString
 0001:00002DE8       @ObjSetup
 0001:00001B60       @Pos
 0001:00002B04       @Pow10
 0001:000020B8       @PStrCmp
 0001:00002090       @PStrCpy
 0001:00002060       @PStrNCat
 0001:0000209C       @PStrNCpy
 0001:000037AC       @RaiseAgain
 0001:00003784       @RaiseExcept
 0001:00002204       @RandInt
 0001:0000225C       @ReadChar
 0001:00002354       @ReadLn
 0001:00002348       @ReadString
 0001:00001780       @ReallocMem
 0001:00001CD0       @ResetText
 0001:00001CDC       @RewritText
 0001:00001C2C       @ROUND
 0001:00003D3C       @RunError
 0001:000027F8       @ScaleExt
 0001:00002774       @SetEq
 0001:00001BA0       @SetLength
 0001:00001BF8       @SIN
 0001:00003A90       @StartExe
 0001:00004DC0       @Str0Int64
 0001:000023E4       @Str0Long
 0001:0000283C       @Str2Ext
 0001:00004D00       @StrInt64
 0001:00000320       @strlen
 0001:00002384       @StrLong
 0001:00001C38       @TRUNC
 0001:00003830       @TryFinallyExit
 0001:00004304       @UniqueStringA
 0001:000029F8       @ValExt
 0001:00004DDC       @ValInt64
 0001:000023F0       @ValLong
 0001:0001A410       @VarAddRef
 0001:00019004       @VarClear
 0001:00019018       @VarClr
 0001:000048A4       @VarClr
 0001:0001932C       @VarCopy
 0001:000049B4       @VarCopy
 0001:0001A348       @VarFromBool
 0001:0001A398       @VarFromCurr
 0001:0001A2E0       @VarFromInt
 0001:0001A31C       @VarFromInt64
 0001:0001A3AC       @VarFromLStr
 0001:0001A370       @VarFromReal
 0001:0001A384       @VarFromTDateTime
 0001:0001A3D8       @VarFromWStr
 0001:00018D6C       @VarNull
 0001:00019658       @VarToLStr
 0001:00019D80       @VarToWStr
 0001:000025D8       @Write0Char
 0001:00002690       @Write0CString
 0001:00002654       @Write0Long
 0001:000044C8       @Write0LString
 0001:0000265C       @Write0String
 0001:000026C8       @Write2Ext
 0001:00002508       @WriteBytes
 0001:00002698       @WriteCString
 0001:000026FC       @WriteLn
 0001:00002614       @WriteLong
 0001:000044D0       @WriteLString
 0001:0000255C       @WriteSpaces
 0001:00002668       @WriteString
 0001:00004538       @WStrArrayClr
 0001:0000455C       @WStrAsg
 0001:00004520       @WStrClr
 0001:00004698       @WStrCmp
 0001:0000471C       @WStrCopy
 0001:0000466C       @WStrFromLStr
 0001:00004580       @WStrFromPCharLen
 0001:00004630       @WStrFromPWChar
 0001:0000460C       @WStrFromPWCharLen
 0001:0000468C       @WStrLen
 0001:00004768       @WStrSetLength
 0001:0000467C       @WStrToPWChar
 0001:00002750       @_CLenToPasStr
 0001:00002744       @_CToPasStr
 0001:000018A8       @_IOTest
 0001:00004C08       @_lldiv
 0001:00004C84       @_llmod
 0001:00004BE4       @_llmul
 0001:00049A64       AbsMin
 0001:00011910       AbstractErrorHandler
 0002:00009028       AbstractErrorProc
 0002:0000433C       accept
 0002:000044EC       AcceptEx
 0002:00002F10       AccessMode
 0002:000469EC       ACK
 0001:00001810       AcquireExceptionObject
 0001:0001DA38       ActivateClassGroup
 0001:00006868       ActivateKeyboardLayout
 0002:0004824A       ActiveBand
 0002:00047390       ActiveBeep
 0002:0003FFC4       ActiveDomesticMult
 0002:00022160       ActiveDrag
 0002:00047361       ActiveDVKPort
 0002:00040105       ActiveDXMult
 0002:0004824B       ActiveExchange
 0002:00000D78       ActiveExchangeArray
 0002:00047362       ActiveFootSwitchPort
 0002:0004824C       ActiveInitialExchange
 0002:000009F0       ActiveMainWindow
 0002:0000826C       ActiveMode
 0002:00047363       ActivePaddlePort
 0002:00040106       ActivePrefixMult
 0002:0004824D       ActiveQSOPointMethod
 0002:00007794       ActiveRadio
 0002:000078D0       ActiveRadioPtr
 0002:0004824E       ActiveRotatorPort
 0002:0004824F       ActiveRotatorType
 0002:00047364       ActiveStereoPort
 0002:00048250       ActiveWindow
 0001:0001B60C       ActiveX
 0002:00048251       ActiveZoneMult
 0001:00033298       ActnList
 0001:0008060C       AddARRLSectionDomesticCountries
 0001:000AB848       AddBandMapModeCutoffFrequency
 0001:000AB870       AddBandMapPlaceHolder
 0001:0000044C       AddBlockAfter
 0001:00085A98       AddCallsignToStationColumn
 0002:000038AC       AddDataModule
 0001:000AD2C8       AddDomesticCountry
 0001:00021174       AddFinished
 0001:00006688       AddFontResource
 0001:00042838       AddIn
 0002:00004B18       AdditionalProcsArray
 0001:000838C4       AddMessageToIntercomWindow
 0001:00005808       AddModuleUnloadProc
 0001:00005818       AddModuleUnloadProc
 0001:000A3D6C       AddNewClient
 0001:000211AC       AddNotFinished
 0001:0007CFA0       AddOnCQExchange
 0001:000C2F90       AddRecordToLogAndSendToNetwork
 0001:0008348C       AddRussianDomesticCountrys
 0001:00091AE0       AddStringToBuffer
 0001:0008ED00       AddStringToTelnetConsole
 0001:00021BD0       AddSubComponentsToLoaded
 0001:00023FE4       AddThread
 0001:00083518       Add_KVE
 0001:000834DC       Add_KVEKH6KL
 0002:0000091C       ADIFBANDSTRINGSARRAY
 0002:00000834       ADIFModeString
 0001:00029A80       AdjustColor
 0001:000358A4       Adjustment
 0001:0006B028       AdjustStreamSize
 0001:00006870       AdjustWindowRectEx
 0002:00048258       AlarmHour
 0002:00048254       AlarmMinute
 0002:00048252       AlarmSet
 0002:00003F60       Alignments
 0002:00003F50       Alignments
 0001:0003C79C       AlignWork
 0001:0004F008       AlignWork
 0002:00049204       AllCWMessagesChainable
 0001:000257CC       AllocateHWnd
 0001:0000D39C       AllocMem
 0002:000095AC       AllocMemCount
 0002:000095B0       AllocMemSize
 0001:0002D4D4       AllocPatternBitmap
 0001:0000604C       AllocTlsBuffer
 0002:00023A7C       AllowEscapes
 0002:0004825C       AltDBufferEnable
 0002:0004825D       AltDCQEnable
 0001:000BBAD8       AltDDlgProc
 0002:00049544       AltDEditWindowHandle
 0001:00084E04       AltPDlgProc
 0002:00023A94       AltPListView
 0002:00023AA0       AltWnd
 0002:00049205       AlwaysCallBlindCQ
 0002:000238DC       AmountQSOsFromServer
 0002:00003F84       AnchorAlign
 0002:00003F78       AnimateWindowProc
 0002:00004080       AnimationStyle
 0001:0000D4FC       AnsiCompareStr
 0001:0000D534       AnsiCompareText
 0001:0000D5F4       AnsiExtractQuotedStr
 0001:0000DC9C       AnsiLastChar
 0001:00006878       AnsiLower
 0001:00012210       AnsiPos
 0001:0004704C       AnsiSameCaption
 0001:0000D56C       AnsiSameText
 0001:0000D584       AnsiStrLIComp
 0001:00012248       AnsiStrPos
 0001:000122E8       AnsiStrRScan
 0001:00012310       AnsiStrScan
 0001:00005DE8       AnsiToUtf8
 0001:0000F8E8       AppendChars
 0001:0000FCAC       AppendFormat
 0001:00006880       AppendMenu
 0001:0000F94C       AppendNumber
 0001:0000F92C       AppendString
 0001:0008F814       AppendTelnetPopupMenu
 0002:000220E8       Application
 0002:000038BC       ApplicationHandleException
 0002:000038C4       ApplicationShowException
 0002:00003E64       AppVisible
 0001:00013660       ArcCos
 0001:000136A0       ArcTan2
 0002:00004A58       ArrayRecordArray
 0001:000163EC       ARRLSectionCountry
 0002:000236AC       ArrowWindow
 0002:0004825E       AskForFrequencies
 0001:000118F4       AssertErrorHandler
 0002:00009020       AssertErrorProc
 0001:0001B0A4       AssignLongStr
 0001:0001B448       AssignVariant
 0001:00006888       AttachThreadInput
 0002:00049207       AutoAltDEnable
 0002:00049206       AutoCallTerminate
 0002:00007160       AutoCQDelayTime
 0001:00075EEC       AutoCQDlgProc
 0002:00007164       AutoCQMemory
 0002:00049208       AutoDisplayDupeQSO
 0002:00007634       AutoDupeEnableCQ
 0002:00007638       AutoDupeEnableSandP
 0002:00049209       AutoQSLCount
 0002:0004920C       AutoQSLInterval
 0002:00049210       AutoQSONumberDecrement
 0002:00008270       AutoReturnToCQMode
 0002:00049211       AutoSAPEnable
 0002:00008274       AutoSAPEnableRate
 0002:00048260       AutoSendCharacterCount
 0002:00048264       AutoSendEnable
 0002:00048268       AutoTimeIncrementQSOs
 0002:0004826C       AutoTimeQSOCount
 0002:00004920       AUTO_QSL_INTERVAL
 0002:00004904       AUTO_SEND_CHARACTER_COUNT_ARRAY
 0002:00009604       avail
 0002:00004698       b
 0002:00000120       BA
 0002:0003DC46       BackCopyEnable
 0001:0000DD90       BackfillGetDiskFreeSpaceEx
 0001:0004C5BC       BackgroundClipped
 0001:000A628C       BackToInactiveRadioAfterQSO
 0001:00017D0C       BackupVarBoolFromStr
 0001:00017E6C       BackupVarBStrFromBool
 0001:00017D8C       BackupVarBStrFromCy
 0001:00017DFC       BackupVarBStrFromDate
 0001:00017CA0       BackupVarCyFromStr
 0001:00017C34       BackupVarDateFromStr
 0001:00017AF0       BackupVarI4FromStr
 0001:00017A9C       BackupVariantChangeTypeEx
 0001:00017B5C       BackupVarR4FromStr
 0001:00017BC8       BackupVarR8FromStr
 0001:000AD868       BandChange
 0002:000086E0       BandChangeArray
 0001:00098E1C       BandChangeReport
 0002:0003CE04       BandColor
 0001:0009A960       BandDownOrUp
 0002:000078A0       BandInfoArray
 0002:0004826D       BandMapAllBands
 0002:0004826E       BandMapAllModes
 0002:0004826F       BandMapBand
 0002:0003CDFC       BandMapBckgrndBrush
 0002:00048274       BandMapBlinkingCallRecord
 0002:00008564       BandMapCallWindowEnable
 0002:00048278       BandMapCursorFrequency
 0002:000082AC       BandMapDecayMultiplier
 0002:000082A8       BandMapDecayTime
 0002:00008278       BandMapDisplayCQ
 0002:0003CE09       BandMapDisplayGhz
 0002:000082BC       BandMapDisplayLimit
 0001:0008CD40       BandmapDlgProc
 0002:0003CDF0       BandmapDRAWITEMSTRUCT
 0002:000082B0       BandMapDupeDisplay
 0002:0004827C       BandMapEnable
 0002:000082B4       BandMapFileVersion
 0002:0003CE08       BandMapFreqWidthCalculated
 0002:000082B8       BandMapGuardBand
 0002:00006FCC       BandMapItemHeight
 0002:00006FD0       BandMapItemWidth
 0002:0003CDF4       BandMapListBox
 0002:00048270       BandMapMode
 0002:0000827C       BandMapModeCutoffFrequency
 0002:0004827D       BandMapMultsOnly
 0002:0003CE00       BandMapPreventRefresh
 0002:0004827E       BandMapSplitMode
 0002:000081C4       BandMapSplitModeTypeSA
 0002:0003CDF8       BandMapStatusBar
 0002:00000864       BandStringsArray
 0002:000008C0       BandStringsArrayWithOutSpaces
 0002:00022CB8       BeaconsHandle
 0001:00073774       BeaconsMonitorDlgProc
 0002:00004620       BeaconsNames
 0002:000087A8       Beat
 0002:0002513C       beCloseStream
 0002:000251C8       beConfig
 0002:00025138       beEncodeChunk
 0002:0000779C       BeepEnable
 0002:00049212       BeepEvery10QSOs
 0002:000075C4       BeepFileName
 0001:0009A8B0       BeepUnit
 0001:0001DD90       BeginGlobalLoading
 0001:000C5E28       BeginNewContest
 0001:00006890       BeginPaint
 0001:0007AD24       BeginPolling
 0001:00003DA0       BeginThread
 0002:00025134       beInitStream
 0002:00049213       BeSilent
 0001:00029A8C       BetterSize
 0002:00006F60       BE_ERR_SUCCESSFUL
 0001:000436AC       BiDiDraw
 0002:00004340       bind
 0001:00006690       BitBlt
 0002:00003C8C       BitBtnCaptions
 0002:00022064       BitBtnGlyphs
 0002:00003BC8       BitmapCanvasList
 0002:00021EBC       BitmapImageLock
 0001:00017AD8       BiUnimplemented
 0001:000164F4       BlackSeaRegionCountry
 0002:000038E4       BlockCode
 0002:000095DC       blockDescBlockList
 0002:000095E0       blockDescFreeList
 0001:00085588       BMCFDlgProc
 0001:000ACD34       BMFirst
 0002:00006FB4       BMPanelWidth
 0002:00000AFC       BoldFont
 0002:000038A0       BooleanIdents
 0002:0000381C       BooleanToStringRule
 0001:0000DABC       BoolToStr
 0001:000193E0       BoolToWStrViaOS
 0001:0001CD50       Bounds
 0001:00006190       Bounds
 0001:000BA500       BracketedString
 0002:00003EF8       Breaks
 0002:00021EF4       BrushManager
 0001:0007AE80       BufferToInt
 0001:00045E60       BuildImage
 0002:00003C60       ButtonCaptions
 0002:00003C34       ButtonNames
 0002:00002DD0       ButtonPChar
 0002:00003F74       Buttons
 0001:000303B8       Buttons
 0002:00004704       ButtonsColor
 0001:000761A0       ButtonsEnable
 0002:000233E0       ButtonsText
 0001:0002926C       BytesPerScanline
 0001:0005C5E0       BytesToInt32
 0001:0005C664       BytesToInt64
 0001:0005C788       BytesToIPv4Str
 0001:0005C8B4       BytesToIPv6
 0001:0005C9BC       BytesToString
 0001:0005C948       BytesToString
 0001:0005C700       BytesToUInt16
 0001:000295C4       ByteSwapColors
 0001:00011FC4       ByteToCharIndex
 0001:00011F9C       ByteToCharLen
 0001:00011F60       ByteType
 0001:00011EE8       ByteTypeTest
 0002:00002D38       B_MENU_ARRAY
 0002:00004608       ca
 0002:000009EC       CABRILLOSECTION
 0002:0003D760       CabrilloSummaryProc
 0002:000070A0       CabrilloTagsArray
 0002:0003EF14       CABRILLO_BUFFER
 0002:0003F014       CABRILLO_FIRST_PART
 0002:0003F154       CABRILLO_HISEX
 0002:0003F114       CABRILLO_MYEX
 0002:0003EF10       CABRILLO_RST_RCVD
 0002:0003EF0C       CABRILLO_RST_SEND
 0002:0002210C       CachedComCtrlVer
 0001:00025708       CalcJmpOffset
 0001:00056998       CalcSplitterPos
 0001:000BA604       CalculateBandMode
 0001:00091C4C       CalculateElements
 0001:000B4DEC       CalculateQSOPoints
 0001:0001427C       CalculateTime
 0001:00093E4C       CalculateTotals
 0001:000139D0       Calc_GeoDist
 0002:00049214       CallAlreadySent
 0001:000A07B8       CallDatabase.BestTwoLetters
 0001:000A08D8       CallDatabase.BlowAwayFirstLettersList
 0001:000A090C       CallDatabase.ClearDataEntry
 0001:000A16FC       CallDatabase.GeneratePossibleCallList
 0001:000A06D4       CallDatabase.GetBestOffsets
 0001:000A091C       CallDatabase.GetCodeSpeed
 0001:000A0A58       CallDatabase.GetEntry
 0001:000A0964       CallDatabase.GetName
 0001:000A0D1C       CallDatabase.GetNextPartialCall
 0001:000A0C0C       CallDatabase.GoodCountry
 0001:000A0DD8       CallDatabase.LoadInIndexArray
 0001:000A15EC       CallDatabase.MovePossibleCallsFromBufferIntoCallList
 0001:000A0E90       CallDatabase.NewTwoLetters
 0001:000A1000       CallDatabase.NumberOfBytesAtThisAddress
 0001:000A109C       CallDatabase.ParseEntryToDataRecord
 0001:000A1554       CallDatabase.PartialCallSetup
 0001:000A196C       CallDatabase.SCPDisableAndDeAllocateFileBuffer
 0002:000082C0       CalledFromCQMode
 0001:00006898       CallNextHookEx
 0002:0004922C       CallsignICameBackTo
 0002:00049227       CallsignIsPastedFromBandMap
 0002:00049228       CallsignIsTypedByOperator
 0002:00040FA0       CallsignsList
 0002:00040108       CallsignUpdateEnable
 0001:000129DC       CallTerminateProcs
 0001:000BD80C       CallWindowChange
 0002:00008568       CallWindowEmpty
 0001:000C010C       CallWindowKeyDownProc
 0001:000C061C       CallWindowKeyUpProc
 0002:0004827F       CallWindowPosition
 0002:000081BC       CallWindowPositionTypeSA
 0001:000068A0       CallWindowProc
 0002:00048280       CallWindowShowAllSpots
 0002:00049218       CallWindowString
 0002:00008804       CallWinKeyDown
 0002:00008808       Call_Found
 0001:0004AA9C       CancelDrag
 0002:00022174       CanvasList
 0002:00021EF8       CanvasList
 0002:00003C20       Captions
 0002:0000403C       CaptureControl
 0001:000761C8       CATDlgProc
 0002:00007058       CategoriesArray
 0002:00009758       CategoryAssisted
 0002:00009759       CategoryBand
 0002:0000975A       CategoryMode
 0002:0000975C       CategoryOperator
 0002:0000975D       CategoryPower
 0002:0000975E       CategoryTransmitter
 0002:00009CAC       CATWindowFont
 0002:0002327C       CATWTR
 0002:00004A18       CAT_BAUDRATE_ARRAY
 0002:00003E98       cBooleanToItemAutoFlag
 0002:0004049C       CD
 0001:000A0500       CellBufferObject.FigureOutBufferSizes
 0001:000A0648       CellBufferObject.GetNextEntry
 0001:000A0478       CellBufferObject.GoAway
 0001:000A03E0       CellBufferObject.Initialize
 0001:000A0550       CellBufferObject.LoadCellIntoBuffer
 0002:000046F8       ceoa
 0002:0000975B       Certificate
 0002:00004E10       CFGCA
 0001:0008459C       CFGCMD
 0001:0007BAB4       CFGDEF
 0002:0000476C       CFGFilesArray
 0002:00022052       CF_COMPONENT
 0002:00022050       CF_PICTURE
 0002:000084A8       ChampionshipRFPointsArray
 0002:00021DEC       ChangeAnyProc
 0001:000C12F0       ChangeCaret
 0002:00024F7C       Changed
 0001:000C6304       ChangeDir
 0001:00075128       ChangeValue2
 0001:00003F0C       CharFromWChar
 0001:0005CD28       CharIsInSet
 0001:00012198       CharLength
 0001:000068A8       CharLower
 0001:000068B0       CharNext
 0001:00000288       CharNext
 0001:0005CCAC       CharPosInSet
 0001:00027BF0       CharsetToIdent
 0001:000120AC       CharToByteIndex
 0001:00012110       CharToByteLen
 0001:000068B8       CharToOemA
 0001:0007BC60       CheckAndInitializeSerialPorts
 0001:000C0AF8       CheckAndSetInitialExchangeCursorPos
 0001:0002A03C       CheckBool
 0001:00058F58       CheckByteEncoding
 0001:000887E4       CheckCommand
 0001:000C3224       CheckCommandInCallsignWindow
 0001:000C31D0       CheckEditableWindowHeight
 0001:00094054       CheckForNewContestDate
 0001:000C34A4       CheckInactiveRigCallingCQ
 0001:00066D34       CheckIsReadable
 0001:00003414       CheckJmp
 0001:000937E4       CheckLog
 0002:0004923A       CheckLogFileSize
 0001:000068C0       CheckMenuItem
 0001:00089C58       CheckMMError
 0001:000C08D4       CheckNumber
 0001:000BB7C0       CheckPTTLockout
 0001:0007EB94       CheckQTCNr
 0001:0007EC2C       CheckQTCR
 0001:000C3C04       CheckQuestionMark
 0002:00003EE8       Checks
 0001:0008629C       CheckServerAnswer
 0001:000A9D7C       CheckSpeedChange
 0001:00021C0C       CheckSubComponents
 0001:00023FFC       CheckSynchronize
 0001:000352E0       CheckTaskWindow
 0001:00095044       CheckTimeOnByBand
 0001:0007D80C       CheckTwoRadioState
 0001:0004A750       CheckUndock
 0001:00011DDC       CheckWin32Version
 0001:000C3500       CheckWindowAndColor
 0002:00000B14       CID_TWO_BYTES
 0002:00003820       CInvalidCustomVariantType
 0001:000165F4       CISCountry
 0002:00003E9C       cItemAutoFlagToBoolean
 0002:00003E94       cItemAutoFlagToMenu
 0001:00025958       Classes
 0001:0001D7FC       ClassNotFound
 0002:0003FEA8       CleanSweep
 0001:0009A8F0       CleanUpDisplay
 0001:0009D9D0       ClearAltD
 0002:00021DE8       ClearAnyProc
 0001:00027480       ClearColor
 0001:000062C8       ClearCommError
 0001:0009EC54       ClearContestExchange
 0001:000AD3C4       ClearDomesticCountryList
 0002:00023A6C       ClearDupeSheetCommandGiven
 0001:000C5DEC       ClearFields
 0001:000C0B3C       ClearInfoWindows
 0001:000C2DFC       ClearLog
 0001:00090A5C       ClearMasterListBox
 0001:000C3320       ClearMultSheet_CtrlC
 0001:000AAE48       ClearQuickDisplayText
 0002:00009AD0       ClearQuickDisplayTimer
 0001:0007A3EC       ClearRadioStatus
 0001:0008D790       ClearSpotInfo
 0001:000A2F5C       ClearTotals
 0001:0001A74C       ClearVariantTypeList
 0002:00006FD4       ClientStatus
 0001:000068C8       ClientToScreen
 0001:00053F80       ClientToWindow
 0002:00003BC0       ClipboardFormats
 0001:00030258       Clipbrd
 0001:000766B8       CloseCATAndKeyerForThisRadio
 0001:000062D0       CloseHandle
 0001:00000228       CloseHandle
 0001:0006128C       CloseIDNLibrary
 0001:00060274       CloseLibrary
 0001:000C2B78       CloseLogFile
 0001:00074800       CloseSendKeyboardInputDialog
 0002:00004344       closesocket
 0001:00057CFC       closesocket
 0001:00089AAC       CloseTempMP3File
 0002:00021F58       CloseThemeData
 0001:000C0900       CloseTR4WWindow
 0002:00024E7C       CMD
 0002:0000903C       CmdLine
 0002:00009038       CmdShow
 0002:00003E90       cMenuAutoFlagToItem
 0001:00017AE4       CmpUnimplemented
 0002:0000879C       CodeSpeed
 0002:000082C8       CodeSpeedIncrement
 0002:00003940       Colors
 0001:000279E8       ColorToIdent
 0002:000040B4       ColorToPretyName
 0001:000279D8       ColorToRGB
 0001:00072D4C       ColorToRGB
 0002:00046980       Column
 0002:0004923B       ColumnDupeSheetEnable
 0002:000009F4       ColumnsArray
 0002:00002DD8       COMBOBOX
 0002:0001447C       ComCtl32DLL
 0002:000220BC       ComCtlVersion
 0001:0003075C       ComCtrls
 0002:00022120       CommandPool
 0002:00022EC9       CommandsFilter
 0002:00004B70       CommandsProcArray
 0001:00074CAC       CommandsToListView2
 0002:00022ECC       CommandToSet
 0002:00048281       CommandUseInactiveRadio
 0001:0002DA80       CommCtrl
 0001:0002FB34       CommDlg
 0001:0000072C       Commit
 0001:000A3E64       CommitChangesInLocalLog
 0002:00009620       committedRoot
 0001:00041E1C       CompareFront
 0001:0000D464       CompareMem
 0001:0000D434       CompareStr
 0001:000062D8       CompareString
 0001:0000D484       CompareText
 0001:0000D9E4       CompareWith
 0001:000C2E6C       CompleteCallsign
 0002:00009C68       CompleteCallsignMask
 0001:00021CEC       ComponentCreated
 0002:0004923C       ComputerID
 0002:0000856C       ComputerName
 0002:000076F0       ComputerNetID
 0001:00030214       ComStrs
 0001:0007BABC       ConfigurationOkay
 0002:00000B10       ConfirmEditChanges
 0002:00004348       connect
 0001:00057D04       Connect
 0002:000044F8       ConnectEx
 0002:0000BD68       ConnectionCommand
 0001:000A3854       ConnectThread
 0001:00074058       ConnectToNTPServer
 0001:0008EB4C       ConnectToTelnetCluster
 0001:00026450       Consts
 0002:000082C4       ContactsPerPage
 0002:0003F8D4       Contest
 0002:0003F3B4       ContestDates
 0002:0004829C       ContestName
 0002:00000ED4       ContestsArray
 0002:00002608       ContestsBooleanArray
 0002:000482F0       ContestTitle
 0002:00002374       ContestTypeSA
 0002:000483F0       ContinentQSOCount
 0001:000950CC       ContinentReport
 0002:00048284       ContinentString
 0002:00000668       ContinentTypeSA
 0002:000072E4       ContListNames
 0001:0002D98C       Contnrs
 0002:0000BD59       ControlAMode
 0002:00022132       ControlAtom
 0002:00022138       ControlAtomString
 0002:00048560       ControlBMemory
 0001:0003A06C       ControlHasHelp
 0001:00057618       Controls
 0002:00023A7D       ControlSpace
 0001:00011350       ConvertAddr
 0001:0000FA3C       ConvertEraString
 0001:0000D360       ConvertError
 0001:0000D378       ConvertErrorFmt
 0001:000136FC       ConvertGridToLatLon
 0001:000137FC       ConvertLatLonToGrid
 0002:000045C0       ConvertLengthToIpv4Mask
 0001:0000FBA4       ConvertYearString
 0001:0000501C       CopyArray
 0001:0002AB14       CopyBitmap
 0001:0002B1DC       CopyBitmapAsMask
 0001:000062E0       CopyFile
 0001:00006E8C       CopyMemory
 0001:0002B178       CopyPalette
 0002:00003CEC       Copyright
 0001:0005AC70       CopyTIdBytes
 0001:0005AD2C       CopyTIdUInt16
 0001:0005AD34       CopyTIdUInt32
 0001:00044F0C       CopyToBest
 0002:0003DC5C       CorrectedCallMessage
 0002:0003DDF4       CorrectedCallPhoneMessage
 0002:0003D76C       Count
 0001:0001201C       CountChars
 0002:00040109       CountDomesticCountries
 0002:00021ED4       CounterLock
 0002:00049240       CountryInformationFile
 0002:0003F2A4       CountryMultTotals
 0002:00048570       CountryString
 0001:000A0B2C       CountryStringPresent
 0002:000077A0       CPUKeyer
 0002:0003EA58       CQCaptionMemory
 0002:0003DC88       CQExchange
 0002:0003DCB4       CQExchangeNameKnown
 0002:0003E6F8       CQMemory
 0002:00000110       CQPChar
 0002:0003DEF4       CQPhoneExchange
 0002:0003DFF4       CQPhoneExchangeNameKnown
 0002:0000786C       CQRITEnabled
 0002:00003824       CRangeToType
 0001:00072EB0       Crc32Done
 0001:00072EB4       Crc32Initialization
 0001:00072E90       Crc32Next
 0002:000224A0       CRC32Table
 0001:00011838       CreateAssertException
 0001:000119C0       CreateAVObject
 0001:00006698       CreateBitmap
 0001:000066A0       CreateBrushIndirect
 0001:0000B808       CreateButton
 0001:00090BF8       CreateCabrilloDlgProc
 0001:0009371C       CreateCabrilloFile
 0002:00009690       CreateCabrilloWindow
 0001:000C1840       CreateCallOrExchangeWin
 0001:000068D0       CreateCaret
 0001:0000B6D0       CreateComboBox
 0001:000066A8       CreateCompatibleBitmap
 0001:000066B0       CreateCompatibleDC
 0001:00021D6C       CreateComponent
 0001:0008608C       CreateConnectionAndSendReportToGetScores
 0001:000068D8       CreateDialogIndirectParam
 0001:000066C0       CreateDIBitmap
 0001:000066B8       CreateDIBSection
 0001:000062E8       CreateDirectory
 0001:000C0AD8       CreateDirectoryIfNotExist
 0001:0000B860       CreateEdit
 0001:000C1D2C       CreateEditableLog
 0001:000062F0       CreateEvent
 0001:000062F8       CreateFile
 0001:00000230       CreateFileA
 0001:00006300       CreateFileMapping
 0001:000066C8       CreateFont
 0001:000066D0       CreateFontIndirect
 0001:000BE27C       CreateFonts
 0001:0009EB98       CreateGridSquareList
 0001:000066D8       CreateHalftonePalette
 0001:000068E0       CreateIcon
 0001:00011764       CreateInOutError
 0001:0000B770       CreateListBox
 0001:000C1E34       CreateListView
 0001:0000B710       CreateListView2
 0001:000BDC20       CreateMainWindow
 0001:000068E8       CreateMenu
 0001:0000B628       CreateModalDialog
 0001:0000B8F4       Createmsctls_progress32
 0001:000BDAB8       CreateMultsWindows
 0001:00006310       CreateMutex
 0001:000A3A24       CreateNetworkListView
 0001:000C1620       CreateOKCancelButtons
 0001:0000B8B8       CreateOwnerDrawListBox
 0001:000066E0       CreatePalette
 0001:000066E8       CreatePen
 0001:000066F0       CreatePenIndirect
 0001:000068F0       CreatePopupMenu
 0001:000C13C0       CreateProgress32InMainWindow
 0001:000BD968       CreateQSONeedWindows
 0001:0000B938       CreateRichEdit
 0001:000066F8       CreateSolidBrush
 0001:0000B7C4       CreateStatic
 0001:0002961C       CreateSystemPalette
 0001:00000290       CreateThread
 0001:00006330       CreateThread
 0001:0000C114       CreateToolBarEx
 0001:000C1154       CreateTotalWindow
 0001:0000A114       CreateTR4WMenu
 0001:000C0978       CreateTR4WStaticWindow
 0001:000C09B8       CreateTR4WStaticWindowID
 0001:0000C11C       CreateUpDownControl
 0001:00006F94       CreateWindow
 0001:00006F3C       CreateWindowEx
 0002:00003C18       CreationControl
 0002:00003F7C       CreationControl
 0002:0000388C       CRelationshipToBoolean
 0002:00003808       CResult
 0002:00002F08       cSimpleBoolStrs
 0001:0009A454       csMMTTY_CLEAR_THE_TX_BUFFER
 0001:0009A3F8       csMMTTY_GRABLASTCALL
 0001:0009A434       csMMTTY_SWITCH_TO_RX_AFTER_THE_TRANSMISSION_IS_COMPLETED
 0001:0009A424       csMMTTY_SWITCH_TO_RX_IMMEDIATELY
 0001:0009A444       csMMTTY_SWITCH_TO_TX
 0001:00072FB4       ct1bohDlgProc
 0001:00073220       CT1BOHInfoString
 0002:00003838       CText
 0002:00004078       Ctl3DStyles
 0002:00014704       CTY
 0001:00014C20       ctyAddNewPrefixRecord
 0001:000154D4       ctyFindCallsign
 0001:000159FC       ctyGetCountry
 0001:00016238       ctyGetCountryID
 0001:00016214       ctyGetCountryNamePchar
 0001:00015A3C       ctyGetCountryUTCOffset
 0001:000161D4       ctyGetCQZone
 0001:00015874       ctyGetGrid
 0001:00016194       ctyGetITUZone
 0001:00015A58       ctyGetZone
 0001:00014D8C       ctyLoadInCountryFile
 0001:0001633C       ctyLoadInR150SList
 0001:00016280       ctyLoadInRemainingMults
 0001:00016378       ctyLoadInRFOblList
 0001:00015550       ctyLocateCall
 0001:0001533C       ctyShellSort
 0002:00009618       curAlloc
 0002:00014490       CurrencyDecimals
 0002:0001448C       CurrencyFormat
 0002:00014488       CurrencyString
 0002:000235E0       CurrentConfigFile
 0002:000076E4       CurrentDisplayedRow
 0002:00023654       CurrentGroup
 0002:00009760       CurrentOperator
 0001:0000F8D4       CurrentYear
 0001:0000F3AC       CurrToStr
 0001:00019370       CurrToWStrViaOS
 0002:0000BD64       CursorBitmap
 0002:00003DE8       CursorMap
 0002:00003F8C       Cursors
 0001:0004933C       CursorToIdent
 0002:00003DD8       cUseAlpha
 0002:00003DE0       cUseColorKey
 0002:00048588       CustomInitialExchangeString
 0002:000485B4       CustomUserString
 0001:0000D758       CvtInt
 0001:0000D7C4       CvtInt64
 0002:000473A4       CWBuffer
 0002:000473A8       CWBufferAvailable
 0002:00047398       CWBufferEnd
 0002:00047394       CWBufferStart
 0002:000473AC       CWElementLength
 0002:00007168       CWEnable
 0002:000082CC       CWEnabled
 0001:00092EEC       CWInit
 0002:0003E6F4       CWMessageCommand
 0002:00002F48       CWNear
 0002:0003E6F5       CWSpeedFromDataBase
 0001:00091DFC       CWStillBeingSent
 0002:00009CF0       CWThreadHandle
 0002:00009CEC       CWThreadID
 0001:000A5A40       CWThreadProc
 0002:0000716C       CWTone
 0002:000049A4       CW_SPEED_INCREMENT
 0002:00007738       da
 0002:00014491       DateSeparator
 0001:000104BC       DateTimeToStr
 0001:00010460       DateTimeToString
 0001:0000F46C       DateTimeToTimeStamp
 0001:000193A8       DateToWStrViaOS
 0001:00058768       DateUtils
 0001:0000F85C       DayOfWeek
 0001:00014204       DayOfYear
 0002:000087AC       DayTags
 0002:00002F44       DCon10
 0002:0000393C       DDBsOnly
 0001:00025880       DeallocateHWnd
 0002:00049340       Debug
 0002:0000002C       DebugHook
 0001:000C4508       DebugMsg
 0001:000C44E0       DebugRadioTempBuffer
 0002:00049560       debugstr
 0002:0001448F       DecimalSeparator
 0001:0000F83C       DecodeDate
 0001:0000F6F0       DecodeDateFully
 0001:0000F560       DecodeTime
 0001:000007C0       Decommit
 0001:00000DDC       DecommitFree
 0002:000095F4       decommittedRoot
 0002:00008578       DEEnable
 0001:00037CF4       Default
 0001:0003D3C4       Default
 0002:00000024       Default8087CW
 0002:00003F80       DefaultDockTreeClass
 0002:000082D4       DefaultFreqMemory
 0002:00049342       DefaultRST
 0002:00000038       DefaultTextLineBreakStyle
 0002:000095B8       DefaultUserCodePage
 0002:00003B90       DefBrushData
 0002:00003910       DefFontData
 0001:000068F8       DefFrameProc
 0001:00006338       DefineDosDevice
 0002:00002FD4       DefLongDayNames
 0002:00002F88       DefLongMonthNames
 0001:00006900       DefMDIChildProc
 0002:00003B70       DefPenData
 0002:00002FB8       DefShortDayNames
 0002:00002F58       DefShortMonthNames
 0001:000C2F5C       DefTR4WProc
 0001:00006908       DefWindowProc
 0001:0000535C       DelayLoadResourceModule
 0001:0000047C       DeleteBlock
 0001:00006340       DeleteCriticalSection
 0001:000003EC       DeleteCriticalSection
 0001:00006700       DeleteDC
 0001:00084C6C       DeleteEscapeChars
 0001:00000C24       DeleteFree
 0001:00091E2C       DeleteLastCharacter
 0001:0008A260       DeleteLastContact
 0001:00006910       DeleteMenu
 0001:00006708       DeleteObject
 0001:0000AF64       DeleteSlashes
 0001:0008D644       DeleteSpotFromBandmap
 0002:00048788       DEPlusMyCall
 0001:0002A6D0       DeselectBitmap
 0001:00006918       DestroyCaret
 0001:00006920       DestroyCursor
 0001:00006928       DestroyIcon
 0001:000302E8       DestroyLocals
 0001:00006930       DestroyMenu
 0001:00006938       DestroyWindow
 0001:00006348       DeviceIoControl
 0002:000075C8       DevName
 0001:00006FEC       DialogBox
 0001:00006940       DialogBoxIndirectParam
 0001:00006948       DialogBoxParam
 0001:00031CE4       DialogEnumerationTester
 0001:000301A4       Dialogs
 0002:00003BCC       DIBPalSizes
 0002:00009AD4       DifferentContests
 0002:000000C0       dig
 0002:000485DD       DigitalModeEnable
 0002:00008830       DirArray
 0001:00035134       DisableTaskWindows
 0001:0008EC48       Disconnect
 0002:000044FC       DisconnectEx
 0001:000ACAC8       DispalayB4
 0001:000ACA80       DispalayDupe
 0001:000ACAE4       DispalayLogGridLines
 0001:000ACB20       DispalayNewMult
 0001:000AA450       DispalyGrid
 0001:00006950       DispatchMessage
 0001:0003B34C       DispatchShortCut
 0002:00009000       DispCallByIDProc
 0001:000AAD34       DisplayAutoQSLInterval
 0001:000AB7B0       DisplayAutoSendCharacterCount
 0001:000ACC00       DisplayBandMap
 0001:000AA824       DisplayBandMode
 0001:000A2784       DisplayBandTotals
 0001:000AA480       DisplayBeamHeading
 0001:000C6188       DisplayCheckBox
 0001:000A3A78       DisplayClientStatus
 0001:000AA9AC       DisplayCodeSpeed
 0001:000AA970       DisplayContestTitle
 0001:000AAB30       DisplayCountryName
 0001:0007A9AC       DisplayCurrentStatus
 0002:000485DE       DisplayedCodeSpeed
 0001:000B4CDC       DisplayGridSquareStatus
 0001:000AAC18       DisplayHour
 0001:000C636C       DisplayInitialCommand
 0001:000AAA84       DisplayInsertMode
 0001:000C3558       DisplayLoadedQSOs
 0001:000ACB3C       DisplayLocalTime
 0001:00084F78       DisplaymessagesList
 0001:000AAA9C       DisplayNamePercentage
 0001:000AAAA8       DisplayNextQSONumber
 0001:000AABBC       DisplayQSOsByOpMode
 0001:000AAB84       DisplayQSOsWithThisStation
 0001:000AAB00       DisplayQTCNumber
 0001:000AABA0       DisplayRadio
 0001:000AACE8       DisplayRate
 0001:0009B7E0       DisplaySCPCall
 0001:000AAD70       DisplayTotalScore
 0001:000ABA50       DisplayUserInfo
 0002:000030E0       DistanceDisplayTypeSA
 0002:000030EC       DistanceMode
 0002:00004A38       DITDAHRATIO_ARRAY
 0002:000080F4       Dividers
 0001:0000D344       DivMod
 0001:00006958       DlgDirList
 0001:00006960       DlgDirSelectEx
 0001:0002FB6C       Dlgs
 0002:0003FA78       DlReadByte
 0002:0003FA74       DlWriteByte
 0001:000A54B8       DoABeep
 0001:0003C650       DoAlign
 0001:0004EE98       DoAlign
 0001:0008A5CC       DoAltZ
 0001:00052E3C       DoCalcConstraints
 0002:00022168       DockSiteList
 0001:00045B2C       DoClick
 0001:0006D4FC       DoConnectTimeout
 0001:00050570       DoControlMsg
 0001:000350E4       DoDisableWindow
 0001:0004A07C       DoDragOver
 0001:00054C6C       DoFindControlZone
 0001:00035220       DoFindWindow
 0001:000551F8       DoFindZone
 0001:00054CF0       DoForEach
 0001:000565FC       DoGetNextLimit
 0002:0004010A       DoingDomesticMults
 0002:000473B0       DoingDVK
 0002:0004010B       DoingDXMults
 0002:00047391       DoingPaddle
 0002:0004010C       DoingPrefixMults
 0002:0004010D       DoingZoneMults
 0001:000AD358       DomesticCountryCall
 0002:0000968C       DomesticMultByBand
 0002:00000B84       DomesticMultStringArray
 0002:00040110       DomQTHDataFileName
 0002:0003FFC8       DomQTHTable
 0001:0009DFB0       DomQTHTableObject.AddNewPrefixRecord
 0001:0009E0D8       DomQTHTableObject.GetDomQTH
 0001:0009E0B8       DomQTHTableObject.LoadInDomQTHFile
 0001:0009E5AC       DomQTHTableObject.ReadDomQTHFile
 0001:0009E530       DomQTHTableObject.RecordPointerIndex
 0001:000B9840       DomStringParse
 0001:000350AC       DoneApplication
 0001:0005735C       DoneControls
 0001:00011CEC       DoneExceptions
 0001:000396C8       DoNestedActivation
 0001:00023F98       DoneThreadSynchronization
 0001:0004EA58       DoPosition
 0001:0003C4A0       DoPosition
 0001:00055C24       DoPrune
 0001:000560FC       DoSaveZone
 0001:00056300       DoSetNewBounds
 0002:000038A8       DotSep
 0002:0000456C       DownlevelGetLocaleScripts
 0002:00004570       DownlevelGetStringScripts
 0002:00004574       DownlevelVerifyScripts
 0001:0004047C       DoWrite
 0001:0002A294       DoWrite
 0001:0001EFC8       DoWrite
 0001:0004FB58       DoWriteDesignSize
 0001:0004D6B0       DoWriteIsControl
 0002:0002214C       DragCapture
 0002:00022140       DragControl
 0001:0004A7C4       DragDone
 0001:0004A02C       DragFindTarget
[...]
 0002:00025144       mp3recProgressBarPosition
 0002:00025148       ID3TAG
 0002:000251C8       beConfig
 0002:00025313       RecorderEnable
 0002:00025314       RecorderDuration
 0002:00025318       hLame
 0002:0002531C       pMP3OutputBuffer
 0002:000274DC       TempMP3FileHandle
 0002:000274E0       dwWrite
 0002:000274E4       ToWrite
 0002:000274E8       RecorderStartTime
 0002:000274EC       dwSamples
 0002:000274F0       dwMP3Buffer
 0002:000274F4       MP3RECWNDHND
 0002:000274F8       WaveBuffer
 0002:0003CD80       whead
 0002:0003CDC0       wfx
 0002:0003CDD4       hwi
 0002:0003CDD8       MP3RecorderMode
 0002:0003CDDC       .1
 0002:0003CDE0       TimeLastScoreBroadcast
 0002:0003CDE8       .1
 0002:0003CDEC       FreqRectWidth
 0002:0003CDF0       BandmapDRAWITEMSTRUCT
 0002:0003CDF4       BandMapListBox
 0002:0003CDF8       BandMapStatusBar
 0002:0003CDFC       BandMapBckgrndBrush
 0002:0003CE00       BandMapPreventRefresh
 0002:0003CE04       BandColor
 0002:0003CE08       BandMapFreqWidthCalculated
 0002:0003CE09       BandMapDisplayGhz
 0002:0003CE0C       .1
 0002:0003CE10       Packet
 0002:0003D650       .2
 0002:0003D654       SpotsList
 0002:0003D674       .2
 0002:0003D678       ItemsInTelnetPopupMenu
 0002:0003D67C       TelnetServer
 0002:0003D6B0       TempSpot
 0002:0003D710       TelnetFreezeMode
 0002:0003D714       TelThreadID
 0002:0003D718       TelnetSock
 0002:0003D71C       TelToolbar
 0002:0003D720       TelnetListBox
 0002:0003D724       TelnetCommandWindow
 0002:0003D728       TelPopMemu
 0002:0003D72C       TelLastPopMemu
 0002:0003D730       telnet_callsign_alert_list_loaded
 0002:0003D734       TelnetCallsignAlertList
 0002:0003D738       .1
 0002:0003D73C       .1
 0002:0003D740       MasterListBox
 0002:0003D744       masterrect
 0002:0003D754       MaxItemsInMasterListBox
 0002:0003D758       ItemsInMasterListBox
 0002:0003D75C       .1
 0002:0003D760       CabrilloSummaryProc
 0002:0003D764       FormatSpecification
 0002:0003D768       .1
 0002:0003D76C       Count
 0002:0003D770       DVPMessagesArray
 0002:0003DC40       DVPThreadID
 0002:0003DC44       tUseRecordedSigns
 0002:0003DC45       tMissCallsFileEnable
 0002:0003DC46       BackCopyEnable
 0002:0003DC47       DVPSetUp
 0002:0003DC48       .1
 0002:0003DC4C       MapiSendMail
 0002:0003DC50       RichEditViewer
 0002:0003DC54       .1
 0002:0003DC58       .1
 0002:0003DC5C       CorrectedCallMessage
 0002:0003DC88       CQExchange
 0002:0003DCB4       CQExchangeNameKnown
 0002:0003DCE0       QSLMessage
 0002:0003DD0C       QSOBeforeMessage
 0002:0003DD38       QuickQSLMessage1
 0002:0003DD64       RepeatSearchAndPounceExchange
 0002:0003DD90       SearchAndPounceExchange
 0002:0003DDBC       TailEndMessage
 0002:0003DDE8       PrevNr
 0002:0003DDF4       CorrectedCallPhoneMessage
 0002:0003DEF4       CQPhoneExchange
 0002:0003DFF4       CQPhoneExchangeNameKnown
 0002:0003E0F4       QSLPhoneMessage
 0002:0003E1F4       QSOBeforePhoneMessage
 0002:0003E2F4       QuickQSLPhoneMessage
 0002:0003E3F4       RepeatSearchAndPouncePhoneExchange
 0002:0003E4F4       SearchAndPouncePhoneExchange
 0002:0003E5F4       TailEndPhoneMessage
 0002:0003E6F4       CWMessageCommand
 0002:0003E6F5       CWSpeedFromDataBase
 0002:0003E6F8       CQMemory
 0002:0003E8A8       EXMemory
 0002:0003EA58       CQCaptionMemory
 0002:0003EC08       EXCaptionMemory
 0002:0003EDB8       KeyersSwapped
 0002:0003EDBA       LastRSTSent
 0002:0003EDBC       QuickQSLMessage2
 0002:0003EDE8       RememberCWSpeed
 0002:0003EDEC       SendingOnRadioOne
 0002:0003EDED       SendingOnRadioTwo
 0002:0003EDF0       slElements
 0002:0003EDF4       .1
 0002:0003EDF8       ErmakWindow
 0002:0003EDFC       .1
 0002:0003EE00       Radio1IDs
 0002:0003EE0C       TempRXData
 0002:0003EF0C       CABRILLO_RST_SEND
 0002:0003EF10       CABRILLO_RST_RCVD
 0002:0003EF14       CABRILLO_BUFFER
 0002:0003F014       CABRILLO_FIRST_PART
 0002:0003F114       CABRILLO_MYEX
 0002:0003F154       CABRILLO_HISEX
 0002:0003F194       tReportsFilename
 0002:0003F298       tReportFileWrite
 0002:0003F29C       PreviewFileNameAddress
 0002:0003F2A0       PreviewFileIsCabrillo
 0002:0003F2A4       CountryMultTotals
 0002:0003F2A8       P
 0002:0003F2AC       TotalLogQSOs
 0002:0003F2B0       ReportsFilename
 0002:0003F3B0       NumberDates
 0002:0003F3B4       ContestDates
 0002:0003F3F8       QSOPointTotals
 0002:0003F568       RawQSOTotals
 0002:0003F6D8       PostQSOTotals
 0002:0003F848       LogHourTotals
 0002:0003F84C       NumberLogHours
 0002:0003F850       PLeftOnBiState
 0002:0003F8D4       Contest
 0002:0003F8D5       QTCEnable
 0002:0003F8D8       .1
 0002:0003F8DC       MMTTY
 0002:0003F964       .1
 0002:0003F968       scFileName
 0002:0003FA68       .1
 0002:0003FA6C       IOPlugin
 0002:0003FA70       IOPLuginisloaded
 0002:0003FA74       DlWriteByte
 0002:0003FA78       DlReadByte
 0002:0003FA7C       .1
 0002:0003FA80       OwnDevName
 0002:0003FA84       .1
 0002:0003FA88       NetDebug
 0002:0003FA8C       NetDebugBinaryOutput
 0002:0003FBD8       NetDebugBinaryInput
 0002:0003FD24       .1
 0002:0003FD28       VisibleLog
 0002:0003FD28       LastSCPCall
 0002:0003FD38       QTotals
 0002:0003FEA8       CleanSweep
 0002:0003FEAC       .2
 0002:0003FEB0       SCPScreenFull
 0002:0003FEB4       .1
 0002:0003FEB8       VDCurrentCallDistrict
 0002:0003FEBC       IQresult
 0002:0003FFBC       IQMaxInputLength
 0002:0003FFC0       .1
 0002:0003FFC4       ActiveDomesticMult
 0002:0003FFC8       DomQTHTable
 0002:000400F4       LiteralDomesticQTH
 0002:000400F5       MultipliersIsCounties
 0002:000400F8       .2
 0002:000400FC       InitialExCallsigns
 0002:00040100       InitialExDupes
 0002:00040104       tAllowDupeQSOs
 0002:00040105       ActiveDXMult
 0002:00040106       ActivePrefixMult
 0002:00040107       tConnectionAtStartup
 0002:00040108       CallsignUpdateEnable
 0002:00040109       CountDomesticCountries
 0002:0004010A       DoingDomesticMults
 0002:0004010B       DoingDXMults
 0002:0004010C       DoingPrefixMults
 0002:0004010D       DoingZoneMults
 0002:00040110       DomQTHDataFileName
 0002:00040214       ExchangeInformation
 0002:00040224       FirstVDEntry
 0002:00040228       GridSquareList
 0002:000402F0       LastTwoLettersCrunchedOn
 0002:00040305       MultByBand
 0002:00040306       MultByMode
 0002:00040307       MultiplierAlarm
 0002:00040308       NumberDifferentMults
 0002:00040309       NumberGridSquaresInList
 0002:0004030A       QSOByBand
 0002:0004030B       QSOByMode
 0002:0004030C       QSOTotals
 0002:0004047C       TotalNamesSent
 0002:00040480       TotalQSOPoints
 0002:00040484       tRestartInfo
 0002:00040498       .2
 0002:0004049C       CD
 0002:00040CA4       PossibleCallList
 0002:00040F9C       .3
 0002:00040FA0       CallsignsList
 0002:00040FB0       .2
 0002:00040FB4       mo
 0002:00046978       .2
 0002:0004697C       TotWinCurrrentColumn
 0002:00046980       Column
 0002:00046984       Row
 0002:00046988       .1
 0002:0004698C       ServerSerialNumber
 0002:00046990       tNet_Event
 0002:00046994       OldNetWndProc
 0002:00046998       MF
 0002:000469E0       tUSQ
 0002:000469E4       tUSQE
 0002:000469E8       STARTTIMEOFTHETR4W
 0002:000469EC       ACK
 0002:000469F0       MyStationState
 0002:00046A14       NetSynQSOInformation
 0002:00046B1C       NetQSOInfoToSend
 0002:00046C24       NetDXSpot
 0002:00046C88       NetTimeSync
 0002:00046C9C       NetIntercomMessage
 0002:00046CF0       ParameterToNetwork
 0002:00046EF4       SendSpotViaNetwork
 0002:00046F24       NetThreadID
 0002:00046F28       StatusArray
 0002:000472B8       PosInClientsList
 0002:00047320       NetSocket
 0002:00047324       LogSyncSocket
 0002:00047328       TotalClients
 0002:0004732C       .1
 0002:00047330       tUseControlPort
 0002:00047334       TR4W_BeepThread
 0002:00047338       tExitFromPaddleFootSwitchThread
 0002:0004733C       tPTTOnCounter
 0002:00047340       PaddlePTTOn
 0002:00047344       TR4W_BeepThreadID
 0002:00047348       tPaddleThreadID
 0002:0004734C       tFlashQDThreadID
 0002:00047350       tCW_Event
 0002:00047354       tCWPaddle_Event
 0002:00047358       tDVP_Event
 0002:0004735C       tDVPTimerEventID
 0002:00047360       tExitFromDVPThread
 0002:00047361       ActiveDVKPort
 0002:00047362       ActiveFootSwitchPort
 0002:00047363       ActivePaddlePort
 0002:00047364       ActiveStereoPort
 0002:00047365       DVPOn
 0002:00047368       ElementLength
 0002:0004736C       FarnsworthEnable
 0002:0004736D       FootSwitchMode
 0002:0004736E       tFootSwitchPressed
 0002:0004736F       NoPollDuringPTT
 0002:00047370       PaddleBug
 0002:00047374       PaddleSpeed
 0002:00047378       tPaddleElementLength
 0002:0004737C       PortBeingUsed
 0002:0004737D       PTTLockout
 0002:0004737E       tPTTViaCommand
 0002:00047380       tr4w_PTTStartTime
 0002:00047384       tElapsedTimeFromLastQSO
 0002:00047388       Radio1SerialInvert
 0002:00047389       Radio2SerialInvert
 0002:0004738A       RelayControlPort
 0002:0004738B       SerialInvert
 0002:0004738C       StereoPinState
 0002:0004738D       SwapPaddles
 0002:0004738E       SwapRadioRelaySense
 0002:0004738F       TuneWithDits
 0002:00047390       ActiveBeep
 0002:00047391       DoingPaddle
 0002:00047392       tDoingFootSwitchEnable
 0002:00047394       CWBufferStart
 0002:00047398       CWBufferEnd
 0002:0004739C       tWaitForNextChar
 0002:000473A0       .2
 0002:000473A4       CWBuffer
 0002:000473A8       CWBufferAvailable
 0002:000473AC       CWElementLength
 0002:000473B0       DoingDVK
 0002:000473B4       PTTDelayCount
 0002:000473B8       SendingADah
 0002:000473BC       Icom_Filter_Width
 0002:000473C0       TimeoutBuffer
 0002:000473C4       IcomResponseTimeout
 0002:000473C8       newIcomResponseTimeoutAuto
 0002:000473CC       TwoRadioMode
 0002:000473D0       Radio1
 0002:00047984       Radio2
 0002:00047F38       RadioSupportsCWByCAT
 0002:00047F44       RadioSupportsCWSpeedSync
 0002:00047F50       IcomRadiosThatSupportRIT
 0002:00047F5C       IcomRadiosThatSupportVFOB
 0002:00047F68       ICOMRadios
 0002:00047F74       KenwoodRadios
 0002:00047F80       .3
 0002:00047F84       wkTune
 0002:00047F85       WK2
 0002:00047F88       wkSpeedUp
 0002:00047F8C       wkSpeedDown
 0002:00047F90       wkCWSpeed
 0002:00047F94       wkBUSY
 0002:00047F95       wkBREAKIN
 0002:00047F96       wkXOFF
 0002:00047F98       wkThreadID
 0002:00047F9C       wkBuffer
 0002:00047FA4       wkREADBuffer
 0002:00047FC8       wkThreadReadBuffer
 0002:00047FD8       wkInternalCWBuffer
 0002:000481D8       wkHostBufferIndex
 0002:000481DC       wkHostBufferSendIndex
 0002:000481E0       wkWaitingBytesInHost
 0002:000481E4       wkWaitingBytesInWK
 0002:000481E8       wklpCommTimeouts
 0002:000481FC       wkDCB
 0002:00048218       .1
 0002:0004821C       tBandMapCutoffFrequency
 0002:00048220       tBandMapPlaceHolder
 0002:00048230       tB4IndicatorPrevState
 0002:00048234       tNewMultIndicatorPrevState
 0002:00048238       tQSOsWithThisStationPrevState
 0002:0004823C       tCountryNamePrevState
 0002:00048240       tBeamHeadingPrevState
 0002:00048248       tLocalTimePrevState
 0002:0004824A       ActiveBand
 0002:0004824B       ActiveExchange
 0002:0004824C       ActiveInitialExchange
 0002:0004824D       ActiveQSOPointMethod
 0002:0004824E       ActiveRotatorPort
 0002:0004824F       ActiveRotatorType
 0002:00048250       ActiveWindow
 0002:00048251       ActiveZoneMult
 0002:00048252       AlarmSet
 0002:00048254       AlarmMinute
 0002:00048258       AlarmHour
 0002:0004825C       AltDBufferEnable
 0002:0004825D       AltDCQEnable
 0002:0004825E       AskForFrequencies
 0002:00048260       AutoSendCharacterCount
 0002:00048264       AutoSendEnable
 0002:00048268       AutoTimeIncrementQSOs
 0002:0004826C       AutoTimeQSOCount
 0002:0004826D       BandMapAllBands
 0002:0004826E       BandMapAllModes
 0002:0004826F       BandMapBand
 0002:00048270       BandMapMode
 0002:00048274       BandMapBlinkingCallRecord
 0002:00048278       BandMapCursorFrequency
 0002:0004827C       BandMapEnable
 0002:0004827D       BandMapMultsOnly
 0002:0004827E       BandMapSplitMode
 0002:0004827F       CallWindowPosition
 0002:00048280       CallWindowShowAllSpots
 0002:00048281       CommandUseInactiveRadio
 0002:00048284       ContinentString
 0002:0004829C       ContestName
 0002:000482F0       ContestTitle
 0002:000483F0       ContinentQSOCount
 0002:00048560       ControlBMemory
 0002:00048570       CountryString
 0002:00048588       CustomInitialExchangeString
 0002:000485B4       CustomUserString
 0002:000485DD       DigitalModeEnable
 0002:000485DE       DisplayedCodeSpeed
 0002:000485DF       DVKEnable
 0002:000485E0       DVKLocalizedMessagesEnable
 0002:000485E4       tFrequencyMemory
 0002:000485E8       FreqMemory
 0002:000486FC       GridSquareListShown
 0002:000486FD       HourDisplay
 0002:000486FE       tHandLogMode
 0002:000486FF       InactiveSwapRadio
 0002:00048700       IncrementTimeEnable
 0002:00048701       InitialExchangeCursorPos
 0002:00048704       K5KA
 0002:0004871C       LastCQFrequency
 0002:00048720       LastSPFrequency
 0002:00048724       LastCQMode
 0002:00048725       LastSPMode
 0002:00048726       LastDisplayedMode
 0002:00048728       LastHeadingShown
 0002:0004872C       LogSubTitle
 0002:00048758       MaxNumberOfZones
 0002:0004875C       MinutesSinceLastBMUpdate
 0002:00048760       MultiInfoMessage
 0002:00048778       MyCall
 0002:00048788       DEPlusMyCall
 0002:0004882C       MyCheck
 0002:00048837       MyContinent
 0002:00048838       MyCountry
 0002:00048850       MyZone
 0002:00048865       MyContinentIsSet
 0002:00048866       MyCountryIsSet
 0002:00048867       MyZoneIsSet
 0002:00048868       MyFDClass
 0002:00048874       MyFOCNumber
 0002:00048880       MyName
 0002:00048898       MyPostalCode
 0002:000488B0       MyPrec
 0002:000488BC       MySection
 0002:000488C8       MyState
 0002:000488DD       NoMultMarineMobile
 0002:000488E0       NumberBandQSOsThisMinute
 0002:000488E8       NumberContactsThisMinute
 0002:000488EC       NumberQSOPointsThisMinute
 0002:000488F0       NumberQTCBooksSent
 0002:000488F4       NumberQTCStations
 0002:000488F8       NumberReminderRecords
 0002:000488F9       NumberTotalScoreMessages
 0002:000488FC       OnDeckCall
 0002:0004890A       OpMode
 0002:0004890B       OpMode2
 0002:0004890C       QSYInactiveRadio
 0002:00048910       QTCDataArray
 0002:00048914       QTCsEnabled
 0002:00048915       QTCMinutes
 0002:00048918       Rate
 0002:0004891C       RateDisplay
 0002:00048920       RateMinuteArray
 0002:00048CE0       Reminders
 0002:00048CE4       SayHiEnable
 0002:00048CE5       SearchAndPounceMode
 0002:00048CE6       SendAltDSpotsToPacket
 0002:00048CE7       SingleRadioMode
 0002:00048CE8       SplitFreq
 0002:00048CEC       SpeedString
 0002:00048CF7       SprintQSYRule
 0002:00048CF8       SwapPacketSpotRadios
 0002:00048CF9       TenMinuteRule
 0002:00048CFC       TimeSpentByBand
 0002:00048D58       tThisHourBandChanges
 0002:00048D5C       tThisHourPreviousBand
 0002:00048D60       TotalThisHour
 0002:00048D64       TotalLastSixty
 0002:00048D68       TotalScoreMessages
 0002:00048F78       TwoRadioState
 0002:00048F79       TuneDupeCheckEnable
 0002:00048F7A       UnknownCountryFileEnable
 0002:00048F7C       UnknownCountryFileName
 0002:0004907C       UserInfoShown
 0002:0004907D       VHFBandsEnabled
 0002:0004907E       VisibleDupeSheetRemoved
 0002:00049080       WakeUpTimeOut
 0002:00049084       WakeUpCount
 0002:00049085       WARCBandsEnabled
 0002:00049088       TourDuration
 0002:0004908C       TotalNumberQTCsProcessed
 0002:00049090       .1
 0002:00049094       NumberMinutesProgramRunning
 0002:00049098       FirstDomesticCountryRecord
 0002:0004909C       tAddDomesticCountryString
 0002:000490AC       .1
 0002:000490B0       MRC
 0002:000490BC       MyCo
 0002:000490CC       ParserArray
 0002:00049154       ParsedRecord
 0002:000491F0       SSEx
 0002:00049204       AllCWMessagesChainable
 0002:00049205       AlwaysCallBlindCQ
 0002:00049206       AutoCallTerminate
 0002:00049207       AutoAltDEnable
 0002:00049208       AutoDisplayDupeQSO
 0002:00049209       AutoQSLCount
 0002:0004920C       AutoQSLInterval
 0002:00049210       AutoQSONumberDecrement
 0002:00049211       AutoSAPEnable
 0002:00049212       BeepEvery10QSOs
 0002:00049213       BeSilent
 0002:00049214       CallAlreadySent
 0002:00049218       CallWindowString
 0002:00049226       tCallWindowStringIsDupe
 0002:00049227       CallsignIsPastedFromBandMap
 0002:00049228       CallsignIsTypedByOperator
 0002:0004922C       CallsignICameBackTo
 0002:0004923A       CheckLogFileSize
 0002:0004923B       ColumnDupeSheetEnable
 0002:0004923C       ComputerID
 0002:00049240       CountryInformationFile
 0002:00049340       Debug
 0002:00049342       DefaultRST
 0002:00049344       DualingCQState
 0002:00049348       DupeInfoCall
 0002:00049358       EscapeDeletedCallEntry
 0002:00049366       ExchangeHasBeenSent
 0002:00049368       ExchangeErrorMessage
 0002:0004936C       ExchangeWindowString
 0002:00049398       FirstHelloRecord
 0002:0004939C       FloppyFileSaveFrequency
 0002:000493A0       GridMapCenter
 0002:000493A8       InactiveRigCallingCQ
 0002:000493A9       InitialExchangePutUp
 0002:000493AA       InitialExchangeOverwrite
 0002:000493AB       IntercomFileenable
 0002:000493AC       KeyHistory
 0002:000493B4       KeypadCWMemories
 0002:000493B5       tLastLogEntryIsDeleted
 0002:000493B8       LastHelloRecord
 0002:000493BC       LeaveCursorInCallWindow
 0002:000493BD       LogWithSingleEnter
 0002:000493BE       LookForRSTSent
 0002:000493BF       MultiMultsOnly
 0002:000493C0       MyIOTA
 0002:000493D8       NameCallsignPutUp
 0002:000493E6       NoLog
 0002:000493E8       OldCWTone
 0002:000493EC       QSONumberByBand
 0002:000493ED       QuickQSL
 0002:000493EE       RandomCQMode
 0002:000493F0       ReceivedData
 0002:000494F0       SendCompleteFourLetterCall
 0002:000494F1       SeventyThreeMessageSent
 0002:000494F4       SCPMinimumLetters
 0002:000494F8       ShortIntegers
 0002:000494FC       ShowQSOStatusCall
 0002:0004950A       SkipActiveBand
 0002:0004950C       StationInformationCall
 0002:0004951A       TailEnding
 0002:0004951B       UpdateRestartFileEnable
 0002:0004951C       UDPBroadcastContact
 0002:0004951D       UDPBroadcastScore
 0002:0004951E       UDPBroadcastRadio
 0002:0004951F       UDPBroadcastRotor
 0002:00049520       UDPBroadcastAllQSOs
 0002:00049524       WindowDupeCheckCall
 0002:00049532       tPreviousDupeQSOsShowed
 0002:00049534       tPreviousDupeQSOsWndHandle
 0002:00049538       udp
 0002:0004953C       .1
 0002:00049540       .1
 0002:00049544       AltDEditWindowHandle
 0002:00049548       OldAltDEditProc
 0002:0004954C       .1
 0002:00049550       STString
 0002:0004955C       T1
 0002:00049560       debugstr
 0002:00049564       .1
 0002:00049568       .1
 0002:0004956C       InitialCommandsHWNDArray
 0002:000495B4       NewContestDisplayedCommands
 0002:000495B8       NewContestCheckBox
 0002:000495BC       NewContestDlgWndHandle
 0002:000495C0       NewContestListBoxHandle
 0002:000495C4       NewContestCommentWndHandle
 0002:000495C8       SelectedContest
 0002:000495CC       OldSelectContestListBoxProc
 0002:000495D0       .1
 0002:000495D4       .1
 0002:000495D8       .1
 0002:000495DC       .1
 0002:000495E0       .1
 0002:000495E4       TempColor
 0002:000495E8       TempTLogBrush
 0002:000495F4       TempString
 0002:000496F4       s
 0002:000496F8       tempStickyKey


Bound resource files

c:\program files (x86)\borland\delphi7\Lib\Buttons.res
c:\program files (x86)\borland\delphi7\Lib\ExtDlgs.res
c:\program files (x86)\borland\delphi7\Lib\Controls.res
res\tr4w_eng.res
tr4w.drf


Program entry point at 0001:000C6E44
